#
# There is insufficient memory for the Java Runtime Environment to continue.
# Native memory allocation (mmap) failed to map 29360128 bytes. Error detail: G1 virtual space
# Possible reasons:
#   The system is out of physical RAM or swap space
#   This process is running with CompressedOops enabled, and the Java Heap may be blocking the growth of the native heap
# Possible solutions:
#   Reduce memory load on the system
#   Increase physical memory or swap space
#   Check if swap backing store is full
#   Decrease Java heap size (-Xmx/-Xms)
#   Decrease number of Java threads
#   Decrease Java thread stack sizes (-Xss)
#   Set larger code cache with -XX:ReservedCodeCacheSize=
#   JVM is running with Unscaled Compressed Oops mode in which the Java heap is
#     placed in the first 4GB address space. The Java Heap base address is the
#     maximum limit for the native heap growth. Please use -XX:HeapBaseMinAddress
#     to set the Java Heap base and to place the Java Heap above 4GB virtual address.
# This output file may be truncated or incomplete.
#
#  Out of Memory Error (os_windows.cpp:3703), pid=14152, tid=14780
#
# JRE version: OpenJDK Runtime Environment Zulu23.30+13-CA (23.0.1+11) (build 23.0.1+11)
# Java VM: OpenJDK 64-Bit Server VM Zulu23.30+13-CA (23.0.1+11, mixed mode, sharing, tiered, compressed oops, compressed class ptrs, g1 gc, windows-amd64)
# No core dump will be written. Minidumps are not enabled by default on client versions of Windows
#

---------------  S U M M A R Y ------------

Command Line: -Dfile.encoding=UTF-8 --module-path=C:\Users\lenovo\Downloads\openjfx-23.0.1_windows-x64_bin-sdk\javafx-sdk-23.0.1\lib --add-modules=javafx.controls,javafx.fxml --module-path=C:\Users\lenovo\Documents\NetBeansProjects\JavaFXProject\build\classes;C:\Users\lenovo\Downloads\openjfx-23.0.1_windows-x64_bin-sdk\javafx-sdk-23.0.1\lib\javafx-swt.jar;C:\Users\lenovo\Downloads\openjfx-23.0.1_windows-x64_bin-sdk\javafx-sdk-23.0.1\lib\javafx.base.jar;C:\Users\lenovo\Downloads\openjfx-23.0.1_windows-x64_bin-sdk\javafx-sdk-23.0.1\lib\javafx.controls.jar;C:\Users\lenovo\Downloads\openjfx-23.0.1_windows-x64_bin-sdk\javafx-sdk-23.0.1\lib\javafx.fxml.jar;C:\Users\lenovo\Downloads\openjfx-23.0.1_windows-x64_bin-sdk\javafx-sdk-23.0.1\lib\javafx.graphics.jar;C:\Users\lenovo\Downloads\openjfx-23.0.1_windows-x64_bin-sdk\javafx-sdk-23.0.1\lib\javafx.media.jar;C:\Users\lenovo\Downloads\openjfx-23.0.1_windows-x64_bin-sdk\javafx-sdk-23.0.1\lib\javafx.swing.jar;C:\Users\lenovo\Downloads\openjfx-23.0.1_windows-x64_bin-sdk\javafx-sdk-23.0.1\lib\javafx.web.jar NewFXMain

Host: Intel(R) Core(TM) i3-10110U CPU @ 2.10GHz, 4 cores, 7G,  Windows 10 , 64 bit Build 19041 (10.0.19041.5072)
Time: Mon Dec  2 19:14:32 2024 Afr. centrale Ouest elapsed time: 20.374428 seconds (0d 0h 0m 20s)

---------------  T H R E A D  ---------------

Current thread (0x000002b836b457c0):  VMThread "VM Thread"          [id=14780, stack(0x000000fcfda00000,0x000000fcfdb00000) (1024K)]

Stack: [0x000000fcfda00000,0x000000fcfdb00000]
Native frames: (J=compiled Java code, j=interpreted, Vv=VM code, C=native code)
V  [jvm.dll+0x6ef889]  (no source info available)
V  [jvm.dll+0x8e04e3]  (no source info available)
V  [jvm.dll+0x8e27ae]  (no source info available)
V  [jvm.dll+0x8e2e93]  (no source info available)
V  [jvm.dll+0x285b86]  (no source info available)
V  [jvm.dll+0x6ec0e5]  (no source info available)
V  [jvm.dll+0x6dfdea]  (no source info available)
V  [jvm.dll+0x367d9a]  (no source info available)
V  [jvm.dll+0x3701d6]  (no source info available)
V  [jvm.dll+0x35c73e]  (no source info available)
V  [jvm.dll+0x35c9d8]  (no source info available)
V  [jvm.dll+0x334a7c]  (no source info available)
V  [jvm.dll+0x337489]  (no source info available)
V  [jvm.dll+0x34241a]  (no source info available)
V  [jvm.dll+0x37ed65]  (no source info available)
V  [jvm.dll+0x8e8f18]  (no source info available)
V  [jvm.dll+0x8ea227]  (no source info available)
V  [jvm.dll+0x8ea758]  (no source info available)
V  [jvm.dll+0x8ea9f3]  (no source info available)
V  [jvm.dll+0x886708]  (no source info available)
V  [jvm.dll+0x6ee0a5]  (no source info available)
C  [ucrtbase.dll+0x21bb2]  (no source info available)
C  [KERNEL32.DLL+0x17374]  (no source info available)
C  [ntdll.dll+0x4cc91]  (no source info available)

VM_Operation (0x000000fcfd5ff410): G1PauseRemark, mode: safepoint, requested by thread 0x000002b81951ae80


---------------  P R O C E S S  ---------------

Threads class SMR info:
_java_thread_list=0x000002b87d494960, length=18, elements={
0x000002b8172722e0, 0x000002b836b5eb00, 0x000002b836b5fa20, 0x000002b836b62a80,
0x000002b836b654f0, 0x000002b836b65f50, 0x000002b836b669b0, 0x000002b836b67740,
0x000002b836b72210, 0x000002b836c6ae60, 0x000002b87c40b350, 0x000002b87d3ebec0,
0x000002b87d332d30, 0x000002b87d335720, 0x000002b87d032ad0, 0x000002b87c8bd100,
0x000002b87cdc1110, 0x000002b87c89e660
}

Java Threads: ( => current thread )
  0x000002b8172722e0 JavaThread "main"                              [_thread_blocked, id=2948, stack(0x000000fcfd300000,0x000000fcfd400000) (1024K)]
  0x000002b836b5eb00 JavaThread "Reference Handler"          daemon [_thread_blocked, id=10396, stack(0x000000fcfdb00000,0x000000fcfdc00000) (1024K)]
  0x000002b836b5fa20 JavaThread "Finalizer"                  daemon [_thread_blocked, id=932, stack(0x000000fcfdc00000,0x000000fcfdd00000) (1024K)]
  0x000002b836b62a80 JavaThread "Signal Dispatcher"          daemon [_thread_blocked, id=7808, stack(0x000000fcfdd00000,0x000000fcfde00000) (1024K)]
  0x000002b836b654f0 JavaThread "Attach Listener"            daemon [_thread_blocked, id=1384, stack(0x000000fcfde00000,0x000000fcfdf00000) (1024K)]
  0x000002b836b65f50 JavaThread "Service Thread"             daemon [_thread_blocked, id=1696, stack(0x000000fcfdf00000,0x000000fcfe000000) (1024K)]
  0x000002b836b669b0 JavaThread "Monitor Deflation Thread"   daemon [_thread_blocked, id=9616, stack(0x000000fcfe000000,0x000000fcfe100000) (1024K)]
  0x000002b836b67740 JavaThread "C2 CompilerThread0"         daemon [_thread_blocked, id=2056, stack(0x000000fcfe100000,0x000000fcfe200000) (1024K)]
  0x000002b836b72210 JavaThread "C1 CompilerThread0"         daemon [_thread_blocked, id=352, stack(0x000000fcfe200000,0x000000fcfe300000) (1024K)]
  0x000002b836c6ae60 JavaThread "Common-Cleaner"             daemon [_thread_blocked, id=13636, stack(0x000000fcfe300000,0x000000fcfe400000) (1024K)]
  0x000002b87c40b350 JavaThread "Notification Thread"        daemon [_thread_blocked, id=10840, stack(0x000000fcfe500000,0x000000fcfe600000) (1024K)]
  0x000002b87d3ebec0 JavaThread "QuantumRenderer-0"          daemon [_thread_blocked, id=11240, stack(0x000000fcfe600000,0x000000fcfe700000) (1024K)]
  0x000002b87d332d30 JavaThread "InvokeLaterDispatcher"      daemon [_thread_blocked, id=8180, stack(0x000000fcfe700000,0x000000fcfe800000) (1024K)]
  0x000002b87d335720 JavaThread "JavaFX Application Thread"         [_thread_blocked, id=15248, stack(0x000000fcfe800000,0x000000fcfe900000) (1024K)]
  0x000002b87d032ad0 JavaThread "JavaFX-Launcher"                   [_thread_blocked, id=7792, stack(0x000000fcfed00000,0x000000fcfee00000) (1024K)]
  0x000002b87c8bd100 JavaThread "Thread-2"                   daemon [_thread_blocked, id=10216, stack(0x000000fcfec00000,0x000000fcfed00000) (1024K)]
  0x000002b87cdc1110 JavaThread "Prism Font Disposer"        daemon [_thread_blocked, id=11716, stack(0x000000fcff300000,0x000000fcff400000) (1024K)]
  0x000002b87c89e660 JavaThread "Cleaner-0"                  daemon [_thread_blocked, id=8376, stack(0x000000fcff400000,0x000000fcff500000) (1024K)]
Total: 18

Other Threads:
=>0x000002b836b457c0 VMThread "VM Thread"                           [id=14780, stack(0x000000fcfda00000,0x000000fcfdb00000) (1024K)]
  0x000002b836b32620 WatcherThread "VM Periodic Task Thread"        [id=4820, stack(0x000000fcfd900000,0x000000fcfda00000) (1024K)]
  0x000002b8195062c0 WorkerThread "GC Thread#0"                     [id=13928, stack(0x000000fcfd400000,0x000000fcfd500000) (1024K)]
  0x000002b87c980710 WorkerThread "GC Thread#1"                     [id=10160, stack(0x000000fcfee00000,0x000000fcfef00000) (1024K)]
  0x000002b87c980ac0 WorkerThread "GC Thread#2"                     [id=7372, stack(0x000000fcfef00000,0x000000fcff000000) (1024K)]
  0x000002b87c980e70 WorkerThread "GC Thread#3"                     [id=8156, stack(0x000000fcff000000,0x000000fcff100000) (1024K)]
  0x000002b81951ae80 ConcurrentGCThread "G1 Main Marker"            [id=5672, stack(0x000000fcfd500000,0x000000fcfd600000) (1024K)]
  0x000002b81951c130 WorkerThread "G1 Conc#0"                       [id=3024, stack(0x000000fcfd600000,0x000000fcfd700000) (1024K)]
  0x000002b836a015e0 ConcurrentGCThread "G1 Refine#0"               [id=11324, stack(0x000000fcfd700000,0x000000fcfd800000) (1024K)]
  0x000002b836a01f70 ConcurrentGCThread "G1 Service"                [id=13196, stack(0x000000fcfd800000,0x000000fcfd900000) (1024K)]
Total: 10

Threads with active compile tasks:
Total: 0

VM state: at safepoint (normal execution)

VM Mutex/Monitor currently owned by a thread:  ([mutex/lock_event])
[0x00007ff9d3434d70] Threads_lock - owner thread: 0x000002b836b457c0
[0x00007ff9d3434e70] Heap_lock - owner thread: 0x000002b81951ae80

Heap address: 0x0000000082800000, size: 2008 MB, Compressed Oops mode: 32-bit

CDS archive(s) mapped at: [0x000002b837000000-0x000002b837d80000-0x000002b837d80000), size 14155776, SharedBaseAddress: 0x000002b837000000, ArchiveRelocationMode: 1.
Compressed class space mapped at: 0x000002b838000000-0x000002b878000000, reserved size: 1073741824
Narrow klass base: 0x000002b837000000, Narrow klass shift: 0, Narrow klass range: 0x41000000

GC Precious Log:
 CardTable entry size: 512
 Card Set container configuration: InlinePtr #cards 5 size 8 Array Of Cards #cards 10 size 36 Howl #buckets 4 coarsen threshold 1843 Howl Bitmap #cards 512 size 80 coarsen threshold 460 Card regions per heap region 1 cards per card region 2048
 CPUs: 4 total, 4 available
 Memory: 8027M
 Large Page Support: Disabled
 NUMA Support: Disabled
 Compressed Oops: Enabled (32-bit)
 Heap Region Size: 1M
 Heap Min Capacity: 8M
 Heap Initial Capacity: 126M
 Heap Max Capacity: 2008M
 Pre-touch: Disabled
 Parallel Workers: 4
 Concurrent Workers: 1
 Concurrent Refinement Workers: 4
 Periodic GC: Disabled

Heap:
 garbage-first heap   total reserved 2056192K, committed 287744K, used 188850K [0x0000000082800000, 0x0000000100000000)
  region size 1024K, 5 young (5120K), 4 survivors (4096K)
 Metaspace       used 15507K, committed 15872K, reserved 1114112K
  class space    used 2467K, committed 2624K, reserved 1048576K

Heap Regions: E=young(eden), S=young(survivor), O=old, HS=humongous(starts), HC=humongous(continues), CS=collection set, F=free, TAMS=top-at-mark-start, PB=parsable bottom
|   0|0x0000000082800000, 0x0000000082900000, 0x0000000082900000|100%| O|  |TAMS 0x0000000082900000| PB 0x0000000082900000| Untracked |  0
|   1|0x0000000082900000, 0x0000000082a00000, 0x0000000082a00000|100%| O|  |TAMS 0x0000000082a00000| PB 0x0000000082a00000| Untracked |  0
|   2|0x0000000082a00000, 0x0000000082b00000, 0x0000000082b00000|100%|HS|  |TAMS 0x0000000082b00000| PB 0x0000000082a00000| Complete |  0
|   3|0x0000000082b00000, 0x0000000082c00000, 0x0000000082c00000|100%|HC|  |TAMS 0x0000000082c00000| PB 0x0000000082b00000| Complete |  0
|   4|0x0000000082c00000, 0x0000000082d00000, 0x0000000082d00000|100%|HC|  |TAMS 0x0000000082d00000| PB 0x0000000082c00000| Complete |  0
|   5|0x0000000082d00000, 0x0000000082e00000, 0x0000000082e00000|100%|HC|  |TAMS 0x0000000082e00000| PB 0x0000000082d00000| Complete |  0
|   6|0x0000000082e00000, 0x0000000082f00000, 0x0000000082f00000|100%|HC|  |TAMS 0x0000000082f00000| PB 0x0000000082e00000| Complete |  0
|   7|0x0000000082f00000, 0x0000000083000000, 0x0000000083000000|100%|HC|  |TAMS 0x0000000083000000| PB 0x0000000082f00000| Complete |  0
|   8|0x0000000083000000, 0x0000000083100000, 0x0000000083100000|100%| O|  |TAMS 0x0000000083100000| PB 0x0000000083100000| Untracked |  0
|   9|0x0000000083100000, 0x0000000083200000, 0x0000000083200000|100%| O|  |TAMS 0x000000008319fc98| PB 0x000000008319fc98| Untracked |  0
|  10|0x0000000083200000, 0x000000008326c990, 0x0000000083300000| 42%| O|  |TAMS 0x0000000083200000| PB 0x0000000083200000| Untracked |  0
|  11|0x0000000083300000, 0x0000000083400000, 0x0000000083400000|100%|HS|  |TAMS 0x0000000083300000| PB 0x0000000083300000| Complete |  0
|  12|0x0000000083400000, 0x0000000083500000, 0x0000000083500000|100%|HC|  |TAMS 0x0000000083400000| PB 0x0000000083400000| Complete |  0
|  13|0x0000000083500000, 0x0000000083500000, 0x0000000083600000|  0%| F|  |TAMS 0x0000000083500000| PB 0x0000000083500000| Untracked |  0
|  14|0x0000000083600000, 0x0000000083600000, 0x0000000083700000|  0%| F|  |TAMS 0x0000000083600000| PB 0x0000000083600000| Untracked |  0
|  15|0x0000000083700000, 0x0000000083700000, 0x0000000083800000|  0%| F|  |TAMS 0x0000000083700000| PB 0x0000000083700000| Untracked |  0
|  16|0x0000000083800000, 0x0000000083800000, 0x0000000083900000|  0%| F|  |TAMS 0x0000000083800000| PB 0x0000000083800000| Untracked |  0
|  17|0x0000000083900000, 0x0000000083900000, 0x0000000083a00000|  0%| F|  |TAMS 0x0000000083900000| PB 0x0000000083900000| Untracked |  0
|  18|0x0000000083a00000, 0x0000000083a00000, 0x0000000083b00000|  0%| F|  |TAMS 0x0000000083a00000| PB 0x0000000083a00000| Untracked |  0
|  19|0x0000000083b00000, 0x0000000083b00000, 0x0000000083c00000|  0%| F|  |TAMS 0x0000000083b00000| PB 0x0000000083b00000| Untracked |  0
|  20|0x0000000083c00000, 0x0000000083c00000, 0x0000000083d00000|  0%| F|  |TAMS 0x0000000083c00000| PB 0x0000000083c00000| Untracked |  0
|  21|0x0000000083d00000, 0x0000000083d00000, 0x0000000083e00000|  0%| F|  |TAMS 0x0000000083d00000| PB 0x0000000083d00000| Untracked |  0
|  22|0x0000000083e00000, 0x0000000083e00000, 0x0000000083f00000|  0%| F|  |TAMS 0x0000000083e00000| PB 0x0000000083e00000| Untracked |  0
|  23|0x0000000083f00000, 0x0000000083f00000, 0x0000000084000000|  0%| F|  |TAMS 0x0000000083f00000| PB 0x0000000083f00000| Untracked |  0
|  24|0x0000000084000000, 0x0000000084000000, 0x0000000084100000|  0%| F|  |TAMS 0x0000000084000000| PB 0x0000000084000000| Untracked |  0
|  25|0x0000000084100000, 0x0000000084100000, 0x0000000084200000|  0%| F|  |TAMS 0x0000000084100000| PB 0x0000000084100000| Untracked |  0
|  26|0x0000000084200000, 0x0000000084200000, 0x0000000084300000|  0%| F|  |TAMS 0x0000000084200000| PB 0x0000000084200000| Untracked |  0
|  27|0x0000000084300000, 0x0000000084300000, 0x0000000084400000|  0%| F|  |TAMS 0x0000000084300000| PB 0x0000000084300000| Untracked |  0
|  28|0x0000000084400000, 0x0000000084400000, 0x0000000084500000|  0%| F|  |TAMS 0x0000000084400000| PB 0x0000000084400000| Untracked |  0
|  29|0x0000000084500000, 0x0000000084500000, 0x0000000084600000|  0%| F|  |TAMS 0x0000000084500000| PB 0x0000000084500000| Untracked |  0
|  30|0x0000000084600000, 0x0000000084600000, 0x0000000084700000|  0%| F|  |TAMS 0x0000000084600000| PB 0x0000000084600000| Untracked |  0
|  31|0x0000000084700000, 0x0000000084700000, 0x0000000084800000|  0%| F|  |TAMS 0x0000000084700000| PB 0x0000000084700000| Untracked |  0
|  32|0x0000000084800000, 0x0000000084800000, 0x0000000084900000|  0%| F|  |TAMS 0x0000000084800000| PB 0x0000000084800000| Untracked |  0
|  33|0x0000000084900000, 0x0000000084900000, 0x0000000084a00000|  0%| F|  |TAMS 0x0000000084900000| PB 0x0000000084900000| Untracked |  0
|  34|0x0000000084a00000, 0x0000000084a00000, 0x0000000084b00000|  0%| F|  |TAMS 0x0000000084a00000| PB 0x0000000084a00000| Untracked |  0
|  35|0x0000000084b00000, 0x0000000084b00000, 0x0000000084c00000|  0%| F|  |TAMS 0x0000000084b00000| PB 0x0000000084b00000| Untracked |  0
|  36|0x0000000084c00000, 0x0000000084c00000, 0x0000000084d00000|  0%| F|  |TAMS 0x0000000084c00000| PB 0x0000000084c00000| Untracked |  0
|  37|0x0000000084d00000, 0x0000000084d00000, 0x0000000084e00000|  0%| F|  |TAMS 0x0000000084d00000| PB 0x0000000084d00000| Untracked |  0
|  38|0x0000000084e00000, 0x0000000084e00000, 0x0000000084f00000|  0%| F|  |TAMS 0x0000000084e00000| PB 0x0000000084e00000| Untracked |  0
|  39|0x0000000084f00000, 0x0000000084f00000, 0x0000000085000000|  0%| F|  |TAMS 0x0000000084f00000| PB 0x0000000084f00000| Untracked |  0
|  40|0x0000000085000000, 0x0000000085000000, 0x0000000085100000|  0%| F|  |TAMS 0x0000000085000000| PB 0x0000000085000000| Untracked |  0
|  41|0x0000000085100000, 0x0000000085100000, 0x0000000085200000|  0%| F|  |TAMS 0x0000000085100000| PB 0x0000000085100000| Untracked |  0
|  42|0x0000000085200000, 0x0000000085200000, 0x0000000085300000|  0%| F|  |TAMS 0x0000000085200000| PB 0x0000000085200000| Untracked |  0
|  43|0x0000000085300000, 0x0000000085300000, 0x0000000085400000|  0%| F|  |TAMS 0x0000000085300000| PB 0x0000000085300000| Untracked |  0
|  44|0x0000000085400000, 0x0000000085400000, 0x0000000085500000|  0%| F|  |TAMS 0x0000000085400000| PB 0x0000000085400000| Untracked |  0
|  45|0x0000000085500000, 0x0000000085500000, 0x0000000085600000|  0%| F|  |TAMS 0x0000000085500000| PB 0x0000000085500000| Untracked |  0
|  46|0x0000000085600000, 0x0000000085600000, 0x0000000085700000|  0%| F|  |TAMS 0x0000000085600000| PB 0x0000000085600000| Untracked |  0
|  47|0x0000000085700000, 0x0000000085700000, 0x0000000085800000|  0%| F|  |TAMS 0x0000000085700000| PB 0x0000000085700000| Untracked |  0
|  48|0x0000000085800000, 0x0000000085800000, 0x0000000085900000|  0%| F|  |TAMS 0x0000000085800000| PB 0x0000000085800000| Untracked |  0
|  49|0x0000000085900000, 0x0000000085900000, 0x0000000085a00000|  0%| F|  |TAMS 0x0000000085900000| PB 0x0000000085900000| Untracked |  0
|  50|0x0000000085a00000, 0x0000000085a00000, 0x0000000085b00000|  0%| F|  |TAMS 0x0000000085a00000| PB 0x0000000085a00000| Untracked |  0
|  51|0x0000000085b00000, 0x0000000085b00000, 0x0000000085c00000|  0%| F|  |TAMS 0x0000000085b00000| PB 0x0000000085b00000| Untracked |  0
|  52|0x0000000085c00000, 0x0000000085c00000, 0x0000000085d00000|  0%| F|  |TAMS 0x0000000085c00000| PB 0x0000000085c00000| Untracked |  0
|  53|0x0000000085d00000, 0x0000000085d00000, 0x0000000085e00000|  0%| F|  |TAMS 0x0000000085d00000| PB 0x0000000085d00000| Untracked |  0
|  54|0x0000000085e00000, 0x0000000085e00000, 0x0000000085f00000|  0%| F|  |TAMS 0x0000000085e00000| PB 0x0000000085e00000| Untracked |  0
|  55|0x0000000085f00000, 0x0000000085f00000, 0x0000000086000000|  0%| F|  |TAMS 0x0000000085f00000| PB 0x0000000085f00000| Untracked |  0
|  56|0x0000000086000000, 0x0000000086000000, 0x0000000086100000|  0%| F|  |TAMS 0x0000000086000000| PB 0x0000000086000000| Untracked |  0
|  57|0x0000000086100000, 0x0000000086100000, 0x0000000086200000|  0%| F|  |TAMS 0x0000000086100000| PB 0x0000000086100000| Untracked |  0
|  58|0x0000000086200000, 0x0000000086200000, 0x0000000086300000|  0%| F|  |TAMS 0x0000000086200000| PB 0x0000000086200000| Untracked |  0
|  59|0x0000000086300000, 0x0000000086300000, 0x0000000086400000|  0%| F|  |TAMS 0x0000000086300000| PB 0x0000000086300000| Untracked |  0
|  60|0x0000000086400000, 0x0000000086400000, 0x0000000086500000|  0%| F|  |TAMS 0x0000000086400000| PB 0x0000000086400000| Untracked |  0
|  61|0x0000000086500000, 0x0000000086500000, 0x0000000086600000|  0%| F|  |TAMS 0x0000000086500000| PB 0x0000000086500000| Untracked |  0
|  62|0x0000000086600000, 0x0000000086600000, 0x0000000086700000|  0%| F|  |TAMS 0x0000000086600000| PB 0x0000000086600000| Untracked |  0
|  63|0x0000000086700000, 0x0000000086700000, 0x0000000086800000|  0%| F|  |TAMS 0x0000000086700000| PB 0x0000000086700000| Untracked |  0
|  64|0x0000000086800000, 0x0000000086800000, 0x0000000086900000|  0%| F|  |TAMS 0x0000000086800000| PB 0x0000000086800000| Untracked |  0
|  65|0x0000000086900000, 0x0000000086900000, 0x0000000086a00000|  0%| F|  |TAMS 0x0000000086900000| PB 0x0000000086900000| Untracked |  0
|  66|0x0000000086a00000, 0x0000000086a00000, 0x0000000086b00000|  0%| F|  |TAMS 0x0000000086a00000| PB 0x0000000086a00000| Untracked |  0
|  67|0x0000000086b00000, 0x0000000086b00000, 0x0000000086c00000|  0%| F|  |TAMS 0x0000000086b00000| PB 0x0000000086b00000| Untracked |  0
|  68|0x0000000086c00000, 0x0000000086c00000, 0x0000000086d00000|  0%| F|  |TAMS 0x0000000086c00000| PB 0x0000000086c00000| Untracked |  0
|  69|0x0000000086d00000, 0x0000000086d00000, 0x0000000086e00000|  0%| F|  |TAMS 0x0000000086d00000| PB 0x0000000086d00000| Untracked |  0
|  70|0x0000000086e00000, 0x0000000086e00000, 0x0000000086f00000|  0%| F|  |TAMS 0x0000000086e00000| PB 0x0000000086e00000| Untracked |  0
|  71|0x0000000086f00000, 0x0000000086f00000, 0x0000000087000000|  0%| F|  |TAMS 0x0000000086f00000| PB 0x0000000086f00000| Untracked |  0
|  72|0x0000000087000000, 0x0000000087000000, 0x0000000087100000|  0%| F|  |TAMS 0x0000000087000000| PB 0x0000000087000000| Untracked |  0
|  73|0x0000000087100000, 0x0000000087100000, 0x0000000087200000|  0%| F|  |TAMS 0x0000000087100000| PB 0x0000000087100000| Untracked |  0
|  74|0x0000000087200000, 0x0000000087200000, 0x0000000087300000|  0%| F|  |TAMS 0x0000000087200000| PB 0x0000000087200000| Untracked |  0
|  75|0x0000000087300000, 0x0000000087300000, 0x0000000087400000|  0%| F|  |TAMS 0x0000000087300000| PB 0x0000000087300000| Untracked |  0
|  76|0x0000000087400000, 0x0000000087400000, 0x0000000087500000|  0%| F|  |TAMS 0x0000000087400000| PB 0x0000000087400000| Untracked |  0
|  77|0x0000000087500000, 0x0000000087500000, 0x0000000087600000|  0%| F|  |TAMS 0x0000000087500000| PB 0x0000000087500000| Untracked |  0
|  78|0x0000000087600000, 0x0000000087600000, 0x0000000087700000|  0%| F|  |TAMS 0x0000000087600000| PB 0x0000000087600000| Untracked |  0
|  79|0x0000000087700000, 0x0000000087700000, 0x0000000087800000|  0%| F|  |TAMS 0x0000000087700000| PB 0x0000000087700000| Untracked |  0
|  80|0x0000000087800000, 0x0000000087800000, 0x0000000087900000|  0%| F|  |TAMS 0x0000000087800000| PB 0x0000000087800000| Untracked |  0
|  81|0x0000000087900000, 0x0000000087900000, 0x0000000087a00000|  0%| F|  |TAMS 0x0000000087900000| PB 0x0000000087900000| Untracked |  0
|  82|0x0000000087a00000, 0x0000000087a00000, 0x0000000087b00000|  0%| F|  |TAMS 0x0000000087a00000| PB 0x0000000087a00000| Untracked |  0
|  83|0x0000000087b00000, 0x0000000087b00000, 0x0000000087c00000|  0%| F|  |TAMS 0x0000000087b00000| PB 0x0000000087b00000| Untracked |  0
|  84|0x0000000087c00000, 0x0000000087c00000, 0x0000000087d00000|  0%| F|  |TAMS 0x0000000087c00000| PB 0x0000000087c00000| Untracked |  0
|  85|0x0000000087d00000, 0x0000000087d00000, 0x0000000087e00000|  0%| F|  |TAMS 0x0000000087d00000| PB 0x0000000087d00000| Untracked |  0
|  86|0x0000000087e00000, 0x0000000087e00000, 0x0000000087f00000|  0%| F|  |TAMS 0x0000000087e00000| PB 0x0000000087e00000| Untracked |  0
|  87|0x0000000087f00000, 0x0000000087f00000, 0x0000000088000000|  0%| F|  |TAMS 0x0000000087f00000| PB 0x0000000087f00000| Untracked |  0
|  88|0x0000000088000000, 0x0000000088000000, 0x0000000088100000|  0%| F|  |TAMS 0x0000000088000000| PB 0x0000000088000000| Untracked |  0
|  89|0x0000000088100000, 0x0000000088100000, 0x0000000088200000|  0%| F|  |TAMS 0x0000000088100000| PB 0x0000000088100000| Untracked |  0
|  90|0x0000000088200000, 0x0000000088200000, 0x0000000088300000|  0%| F|  |TAMS 0x0000000088200000| PB 0x0000000088200000| Untracked |  0
|  91|0x0000000088300000, 0x0000000088300000, 0x0000000088400000|  0%| F|  |TAMS 0x0000000088300000| PB 0x0000000088300000| Untracked |  0
|  92|0x0000000088400000, 0x0000000088400000, 0x0000000088500000|  0%| F|  |TAMS 0x0000000088400000| PB 0x0000000088400000| Untracked |  0
|  93|0x0000000088500000, 0x0000000088500000, 0x0000000088600000|  0%| F|  |TAMS 0x0000000088500000| PB 0x0000000088500000| Untracked |  0
|  94|0x0000000088600000, 0x0000000088600000, 0x0000000088700000|  0%| F|  |TAMS 0x0000000088600000| PB 0x0000000088600000| Untracked |  0
|  95|0x0000000088700000, 0x0000000088700000, 0x0000000088800000|  0%| F|  |TAMS 0x0000000088700000| PB 0x0000000088700000| Untracked |  0
|  96|0x0000000088800000, 0x0000000088800000, 0x0000000088900000|  0%| F|  |TAMS 0x0000000088800000| PB 0x0000000088800000| Untracked |  0
|  97|0x0000000088900000, 0x0000000088a00000, 0x0000000088a00000|100%| S|CS|TAMS 0x0000000088900000| PB 0x0000000088900000| Complete |  0
|  98|0x0000000088a00000, 0x0000000088b00000, 0x0000000088b00000|100%| S|CS|TAMS 0x0000000088a00000| PB 0x0000000088a00000| Complete |  0
|  99|0x0000000088b00000, 0x0000000088c00000, 0x0000000088c00000|100%| S|CS|TAMS 0x0000000088b00000| PB 0x0000000088b00000| Complete |  0
| 100|0x0000000088c00000, 0x0000000088d00000, 0x0000000088d00000|100%| S|CS|TAMS 0x0000000088c00000| PB 0x0000000088c00000| Complete |  0
| 101|0x0000000088d00000, 0x0000000088d00000, 0x0000000088e00000|  0%| F|  |TAMS 0x0000000088d00000| PB 0x0000000088d00000| Untracked |  0
| 102|0x0000000088e00000, 0x0000000088e00000, 0x0000000088f00000|  0%| F|  |TAMS 0x0000000088e00000| PB 0x0000000088e00000| Untracked |  0
| 103|0x0000000088f00000, 0x0000000088f00000, 0x0000000089000000|  0%| F|  |TAMS 0x0000000088f00000| PB 0x0000000088f00000| Untracked |  0
| 104|0x0000000089000000, 0x0000000089000000, 0x0000000089100000|  0%| F|  |TAMS 0x0000000089000000| PB 0x0000000089000000| Untracked |  0
| 105|0x0000000089100000, 0x0000000089100000, 0x0000000089200000|  0%| F|  |TAMS 0x0000000089100000| PB 0x0000000089100000| Untracked |  0
| 106|0x0000000089200000, 0x0000000089200000, 0x0000000089300000|  0%| F|  |TAMS 0x0000000089200000| PB 0x0000000089200000| Untracked |  0
| 107|0x0000000089300000, 0x0000000089300000, 0x0000000089400000|  0%| F|  |TAMS 0x0000000089300000| PB 0x0000000089300000| Untracked |  0
| 108|0x0000000089400000, 0x0000000089400000, 0x0000000089500000|  0%| F|  |TAMS 0x0000000089400000| PB 0x0000000089400000| Untracked |  0
| 109|0x0000000089500000, 0x0000000089500000, 0x0000000089600000|  0%| F|  |TAMS 0x0000000089500000| PB 0x0000000089500000| Untracked |  0
| 110|0x0000000089600000, 0x0000000089600000, 0x0000000089700000|  0%| F|  |TAMS 0x0000000089600000| PB 0x0000000089600000| Untracked |  0
| 111|0x0000000089700000, 0x0000000089700000, 0x0000000089800000|  0%| F|  |TAMS 0x0000000089700000| PB 0x0000000089700000| Untracked |  0
| 112|0x0000000089800000, 0x00000000898779e0, 0x0000000089900000| 46%| E|  |TAMS 0x0000000089800000| PB 0x0000000089800000| Complete |  0
| 113|0x0000000089900000, 0x0000000089a00000, 0x0000000089a00000|100%|HS|  |TAMS 0x0000000089a00000| PB 0x0000000089900000| Complete |  0
| 114|0x0000000089a00000, 0x0000000089b00000, 0x0000000089b00000|100%|HC|  |TAMS 0x0000000089b00000| PB 0x0000000089a00000| Complete |  0
| 115|0x0000000089b00000, 0x0000000089c00000, 0x0000000089c00000|100%|HC|  |TAMS 0x0000000089c00000| PB 0x0000000089b00000| Complete |  0
| 116|0x0000000089c00000, 0x0000000089d00000, 0x0000000089d00000|100%|HC|  |TAMS 0x0000000089d00000| PB 0x0000000089c00000| Complete |  0
| 117|0x0000000089d00000, 0x0000000089e00000, 0x0000000089e00000|100%|HC|  |TAMS 0x0000000089e00000| PB 0x0000000089d00000| Complete |  0
| 118|0x0000000089e00000, 0x0000000089f00000, 0x0000000089f00000|100%|HC|  |TAMS 0x0000000089f00000| PB 0x0000000089e00000| Complete |  0
| 119|0x0000000089f00000, 0x000000008a000000, 0x000000008a000000|100%|HC|  |TAMS 0x000000008a000000| PB 0x0000000089f00000| Complete |  0
| 120|0x000000008a000000, 0x000000008a100000, 0x000000008a100000|100%|HC|  |TAMS 0x000000008a100000| PB 0x000000008a000000| Complete |  0
| 121|0x000000008a100000, 0x000000008a200000, 0x000000008a200000|100%|HC|  |TAMS 0x000000008a200000| PB 0x000000008a100000| Complete |  0
| 122|0x000000008a200000, 0x000000008a300000, 0x000000008a300000|100%|HC|  |TAMS 0x000000008a300000| PB 0x000000008a200000| Complete |  0
| 123|0x000000008a300000, 0x000000008a400000, 0x000000008a400000|100%|HC|  |TAMS 0x000000008a400000| PB 0x000000008a300000| Complete |  0
| 124|0x000000008a400000, 0x000000008a500000, 0x000000008a500000|100%|HC|  |TAMS 0x000000008a500000| PB 0x000000008a400000| Complete |  0
| 125|0x000000008a500000, 0x000000008a600000, 0x000000008a600000|100%|HC|  |TAMS 0x000000008a600000| PB 0x000000008a500000| Complete |  0
| 126|0x000000008a600000, 0x000000008a700000, 0x000000008a700000|100%|HC|  |TAMS 0x000000008a700000| PB 0x000000008a600000| Complete |  0
| 127|0x000000008a700000, 0x000000008a800000, 0x000000008a800000|100%|HC|  |TAMS 0x000000008a800000| PB 0x000000008a700000| Complete |  0
| 128|0x000000008a800000, 0x000000008a900000, 0x000000008a900000|100%|HC|  |TAMS 0x000000008a900000| PB 0x000000008a800000| Complete |  0
| 129|0x000000008a900000, 0x000000008aa00000, 0x000000008aa00000|100%|HC|  |TAMS 0x000000008aa00000| PB 0x000000008a900000| Complete |  0
| 130|0x000000008aa00000, 0x000000008ab00000, 0x000000008ab00000|100%|HC|  |TAMS 0x000000008ab00000| PB 0x000000008aa00000| Complete |  0
| 131|0x000000008ab00000, 0x000000008ac00000, 0x000000008ac00000|100%|HC|  |TAMS 0x000000008ac00000| PB 0x000000008ab00000| Complete |  0
| 132|0x000000008ac00000, 0x000000008ad00000, 0x000000008ad00000|100%|HC|  |TAMS 0x000000008ad00000| PB 0x000000008ac00000| Complete |  0
| 133|0x000000008ad00000, 0x000000008ae00000, 0x000000008ae00000|100%|HC|  |TAMS 0x000000008ae00000| PB 0x000000008ad00000| Complete |  0
| 134|0x000000008ae00000, 0x000000008af00000, 0x000000008af00000|100%|HC|  |TAMS 0x000000008af00000| PB 0x000000008ae00000| Complete |  0
| 135|0x000000008af00000, 0x000000008b000000, 0x000000008b000000|100%|HC|  |TAMS 0x000000008b000000| PB 0x000000008af00000| Complete |  0
| 136|0x000000008b000000, 0x000000008b100000, 0x000000008b100000|100%|HC|  |TAMS 0x000000008b100000| PB 0x000000008b000000| Complete |  0
| 137|0x000000008b100000, 0x000000008b200000, 0x000000008b200000|100%|HC|  |TAMS 0x000000008b200000| PB 0x000000008b100000| Complete |  0
| 138|0x000000008b200000, 0x000000008b300000, 0x000000008b300000|100%|HC|  |TAMS 0x000000008b300000| PB 0x000000008b200000| Complete |  0
| 139|0x000000008b300000, 0x000000008b400000, 0x000000008b400000|100%|HC|  |TAMS 0x000000008b400000| PB 0x000000008b300000| Complete |  0
| 140|0x000000008b400000, 0x000000008b500000, 0x000000008b500000|100%|HC|  |TAMS 0x000000008b500000| PB 0x000000008b400000| Complete |  0
| 141|0x000000008b500000, 0x000000008b600000, 0x000000008b600000|100%|HC|  |TAMS 0x000000008b600000| PB 0x000000008b500000| Complete |  0
| 142|0x000000008b600000, 0x000000008b700000, 0x000000008b700000|100%|HC|  |TAMS 0x000000008b700000| PB 0x000000008b600000| Complete |  0
| 143|0x000000008b700000, 0x000000008b800000, 0x000000008b800000|100%|HC|  |TAMS 0x000000008b800000| PB 0x000000008b700000| Complete |  0
| 144|0x000000008b800000, 0x000000008b900000, 0x000000008b900000|100%|HC|  |TAMS 0x000000008b900000| PB 0x000000008b800000| Complete |  0
| 145|0x000000008b900000, 0x000000008ba00000, 0x000000008ba00000|100%|HC|  |TAMS 0x000000008ba00000| PB 0x000000008b900000| Complete |  0
| 146|0x000000008ba00000, 0x000000008bb00000, 0x000000008bb00000|100%|HC|  |TAMS 0x000000008bb00000| PB 0x000000008ba00000| Complete |  0
| 147|0x000000008bb00000, 0x000000008bc00000, 0x000000008bc00000|100%|HC|  |TAMS 0x000000008bc00000| PB 0x000000008bb00000| Complete |  0
| 148|0x000000008bc00000, 0x000000008bd00000, 0x000000008bd00000|100%|HC|  |TAMS 0x000000008bd00000| PB 0x000000008bc00000| Complete |  0
| 149|0x000000008bd00000, 0x000000008be00000, 0x000000008be00000|100%|HC|  |TAMS 0x000000008be00000| PB 0x000000008bd00000| Complete |  0
| 150|0x000000008be00000, 0x000000008bf00000, 0x000000008bf00000|100%|HC|  |TAMS 0x000000008bf00000| PB 0x000000008be00000| Complete |  0
| 151|0x000000008bf00000, 0x000000008c000000, 0x000000008c000000|100%|HC|  |TAMS 0x000000008c000000| PB 0x000000008bf00000| Complete |  0
| 152|0x000000008c000000, 0x000000008c100000, 0x000000008c100000|100%|HC|  |TAMS 0x000000008c100000| PB 0x000000008c000000| Complete |  0
| 153|0x000000008c100000, 0x000000008c200000, 0x000000008c200000|100%|HC|  |TAMS 0x000000008c200000| PB 0x000000008c100000| Complete |  0
| 154|0x000000008c200000, 0x000000008c300000, 0x000000008c300000|100%|HC|  |TAMS 0x000000008c300000| PB 0x000000008c200000| Complete |  0
| 155|0x000000008c300000, 0x000000008c400000, 0x000000008c400000|100%|HC|  |TAMS 0x000000008c400000| PB 0x000000008c300000| Complete |  0
| 156|0x000000008c400000, 0x000000008c500000, 0x000000008c500000|100%|HC|  |TAMS 0x000000008c500000| PB 0x000000008c400000| Complete |  0
| 157|0x000000008c500000, 0x000000008c600000, 0x000000008c600000|100%|HC|  |TAMS 0x000000008c600000| PB 0x000000008c500000| Complete |  0
| 158|0x000000008c600000, 0x000000008c700000, 0x000000008c700000|100%|HC|  |TAMS 0x000000008c700000| PB 0x000000008c600000| Complete |  0
| 159|0x000000008c700000, 0x000000008c800000, 0x000000008c800000|100%|HC|  |TAMS 0x000000008c800000| PB 0x000000008c700000| Complete |  0
| 160|0x000000008c800000, 0x000000008c900000, 0x000000008c900000|100%|HC|  |TAMS 0x000000008c900000| PB 0x000000008c800000| Complete |  0
| 161|0x000000008c900000, 0x000000008ca00000, 0x000000008ca00000|100%|HC|  |TAMS 0x000000008ca00000| PB 0x000000008c900000| Complete |  0
| 162|0x000000008ca00000, 0x000000008cb00000, 0x000000008cb00000|100%|HC|  |TAMS 0x000000008cb00000| PB 0x000000008ca00000| Complete |  0
| 163|0x000000008cb00000, 0x000000008cc00000, 0x000000008cc00000|100%|HC|  |TAMS 0x000000008cc00000| PB 0x000000008cb00000| Complete |  0
| 164|0x000000008cc00000, 0x000000008cd00000, 0x000000008cd00000|100%|HC|  |TAMS 0x000000008cd00000| PB 0x000000008cc00000| Complete |  0
| 165|0x000000008cd00000, 0x000000008ce00000, 0x000000008ce00000|100%|HC|  |TAMS 0x000000008ce00000| PB 0x000000008cd00000| Complete |  0
| 166|0x000000008ce00000, 0x000000008cf00000, 0x000000008cf00000|100%|HC|  |TAMS 0x000000008cf00000| PB 0x000000008ce00000| Complete |  0
| 167|0x000000008cf00000, 0x000000008d000000, 0x000000008d000000|100%|HC|  |TAMS 0x000000008d000000| PB 0x000000008cf00000| Complete |  0
| 168|0x000000008d000000, 0x000000008d100000, 0x000000008d100000|100%|HC|  |TAMS 0x000000008d100000| PB 0x000000008d000000| Complete |  0
| 169|0x000000008d100000, 0x000000008d200000, 0x000000008d200000|100%|HC|  |TAMS 0x000000008d200000| PB 0x000000008d100000| Complete |  0
| 170|0x000000008d200000, 0x000000008d300000, 0x000000008d300000|100%|HC|  |TAMS 0x000000008d300000| PB 0x000000008d200000| Complete |  0
| 171|0x000000008d300000, 0x000000008d400000, 0x000000008d400000|100%|HC|  |TAMS 0x000000008d400000| PB 0x000000008d300000| Complete |  0
| 172|0x000000008d400000, 0x000000008d500000, 0x000000008d500000|100%|HC|  |TAMS 0x000000008d500000| PB 0x000000008d400000| Complete |  0
| 173|0x000000008d500000, 0x000000008d600000, 0x000000008d600000|100%|HC|  |TAMS 0x000000008d600000| PB 0x000000008d500000| Complete |  0
| 174|0x000000008d600000, 0x000000008d700000, 0x000000008d700000|100%|HC|  |TAMS 0x000000008d700000| PB 0x000000008d600000| Complete |  0
| 175|0x000000008d700000, 0x000000008d800000, 0x000000008d800000|100%|HC|  |TAMS 0x000000008d800000| PB 0x000000008d700000| Complete |  0
| 176|0x000000008d800000, 0x000000008d900000, 0x000000008d900000|100%|HC|  |TAMS 0x000000008d900000| PB 0x000000008d800000| Complete |  0
| 177|0x000000008d900000, 0x000000008da00000, 0x000000008da00000|100%|HC|  |TAMS 0x000000008da00000| PB 0x000000008d900000| Complete |  0
| 178|0x000000008da00000, 0x000000008db00000, 0x000000008db00000|100%|HC|  |TAMS 0x000000008db00000| PB 0x000000008da00000| Complete |  0
| 179|0x000000008db00000, 0x000000008dc00000, 0x000000008dc00000|100%|HC|  |TAMS 0x000000008dc00000| PB 0x000000008db00000| Complete |  0
| 180|0x000000008dc00000, 0x000000008dd00000, 0x000000008dd00000|100%|HC|  |TAMS 0x000000008dd00000| PB 0x000000008dc00000| Complete |  0
| 181|0x000000008dd00000, 0x000000008de00000, 0x000000008de00000|100%|HC|  |TAMS 0x000000008de00000| PB 0x000000008dd00000| Complete |  0
| 182|0x000000008de00000, 0x000000008df00000, 0x000000008df00000|100%|HC|  |TAMS 0x000000008df00000| PB 0x000000008de00000| Complete |  0
| 183|0x000000008df00000, 0x000000008e000000, 0x000000008e000000|100%|HC|  |TAMS 0x000000008e000000| PB 0x000000008df00000| Complete |  0
| 184|0x000000008e000000, 0x000000008e100000, 0x000000008e100000|100%|HC|  |TAMS 0x000000008e100000| PB 0x000000008e000000| Complete |  0
| 185|0x000000008e100000, 0x000000008e200000, 0x000000008e200000|100%|HC|  |TAMS 0x000000008e200000| PB 0x000000008e100000| Complete |  0
| 186|0x000000008e200000, 0x000000008e300000, 0x000000008e300000|100%|HC|  |TAMS 0x000000008e300000| PB 0x000000008e200000| Complete |  0
| 187|0x000000008e300000, 0x000000008e400000, 0x000000008e400000|100%|HC|  |TAMS 0x000000008e400000| PB 0x000000008e300000| Complete |  0
| 188|0x000000008e400000, 0x000000008e500000, 0x000000008e500000|100%|HC|  |TAMS 0x000000008e500000| PB 0x000000008e400000| Complete |  0
| 189|0x000000008e500000, 0x000000008e600000, 0x000000008e600000|100%|HC|  |TAMS 0x000000008e600000| PB 0x000000008e500000| Complete |  0
| 190|0x000000008e600000, 0x000000008e700000, 0x000000008e700000|100%|HC|  |TAMS 0x000000008e700000| PB 0x000000008e600000| Complete |  0
| 191|0x000000008e700000, 0x000000008e800000, 0x000000008e800000|100%|HC|  |TAMS 0x000000008e800000| PB 0x000000008e700000| Complete |  0
| 192|0x000000008e800000, 0x000000008e900000, 0x000000008e900000|100%|HC|  |TAMS 0x000000008e900000| PB 0x000000008e800000| Complete |  0
| 193|0x000000008e900000, 0x000000008ea00000, 0x000000008ea00000|100%|HC|  |TAMS 0x000000008ea00000| PB 0x000000008e900000| Complete |  0
| 194|0x000000008ea00000, 0x000000008eb00000, 0x000000008eb00000|100%|HC|  |TAMS 0x000000008eb00000| PB 0x000000008ea00000| Complete |  0
| 195|0x000000008eb00000, 0x000000008ec00000, 0x000000008ec00000|100%|HC|  |TAMS 0x000000008ec00000| PB 0x000000008eb00000| Complete |  0
| 196|0x000000008ec00000, 0x000000008ed00000, 0x000000008ed00000|100%|HC|  |TAMS 0x000000008ed00000| PB 0x000000008ec00000| Complete |  0
| 197|0x000000008ed00000, 0x000000008ee00000, 0x000000008ee00000|100%|HC|  |TAMS 0x000000008ee00000| PB 0x000000008ed00000| Complete |  0
| 198|0x000000008ee00000, 0x000000008ef00000, 0x000000008ef00000|100%|HC|  |TAMS 0x000000008ef00000| PB 0x000000008ee00000| Complete |  0
| 199|0x000000008ef00000, 0x000000008f000000, 0x000000008f000000|100%|HC|  |TAMS 0x000000008f000000| PB 0x000000008ef00000| Complete |  0
| 200|0x000000008f000000, 0x000000008f100000, 0x000000008f100000|100%|HC|  |TAMS 0x000000008f100000| PB 0x000000008f000000| Complete |  0
| 201|0x000000008f100000, 0x000000008f200000, 0x000000008f200000|100%|HC|  |TAMS 0x000000008f200000| PB 0x000000008f100000| Complete |  0
| 202|0x000000008f200000, 0x000000008f300000, 0x000000008f300000|100%|HC|  |TAMS 0x000000008f300000| PB 0x000000008f200000| Complete |  0
| 203|0x000000008f300000, 0x000000008f400000, 0x000000008f400000|100%|HC|  |TAMS 0x000000008f400000| PB 0x000000008f300000| Complete |  0
| 204|0x000000008f400000, 0x000000008f500000, 0x000000008f500000|100%|HC|  |TAMS 0x000000008f500000| PB 0x000000008f400000| Complete |  0
| 205|0x000000008f500000, 0x000000008f600000, 0x000000008f600000|100%|HC|  |TAMS 0x000000008f600000| PB 0x000000008f500000| Complete |  0
| 206|0x000000008f600000, 0x000000008f700000, 0x000000008f700000|100%|HC|  |TAMS 0x000000008f700000| PB 0x000000008f600000| Complete |  0
| 207|0x000000008f700000, 0x000000008f800000, 0x000000008f800000|100%|HC|  |TAMS 0x000000008f800000| PB 0x000000008f700000| Complete |  0
| 208|0x000000008f800000, 0x000000008f900000, 0x000000008f900000|100%|HC|  |TAMS 0x000000008f900000| PB 0x000000008f800000| Complete |  0
| 209|0x000000008f900000, 0x000000008fa00000, 0x000000008fa00000|100%|HC|  |TAMS 0x000000008fa00000| PB 0x000000008f900000| Complete |  0
| 210|0x000000008fa00000, 0x000000008fb00000, 0x000000008fb00000|100%|HC|  |TAMS 0x000000008fb00000| PB 0x000000008fa00000| Complete |  0
| 211|0x000000008fb00000, 0x000000008fc00000, 0x000000008fc00000|100%|HC|  |TAMS 0x000000008fc00000| PB 0x000000008fb00000| Complete |  0
| 212|0x000000008fc00000, 0x000000008fd00000, 0x000000008fd00000|100%|HC|  |TAMS 0x000000008fd00000| PB 0x000000008fc00000| Complete |  0
| 213|0x000000008fd00000, 0x000000008fe00000, 0x000000008fe00000|100%|HC|  |TAMS 0x000000008fe00000| PB 0x000000008fd00000| Complete |  0
| 214|0x000000008fe00000, 0x000000008ff00000, 0x000000008ff00000|100%|HC|  |TAMS 0x000000008ff00000| PB 0x000000008fe00000| Complete |  0
| 215|0x000000008ff00000, 0x0000000090000000, 0x0000000090000000|100%|HC|  |TAMS 0x0000000090000000| PB 0x000000008ff00000| Complete |  0
| 216|0x0000000090000000, 0x0000000090100000, 0x0000000090100000|100%|HC|  |TAMS 0x0000000090100000| PB 0x0000000090000000| Complete |  0
| 217|0x0000000090100000, 0x0000000090200000, 0x0000000090200000|100%|HC|  |TAMS 0x0000000090200000| PB 0x0000000090100000| Complete |  0
| 218|0x0000000090200000, 0x0000000090300000, 0x0000000090300000|100%|HC|  |TAMS 0x0000000090300000| PB 0x0000000090200000| Complete |  0
| 219|0x0000000090300000, 0x0000000090400000, 0x0000000090400000|100%|HC|  |TAMS 0x0000000090400000| PB 0x0000000090300000| Complete |  0
| 220|0x0000000090400000, 0x0000000090500000, 0x0000000090500000|100%|HC|  |TAMS 0x0000000090500000| PB 0x0000000090400000| Complete |  0
| 221|0x0000000090500000, 0x0000000090600000, 0x0000000090600000|100%|HC|  |TAMS 0x0000000090600000| PB 0x0000000090500000| Complete |  0
| 222|0x0000000090600000, 0x0000000090700000, 0x0000000090700000|100%|HC|  |TAMS 0x0000000090700000| PB 0x0000000090600000| Complete |  0
| 223|0x0000000090700000, 0x0000000090800000, 0x0000000090800000|100%|HC|  |TAMS 0x0000000090800000| PB 0x0000000090700000| Complete |  0
| 224|0x0000000090800000, 0x0000000090900000, 0x0000000090900000|100%|HC|  |TAMS 0x0000000090900000| PB 0x0000000090800000| Complete |  0
| 225|0x0000000090900000, 0x0000000090a00000, 0x0000000090a00000|100%|HC|  |TAMS 0x0000000090a00000| PB 0x0000000090900000| Complete |  0
| 226|0x0000000090a00000, 0x0000000090b00000, 0x0000000090b00000|100%|HC|  |TAMS 0x0000000090b00000| PB 0x0000000090a00000| Complete |  0
| 227|0x0000000090b00000, 0x0000000090c00000, 0x0000000090c00000|100%|HC|  |TAMS 0x0000000090c00000| PB 0x0000000090b00000| Complete |  0
| 228|0x0000000090c00000, 0x0000000090d00000, 0x0000000090d00000|100%|HC|  |TAMS 0x0000000090d00000| PB 0x0000000090c00000| Complete |  0
| 229|0x0000000090d00000, 0x0000000090e00000, 0x0000000090e00000|100%|HC|  |TAMS 0x0000000090e00000| PB 0x0000000090d00000| Complete |  0
| 230|0x0000000090e00000, 0x0000000090f00000, 0x0000000090f00000|100%|HC|  |TAMS 0x0000000090f00000| PB 0x0000000090e00000| Complete |  0
| 231|0x0000000090f00000, 0x0000000091000000, 0x0000000091000000|100%|HC|  |TAMS 0x0000000091000000| PB 0x0000000090f00000| Complete |  0
| 232|0x0000000091000000, 0x0000000091100000, 0x0000000091100000|100%|HC|  |TAMS 0x0000000091100000| PB 0x0000000091000000| Complete |  0
| 233|0x0000000091100000, 0x0000000091200000, 0x0000000091200000|100%|HC|  |TAMS 0x0000000091200000| PB 0x0000000091100000| Complete |  0
| 234|0x0000000091200000, 0x0000000091300000, 0x0000000091300000|100%|HC|  |TAMS 0x0000000091300000| PB 0x0000000091200000| Complete |  0
| 235|0x0000000091300000, 0x0000000091400000, 0x0000000091400000|100%|HC|  |TAMS 0x0000000091400000| PB 0x0000000091300000| Complete |  0
| 236|0x0000000091400000, 0x0000000091500000, 0x0000000091500000|100%|HC|  |TAMS 0x0000000091500000| PB 0x0000000091400000| Complete |  0
| 237|0x0000000091500000, 0x0000000091600000, 0x0000000091600000|100%|HC|  |TAMS 0x0000000091600000| PB 0x0000000091500000| Complete |  0
| 238|0x0000000091600000, 0x0000000091700000, 0x0000000091700000|100%|HC|  |TAMS 0x0000000091700000| PB 0x0000000091600000| Complete |  0
| 239|0x0000000091700000, 0x0000000091800000, 0x0000000091800000|100%|HC|  |TAMS 0x0000000091800000| PB 0x0000000091700000| Complete |  0
| 240|0x0000000091800000, 0x0000000091900000, 0x0000000091900000|100%|HC|  |TAMS 0x0000000091900000| PB 0x0000000091800000| Complete |  0
| 241|0x0000000091900000, 0x0000000091a00000, 0x0000000091a00000|100%|HC|  |TAMS 0x0000000091a00000| PB 0x0000000091900000| Complete |  0
| 242|0x0000000091a00000, 0x0000000091b00000, 0x0000000091b00000|100%|HC|  |TAMS 0x0000000091b00000| PB 0x0000000091a00000| Complete |  0
| 243|0x0000000091b00000, 0x0000000091c00000, 0x0000000091c00000|100%|HC|  |TAMS 0x0000000091c00000| PB 0x0000000091b00000| Complete |  0
| 244|0x0000000091c00000, 0x0000000091d00000, 0x0000000091d00000|100%|HC|  |TAMS 0x0000000091d00000| PB 0x0000000091c00000| Complete |  0
| 245|0x0000000091d00000, 0x0000000091e00000, 0x0000000091e00000|100%|HC|  |TAMS 0x0000000091e00000| PB 0x0000000091d00000| Complete |  0
| 246|0x0000000091e00000, 0x0000000091f00000, 0x0000000091f00000|100%|HC|  |TAMS 0x0000000091f00000| PB 0x0000000091e00000| Complete |  0
| 247|0x0000000091f00000, 0x0000000092000000, 0x0000000092000000|100%|HC|  |TAMS 0x0000000092000000| PB 0x0000000091f00000| Complete |  0
| 248|0x0000000092000000, 0x0000000092100000, 0x0000000092100000|100%|HC|  |TAMS 0x0000000092100000| PB 0x0000000092000000| Complete |  0
| 249|0x0000000092100000, 0x0000000092200000, 0x0000000092200000|100%|HC|  |TAMS 0x0000000092200000| PB 0x0000000092100000| Complete |  0
| 250|0x0000000092200000, 0x0000000092300000, 0x0000000092300000|100%|HC|  |TAMS 0x0000000092300000| PB 0x0000000092200000| Complete |  0
| 251|0x0000000092300000, 0x0000000092400000, 0x0000000092400000|100%|HC|  |TAMS 0x0000000092400000| PB 0x0000000092300000| Complete |  0
| 252|0x0000000092400000, 0x0000000092500000, 0x0000000092500000|100%|HC|  |TAMS 0x0000000092500000| PB 0x0000000092400000| Complete |  0
| 253|0x0000000092500000, 0x0000000092600000, 0x0000000092600000|100%|HC|  |TAMS 0x0000000092600000| PB 0x0000000092500000| Complete |  0
| 254|0x0000000092600000, 0x0000000092700000, 0x0000000092700000|100%|HC|  |TAMS 0x0000000092700000| PB 0x0000000092600000| Complete |  0
| 255|0x0000000092700000, 0x0000000092800000, 0x0000000092800000|100%|HC|  |TAMS 0x0000000092800000| PB 0x0000000092700000| Complete |  0
| 256|0x0000000092800000, 0x0000000092900000, 0x0000000092900000|100%|HC|  |TAMS 0x0000000092900000| PB 0x0000000092800000| Complete |  0
| 257|0x0000000092900000, 0x0000000092a00000, 0x0000000092a00000|100%|HC|  |TAMS 0x0000000092a00000| PB 0x0000000092900000| Complete |  0
| 258|0x0000000092a00000, 0x0000000092b00000, 0x0000000092b00000|100%|HC|  |TAMS 0x0000000092b00000| PB 0x0000000092a00000| Complete |  0
| 259|0x0000000092b00000, 0x0000000092c00000, 0x0000000092c00000|100%|HC|  |TAMS 0x0000000092c00000| PB 0x0000000092b00000| Complete |  0
| 260|0x0000000092c00000, 0x0000000092d00000, 0x0000000092d00000|100%|HC|  |TAMS 0x0000000092d00000| PB 0x0000000092c00000| Complete |  0
| 261|0x0000000092d00000, 0x0000000092e00000, 0x0000000092e00000|100%|HC|  |TAMS 0x0000000092e00000| PB 0x0000000092d00000| Complete |  0
| 262|0x0000000092e00000, 0x0000000092f00000, 0x0000000092f00000|100%|HC|  |TAMS 0x0000000092f00000| PB 0x0000000092e00000| Complete |  0
| 263|0x0000000092f00000, 0x0000000093000000, 0x0000000093000000|100%|HC|  |TAMS 0x0000000093000000| PB 0x0000000092f00000| Complete |  0
| 264|0x0000000093000000, 0x0000000093100000, 0x0000000093100000|100%|HC|  |TAMS 0x0000000093100000| PB 0x0000000093000000| Complete |  0
| 265|0x0000000093100000, 0x0000000093200000, 0x0000000093200000|100%|HC|  |TAMS 0x0000000093200000| PB 0x0000000093100000| Complete |  0
| 266|0x0000000093200000, 0x0000000093300000, 0x0000000093300000|100%|HC|  |TAMS 0x0000000093300000| PB 0x0000000093200000| Complete |  0
| 267|0x0000000093300000, 0x0000000093400000, 0x0000000093400000|100%|HC|  |TAMS 0x0000000093400000| PB 0x0000000093300000| Complete |  0
| 268|0x0000000093400000, 0x0000000093500000, 0x0000000093500000|100%|HC|  |TAMS 0x0000000093500000| PB 0x0000000093400000| Complete |  0
| 269|0x0000000093500000, 0x0000000093600000, 0x0000000093600000|100%|HC|  |TAMS 0x0000000093600000| PB 0x0000000093500000| Complete |  0
| 270|0x0000000093600000, 0x0000000093700000, 0x0000000093700000|100%|HC|  |TAMS 0x0000000093700000| PB 0x0000000093600000| Complete |  0
| 271|0x0000000093700000, 0x0000000093800000, 0x0000000093800000|100%|HC|  |TAMS 0x0000000093800000| PB 0x0000000093700000| Complete |  0
| 272|0x0000000093800000, 0x0000000093900000, 0x0000000093900000|100%|HC|  |TAMS 0x0000000093900000| PB 0x0000000093800000| Complete |  0
| 273|0x0000000093900000, 0x0000000093a00000, 0x0000000093a00000|100%|HC|  |TAMS 0x0000000093a00000| PB 0x0000000093900000| Complete |  0
| 274|0x0000000093a00000, 0x0000000093b00000, 0x0000000093b00000|100%|HC|  |TAMS 0x0000000093b00000| PB 0x0000000093a00000| Complete |  0
| 275|0x0000000093b00000, 0x0000000093c00000, 0x0000000093c00000|100%|HC|  |TAMS 0x0000000093c00000| PB 0x0000000093b00000| Complete |  0
| 276|0x0000000093c00000, 0x0000000093d00000, 0x0000000093d00000|100%|HC|  |TAMS 0x0000000093d00000| PB 0x0000000093c00000| Complete |  0
| 277|0x0000000093d00000, 0x0000000093e00000, 0x0000000093e00000|100%|HC|  |TAMS 0x0000000093e00000| PB 0x0000000093d00000| Complete |  0
| 278|0x0000000093e00000, 0x0000000093f00000, 0x0000000093f00000|100%|HC|  |TAMS 0x0000000093f00000| PB 0x0000000093e00000| Complete |  0
| 279|0x0000000093f00000, 0x0000000094000000, 0x0000000094000000|100%|HC|  |TAMS 0x0000000094000000| PB 0x0000000093f00000| Complete |  0
| 280|0x0000000094000000, 0x0000000094100000, 0x0000000094100000|100%|HC|  |TAMS 0x0000000094100000| PB 0x0000000094000000| Complete |  0

Card table byte_map: [0x000002b832320000,0x000002b832710000] _byte_map_base: 0x000002b831f0c000

Marking Bits: (CMBitMap*) 0x000002b8195069d0
 Bits: [0x000002b832710000, 0x000002b834670000)

Polling page: 0x000002b8174a0000

Metaspace:

Usage:
  Non-class:     12.73 MB used.
      Class:      2.41 MB used.
       Both:     15.14 MB used.

Virtual space:
  Non-class space:       64.00 MB reserved,      12.94 MB ( 20%) committed,  1 nodes.
      Class space:        1.00 GB reserved,       2.56 MB ( <1%) committed,  1 nodes.
             Both:        1.06 GB reserved,      15.50 MB (  1%) committed. 

Chunk freelists:
   Non-Class:  2.30 MB
       Class:  13.44 MB
        Both:  15.74 MB

MaxMetaspaceSize: unlimited
CompressedClassSpaceSize: 1.00 GB
Initial GC threshold: 21.00 MB
Current GC threshold: 21.00 MB
CDS: on
 - commit_granule_bytes: 65536.
 - commit_granule_words: 8192.
 - virtual_space_node_default_size: 8388608.
 - enlarge_chunks_in_place: 1.
 - use_allocation_guard: 0.


Internal statistics:

num_allocs_failed_limit: 0.
num_arena_births: 376.
num_arena_deaths: 0.
num_vsnodes_births: 2.
num_vsnodes_deaths: 0.
num_space_committed: 248.
num_space_uncommitted: 0.
num_chunks_returned_to_freelist: 0.
num_chunks_taken_from_freelist: 891.
num_chunk_merges: 0.
num_chunk_splits: 598.
num_chunks_enlarged: 413.
num_inconsistent_stats: 0.

CodeHeap 'non-profiled nmethods': size=120064Kb used=753Kb max_used=753Kb free=119311Kb
 bounds [0x000002b82a9f0000, 0x000002b82ac60000, 0x000002b831f30000]
CodeHeap 'profiled nmethods': size=120000Kb used=2895Kb max_used=2895Kb free=117104Kb
 bounds [0x000002b822f30000, 0x000002b823210000, 0x000002b82a460000]
CodeHeap 'non-nmethods': size=5696Kb used=1761Kb max_used=1790Kb free=3935Kb
 bounds [0x000002b82a460000, 0x000002b82a6d0000, 0x000002b82a9f0000]
CodeCache: size=245760Kb, used=5409Kb, max_used=5438Kb, free=240350Kb
 total_blobs=2971, nmethods=2169, adapters=707, full_count=0
Compilation: enabled, stopped_count=0, restarted_count=0

Compilation events (20 events):
Event: 19.982 Thread 0x000002b836b72210 nmethod 2163 0x000002b823200f08 code [0x000002b8232010c0, 0x000002b8232019f8]
Event: 19.982 Thread 0x000002b836b72210 2166   !   3       java.lang.ref.NativeReferenceQueue::enqueue (20 bytes)
Event: 19.982 Thread 0x000002b836b72210 nmethod 2166 0x000002b823201a88 code [0x000002b823201bc0, 0x000002b823201e90]
Event: 19.982 Thread 0x000002b836b72210 2167       3       java.lang.ref.NativeReferenceQueue::signal (8 bytes)
Event: 19.982 Thread 0x000002b836b72210 nmethod 2167 0x000002b823201f08 code [0x000002b823202020, 0x000002b823202160]
Event: 19.982 Thread 0x000002b836b72210 2171   !   3       jdk.internal.ref.PhantomCleanable::remove (60 bytes)
Event: 19.982 Thread 0x000002b836b72210 nmethod 2171 0x000002b823202208 code [0x000002b823202340, 0x000002b823202830]
Event: 19.982 Thread 0x000002b836b72210 2172       3       java.lang.ref.Reference::clear (5 bytes)
Event: 19.982 Thread 0x000002b836b72210 nmethod 2172 0x000002b823202888 code [0x000002b8232029a0, 0x000002b823202ad8]
Event: 19.982 Thread 0x000002b836b72210 2173   !   3       jdk.internal.ref.PhantomCleanable::isListEmpty (34 bytes)
Event: 19.982 Thread 0x000002b836b72210 nmethod 2173 0x000002b823202b88 code [0x000002b823202ca0, 0x000002b823202f90]
Event: 19.982 Thread 0x000002b836b72210 2174       3       jdk.internal.misc.InnocuousThread::eraseThreadLocals (23 bytes)
Event: 19.982 Thread 0x000002b836b72210 nmethod 2174 0x000002b823203008 code [0x000002b823203120, 0x000002b823203308]
Event: 19.982 Thread 0x000002b836b72210 2164       3       java.lang.ref.ReferenceQueue::signal (10 bytes)
Event: 19.983 Thread 0x000002b836b72210 nmethod 2164 0x000002b823203388 code [0x000002b8232034e0, 0x000002b8232038e8]
Event: 19.983 Thread 0x000002b836b72210 2165       3       java.util.concurrent.locks.AbstractQueuedSynchronizer$ConditionObject::signalAll (34 bytes)
Event: 19.983 Thread 0x000002b836b72210 nmethod 2165 0x000002b823203988 code [0x000002b823203ae0, 0x000002b823203e28]
Event: 19.983 Thread 0x000002b836b67740 nmethod 2169 0x000002b82aaabc88 code [0x000002b82aaabda0, 0x000002b82aaabf78]
Event: 19.983 Thread 0x000002b836b67740 2170       4       java.util.concurrent.locks.ReentrantLock::lock (8 bytes)
Event: 19.986 Thread 0x000002b836b67740 nmethod 2170 0x000002b82aaac008 code [0x000002b82aaac120, 0x000002b82aaac340]

GC Heap History (6 events):
Event: 0.686 GC heap before
{Heap before GC invocations=0 (full 0):
 garbage-first heap   total reserved 2056192K, committed 129024K, used 13312K [0x0000000082800000, 0x0000000100000000)
  region size 1024K, 14 young (14336K), 0 survivors (0K)
 Metaspace       used 4154K, committed 4352K, reserved 1114112K
  class space    used 498K, committed 576K, reserved 1048576K
}
Event: 0.689 GC heap after
{Heap after GC invocations=1 (full 0):
 garbage-first heap   total reserved 2056192K, committed 129024K, used 3341K [0x0000000082800000, 0x0000000100000000)
  region size 1024K, 2 young (2048K), 2 survivors (2048K)
 Metaspace       used 4154K, committed 4352K, reserved 1114112K
  class space    used 498K, committed 576K, reserved 1048576K
}
Event: 1.320 GC heap before
{Heap before GC invocations=1 (full 0):
 garbage-first heap   total reserved 2056192K, committed 129024K, used 21773K [0x0000000082800000, 0x0000000100000000)
  region size 1024K, 15 young (15360K), 2 survivors (2048K)
 Metaspace       used 8990K, committed 9280K, reserved 1114112K
  class space    used 1203K, committed 1344K, reserved 1048576K
}
Event: 1.349 GC heap after
{Heap after GC invocations=2 (full 0):
 garbage-first heap   total reserved 2056192K, committed 129024K, used 11903K [0x0000000082800000, 0x0000000100000000)
  region size 1024K, 2 young (2048K), 2 survivors (2048K)
 Metaspace       used 8990K, committed 9280K, reserved 1114112K
  class space    used 1203K, committed 1344K, reserved 1048576K
}
Event: 19.955 GC heap before
{Heap before GC invocations=2 (full 0):
 garbage-first heap   total reserved 2056192K, committed 287744K, used 193151K [0x0000000082800000, 0x0000000100000000)
  region size 1024K, 12 young (12288K), 2 survivors (2048K)
 Metaspace       used 15502K, committed 15872K, reserved 1114112K
  class space    used 2467K, committed 2624K, reserved 1048576K
}
Event: 19.979 GC heap after
{Heap after GC invocations=3 (full 0):
 garbage-first heap   total reserved 2056192K, committed 287744K, used 186802K [0x0000000082800000, 0x0000000100000000)
  region size 1024K, 4 young (4096K), 4 survivors (4096K)
 Metaspace       used 15502K, committed 15872K, reserved 1114112K
  class space    used 2467K, committed 2624K, reserved 1048576K
}

Dll operation events (20 events):
Event: 0.467 Loaded shared library C:\Program Files\Zulu\zulu-23\bin\javafx\api-ms-win-crt-locale-l1-1-0.dll
Event: 0.468 Loaded shared library C:\Program Files\Zulu\zulu-23\bin\javafx\api-ms-win-crt-math-l1-1-0.dll
Event: 0.470 Loaded shared library C:\Program Files\Zulu\zulu-23\bin\javafx\api-ms-win-crt-multibyte-l1-1-0.dll
Event: 0.471 Loaded shared library C:\Program Files\Zulu\zulu-23\bin\javafx\api-ms-win-crt-private-l1-1-0.dll
Event: 0.473 Loaded shared library C:\Program Files\Zulu\zulu-23\bin\javafx\api-ms-win-crt-process-l1-1-0.dll
Event: 0.474 Loaded shared library C:\Program Files\Zulu\zulu-23\bin\javafx\api-ms-win-crt-runtime-l1-1-0.dll
Event: 0.476 Loaded shared library C:\Program Files\Zulu\zulu-23\bin\javafx\api-ms-win-crt-stdio-l1-1-0.dll
Event: 0.477 Loaded shared library C:\Program Files\Zulu\zulu-23\bin\javafx\api-ms-win-crt-string-l1-1-0.dll
Event: 0.479 Loaded shared library C:\Program Files\Zulu\zulu-23\bin\javafx\api-ms-win-crt-time-l1-1-0.dll
Event: 0.480 Loaded shared library C:\Program Files\Zulu\zulu-23\bin\javafx\api-ms-win-crt-utility-l1-1-0.dll
Event: 0.482 Loaded shared library C:\Program Files\Zulu\zulu-23\bin\javafx\ucrtbase.dll
Event: 0.484 Loaded shared library C:\Program Files\Zulu\zulu-23\bin\javafx\vcruntime140.dll
Event: 0.485 Loaded shared library C:\Program Files\Zulu\zulu-23\bin\javafx\vcruntime140_1.dll
Event: 0.486 Loaded shared library C:\Program Files\Zulu\zulu-23\bin\javafx\msvcp140.dll
Event: 0.487 Loaded shared library C:\Program Files\Zulu\zulu-23\bin\javafx\msvcp140_1.dll
Event: 0.489 Loaded shared library C:\Program Files\Zulu\zulu-23\bin\javafx\msvcp140_2.dll
Event: 0.519 Loaded shared library C:\Program Files\Zulu\zulu-23\bin\javafx\prism_d3d.dll
Event: 0.539 Loaded shared library C:\Program Files\Zulu\zulu-23\bin\javafx\glass.dll
Event: 0.971 Loaded shared library C:\Program Files\Zulu\zulu-23\bin\javafx\javafx_iio.dll
Event: 2.128 Loaded shared library C:\Program Files\Zulu\zulu-23\bin\javafx\javafx_font.dll

Deoptimization events (20 events):
Event: 3.288 Thread 0x000002b87d3ebec0 Uncommon trap: trap_request=0xffffff45 fr.pc=0x000002b82aa7b580 relative=0x0000000000000520
Event: 3.288 Thread 0x000002b87d3ebec0 Uncommon trap: reason=unstable_if action=reinterpret pc=0x000002b82aa7b580 method=java.io.BufferedInputStream.read1([BII)I @ 73 c2
Event: 3.288 Thread 0x000002b87d3ebec0 DEOPT PACKING pc=0x000002b82aa7b580 sp=0x000000fcfe6fdc70
Event: 3.288 Thread 0x000002b87d3ebec0 DEOPT UNPACKING pc=0x000002b82a4b4402 sp=0x000000fcfe6fdbb0 mode 2
Event: 3.302 Thread 0x000002b87d3ebec0 Uncommon trap: trap_request=0xffffffde fr.pc=0x000002b82aa79cc0 relative=0x0000000000000200
Event: 3.302 Thread 0x000002b87d3ebec0 Uncommon trap: reason=class_check action=maybe_recompile pc=0x000002b82aa79cc0 method=java.io.BufferedInputStream.read1([BII)I @ 52 c2
Event: 3.302 Thread 0x000002b87d3ebec0 DEOPT PACKING pc=0x000002b82aa79cc0 sp=0x000000fcfe6fdb80
Event: 3.302 Thread 0x000002b87d3ebec0 DEOPT UNPACKING pc=0x000002b82a4b4402 sp=0x000000fcfe6fdb28 mode 2
Event: 3.302 Thread 0x000002b87d3ebec0 Uncommon trap: trap_request=0xffffff45 fr.pc=0x000002b82aa79c68 relative=0x00000000000001a8
Event: 3.302 Thread 0x000002b87d3ebec0 Uncommon trap: reason=unstable_if action=reinterpret pc=0x000002b82aa79c68 method=java.io.BufferedInputStream.read1([BII)I @ 73 c2
Event: 3.302 Thread 0x000002b87d3ebec0 DEOPT PACKING pc=0x000002b82aa79c68 sp=0x000000fcfe6fdb80
Event: 3.302 Thread 0x000002b87d3ebec0 DEOPT UNPACKING pc=0x000002b82a4b4402 sp=0x000000fcfe6fdb40 mode 2
Event: 3.410 Thread 0x000002b87d3ebec0 Uncommon trap: trap_request=0xffffff45 fr.pc=0x000002b82aa7a3e0 relative=0x0000000000000160
Event: 3.410 Thread 0x000002b87d3ebec0 Uncommon trap: reason=unstable_if action=reinterpret pc=0x000002b82aa7a3e0 method=java.util.concurrent.locks.ReentrantLock$NonfairSync.initialTryLock()Z @ 10 c2
Event: 3.410 Thread 0x000002b87d3ebec0 DEOPT PACKING pc=0x000002b82aa7a3e0 sp=0x000000fcfe6fec00
Event: 3.410 Thread 0x000002b87d3ebec0 DEOPT UNPACKING pc=0x000002b82a4b4402 sp=0x000000fcfe6feba8 mode 2
Event: 3.411 Thread 0x000002b87d3ebec0 Uncommon trap: trap_request=0xffffff45 fr.pc=0x000002b82aa7a048 relative=0x00000000000000c8
Event: 3.411 Thread 0x000002b87d3ebec0 Uncommon trap: reason=unstable_if action=reinterpret pc=0x000002b82aa7a048 method=java.util.concurrent.locks.ReentrantLock$Sync.tryRelease(I)Z @ 26 c2
Event: 3.411 Thread 0x000002b87d3ebec0 DEOPT PACKING pc=0x000002b82aa7a048 sp=0x000000fcfe6fe900
Event: 3.411 Thread 0x000002b87d3ebec0 DEOPT UNPACKING pc=0x000002b82a4b4402 sp=0x000000fcfe6fe8a0 mode 2

Classes loaded (20 events):
Event: 3.308 Loading class java/nio/ShortBuffer
Event: 3.308 Loading class java/nio/ShortBuffer done
Event: 3.308 Loading class java/nio/DoubleBuffer
Event: 3.308 Loading class java/nio/DoubleBuffer done
Event: 3.309 Loading class java/nio/DirectFloatBufferU
Event: 3.309 Loading class java/nio/DirectFloatBufferU done
Event: 3.310 Loading class java/lang/FdLibm$Atan2
Event: 3.310 Loading class java/lang/FdLibm$Atan2 done
Event: 3.409 Loading class java/lang/Throwable$WrappedPrintStream
Event: 3.409 Loading class java/lang/Throwable$PrintStreamOrWriter
Event: 3.410 Loading class java/lang/Throwable$PrintStreamOrWriter done
Event: 3.410 Loading class java/lang/Throwable$WrappedPrintStream done
Event: 19.100 Loading class jdk/internal/ref/CleanerImpl$InnocuousThreadFactory
Event: 19.359 Loading class jdk/internal/ref/CleanerImpl$InnocuousThreadFactory done
Event: 19.490 Loading class sun/misc/Unsafe
Event: 19.906 Loading class sun/misc/Unsafe done
Event: 19.906 Loading class sun/misc/Unsafe$MemoryAccessOption
Event: 19.927 Loading class sun/misc/Unsafe$MemoryAccessOption done
Event: 19.928 Loading class java/lang/invoke/DirectMethodHandle$StaticAccessor
Event: 19.936 Loading class java/lang/invoke/DirectMethodHandle$StaticAccessor done

Classes unloaded (0 events):
No events

Classes redefined (0 events):
No events

Internal exceptions (20 events):
Event: 2.174 Thread 0x000002b87d335720 Exception <a 'java/lang/NoSuchMethodError'{0x00000000894a8e20}: 'void java.lang.invoke.DirectMethodHandle$Holder.invokeStaticInit(java.lang.Object, java.lang.Object)'> (0x00000000894a8e20) 
thrown [s\src\hotspot\share\interpreter\linkResolver.cpp, line 796]
Event: 2.205 Thread 0x000002b87d335720 Exception <a 'java/lang/NoSuchMethodError'{0x0000000089303a20}: 'void java.lang.invoke.DirectMethodHandle$Holder.invokeSpecial(java.lang.Object, java.lang.Object, int)'> (0x0000000089303a20) 
thrown [s\src\hotspot\share\interpreter\linkResolver.cpp, line 796]
Event: 2.205 Thread 0x000002b87d335720 Exception <a 'java/lang/NoSuchMethodError'{0x000000008930a958}: 'void java.lang.invoke.DelegatingMethodHandle$Holder.reinvoke_L(java.lang.Object, java.lang.Object, int)'> (0x000000008930a958) 
thrown [s\src\hotspot\share\interpreter\linkResolver.cpp, line 796]
Event: 2.230 Thread 0x000002b87d335720 Implicit null exception at 0x000002b82aa18856 to 0x000002b82aa18906
Event: 2.234 Thread 0x000002b87d335720 Implicit null exception at 0x000002b82aa8788a to 0x000002b82aa87ac8
Event: 2.234 Thread 0x000002b87d335720 Implicit null exception at 0x000002b82aa868ea to 0x000002b82aa86af4
Event: 2.234 Thread 0x000002b87d335720 Implicit null exception at 0x000002b82aa11420 to 0x000002b82aa114a2
Event: 2.515 Thread 0x000002b87d335720 Exception <a 'java/lang/NoSuchMethodError'{0x00000000892de9c8}: 'java.lang.Object java.lang.invoke.DirectMethodHandle$Holder.invokeInterface(java.lang.Object, java.lang.Object, java.lang.Object)'> (0x00000000892de9c8) 
thrown [s\src\hotspot\share\interpreter\linkResolver.cpp, line 796]
Event: 2.515 Thread 0x000002b87d335720 Exception <a 'java/lang/IncompatibleClassChangeError'{0x00000000892e2098}: Found class java.lang.Object, but interface was expected> (0x00000000892e2098) 
thrown [s\src\hotspot\share\interpreter\linkResolver.cpp, line 863]
Event: 2.541 Thread 0x000002b87d335720 Exception <a 'java/lang/ClassNotFoundException'{0x0000000089162060}: com/sun/javafx/scene/control/skin/resources/controls> (0x0000000089162060) 
thrown [s\src\hotspot\share\prims\jni.cpp, line 539]
Event: 2.542 Thread 0x000002b87d335720 Exception <a 'java/lang/ClassNotFoundException'{0x0000000089170410}: com/sun/javafx/scene/control/skin/resources/controls_fr> (0x0000000089170410) 
thrown [s\src\hotspot\share\prims\jni.cpp, line 539]
Event: 2.542 Thread 0x000002b87d335720 Exception <a 'java/lang/ClassNotFoundException'{0x000000008917de50}: com/sun/javafx/scene/control/skin/resources/controls_fr_FR> (0x000000008917de50) 
thrown [s\src\hotspot\share\prims\jni.cpp, line 539]
Event: 2.568 Thread 0x000002b87d335720 Exception <a 'java/lang/NoSuchMethodError'{0x000000008908a940}: 'void java.lang.invoke.DirectMethodHandle$Holder.invokeSpecial(java.lang.Object, java.lang.Object, java.lang.Object, java.lang.Object, java.lang.Object, java.lang.Object)'> (0x000000008908a940) 
thrown [s\src\hotspot\share\interpreter\linkResolver.cpp, line 796]
Event: 2.929 Thread 0x000002b87d335720 Exception <a 'java/lang/NoSuchMethodError'{0x0000000088f8c2d8}: 'int java.lang.invoke.DirectMethodHandle$Holder.invokeSpecial(java.lang.Object, java.lang.Object, int)'> (0x0000000088f8c2d8) 
thrown [s\src\hotspot\share\interpreter\linkResolver.cpp, line 796]
Event: 2.937 Thread 0x000002b87d335720 Exception <a 'java/lang/NoSuchMethodError'{0x0000000088fb4e88}: 'java.lang.Object java.lang.invoke.DirectMethodHandle$Holder.newInvokeSpecial(java.lang.Object, java.lang.Object, int)'> (0x0000000088fb4e88) 
thrown [s\src\hotspot\share\interpreter\linkResolver.cpp, line 796]
Event: 3.157 Thread 0x000002b87d335720 Exception <a 'java/lang/NoSuchMethodError'{0x0000000088e14fe8}: 'long java.lang.invoke.DirectMethodHandle$Holder.invokeStatic(java.lang.Object, java.lang.Object, java.lang.Object)'> (0x0000000088e14fe8) 
thrown [s\src\hotspot\share\interpreter\linkResolver.cpp, line 796]
Event: 3.157 Thread 0x000002b87d335720 Exception <a 'java/lang/NoSuchMethodError'{0x0000000088e18400}: 'long java.lang.invoke.DirectMethodHandle$Holder.invokeStaticInit(java.lang.Object, java.lang.Object, java.lang.Object)'> (0x0000000088e18400) 
thrown [s\src\hotspot\share\interpreter\linkResolver.cpp, line 796]
Event: 3.159 Thread 0x000002b87d335720 Exception <a 'java/lang/NoSuchMethodError'{0x0000000088e2d230}: 'java.lang.Object java.lang.invoke.DirectMethodHandle$Holder.newInvokeSpecial(java.lang.Object, java.lang.Object, long)'> (0x0000000088e2d230) 
thrown [s\src\hotspot\share\interpreter\linkResolver.cpp, line 796]
Event: 3.159 Thread 0x000002b87d335720 Exception <a 'java/lang/NoSuchMethodError'{0x0000000088e30b80}: 'java.lang.Object java.lang.invoke.Invokers$Holder.linkToTargetMethod(java.lang.Object, long, java.lang.Object)'> (0x0000000088e30b80) 
thrown [s\src\hotspot\share\interpreter\linkResolver.cpp, line 796]
Event: 3.276 Thread 0x000002b87d3ebec0 Exception <a 'java/lang/NoSuchMethodError'{0x0000000088e34318}: 'int java.lang.invoke.DirectMethodHandle$Holder.invokeStaticInit(java.lang.Object, java.lang.Object)'> (0x0000000088e34318) 
thrown [s\src\hotspot\share\interpreter\linkResolver.cpp, line 796]

VM Operations (20 events):
Event: 0.536 Executing VM operation: HandshakeAllThreads (Deoptimize) done
Event: 0.639 Executing VM operation: HandshakeAllThreads (Deoptimize)
Event: 0.639 Executing VM operation: HandshakeAllThreads (Deoptimize) done
Event: 0.686 Executing VM operation: G1CollectForAllocation (G1 Evacuation Pause)
Event: 0.689 Executing VM operation: G1CollectForAllocation (G1 Evacuation Pause) done
Event: 0.918 Executing VM operation: HandshakeAllThreads (Deoptimize)
Event: 0.918 Executing VM operation: HandshakeAllThreads (Deoptimize) done
Event: 0.961 Executing VM operation: HandshakeAllThreads (Deoptimize)
Event: 0.961 Executing VM operation: HandshakeAllThreads (Deoptimize) done
Event: 1.051 Executing VM operation: HandshakeAllThreads (Deoptimize)
Event: 1.051 Executing VM operation: HandshakeAllThreads (Deoptimize) done
Event: 1.320 Executing VM operation: G1TryInitiateConcMark (G1 Humongous Allocation)
Event: 1.349 Executing VM operation: G1TryInitiateConcMark (G1 Humongous Allocation) done
Event: 2.347 Executing VM operation: HandshakeAllThreads (Deoptimize)
Event: 2.347 Executing VM operation: HandshakeAllThreads (Deoptimize) done
Event: 2.347 Executing VM operation: HandshakeAllThreads (Deoptimize)
Event: 2.347 Executing VM operation: HandshakeAllThreads (Deoptimize) done
Event: 19.955 Executing VM operation: G1TryInitiateConcMark (G1 Humongous Allocation)
Event: 19.981 Executing VM operation: G1TryInitiateConcMark (G1 Humongous Allocation) done
Event: 19.990 Executing VM operation: G1PauseRemark

Memory protections (0 events):
No events

Nmethod flushes (0 events):
No events

Events (20 events):
Event: 0.163 Thread 0x000002b8172722e0 Thread added: 0x000002b836b5fa20
Event: 0.163 Thread 0x000002b8172722e0 Thread added: 0x000002b836b62a80
Event: 0.163 Thread 0x000002b8172722e0 Thread added: 0x000002b836b654f0
Event: 0.163 Thread 0x000002b8172722e0 Thread added: 0x000002b836b65f50
Event: 0.163 Thread 0x000002b8172722e0 Thread added: 0x000002b836b669b0
Event: 0.163 Thread 0x000002b8172722e0 Thread added: 0x000002b836b67740
Event: 0.163 Thread 0x000002b8172722e0 Thread added: 0x000002b836b72210
Event: 0.210 Thread 0x000002b8172722e0 Thread added: 0x000002b836c6ae60
Event: 0.258 Thread 0x000002b836b72210 Thread added: 0x000002b836d42a50
Event: 0.299 Thread 0x000002b8172722e0 Thread added: 0x000002b87c40b350
Event: 0.513 Thread 0x000002b8172722e0 Thread added: 0x000002b87d3ebec0
Event: 0.541 Thread 0x000002b8172722e0 Thread added: 0x000002b87d332d30
Event: 0.545 Thread 0x000002b8172722e0 Thread added: 0x000002b87d335720
Event: 0.616 Thread 0x000002b8172722e0 Thread added: 0x000002b87d032ad0
Event: 0.628 Thread 0x000002b87c8bd100 Thread added: 0x000002b87c8bd100
Event: 1.320 Thread 0x000002b836d42a50 Thread exited: 0x000002b836d42a50
Event: 1.552 Thread 0x000002b836b67740 Thread added: 0x000002b836d42a50
Event: 1.807 Thread 0x000002b836d42a50 Thread exited: 0x000002b836d42a50
Event: 2.510 Thread 0x000002b87d335720 Thread added: 0x000002b87cdc1110
Event: 19.469 Thread 0x000002b87d3ebec0 Thread added: 0x000002b87c89e660


Dynamic libraries:
0x00007ff74b710000 - 0x00007ff74b71e000 	C:\Program Files\Zulu\zulu-23\bin\java.exe
0x00007ffa53870000 - 0x00007ffa53a68000 	C:\WINDOWS\SYSTEM32\ntdll.dll
0x00007ffa53420000 - 0x00007ffa534e2000 	C:\WINDOWS\System32\KERNEL32.DLL
0x00007ffa511f0000 - 0x00007ffa514ee000 	C:\WINDOWS\System32\KERNELBASE.dll
0x00007ffa50f40000 - 0x00007ffa51040000 	C:\WINDOWS\System32\ucrtbase.dll
0x00007ffa2eb40000 - 0x00007ffa2eb5b000 	C:\Program Files\Zulu\zulu-23\bin\VCRUNTIME140.dll
0x00007ffa4d490000 - 0x00007ffa4d4a7000 	C:\Program Files\Zulu\zulu-23\bin\jli.dll
0x00007ffa52890000 - 0x00007ffa52a2d000 	C:\WINDOWS\System32\USER32.dll
0x00007ffa50f10000 - 0x00007ffa50f32000 	C:\WINDOWS\System32\win32u.dll
0x00007ffa3ae30000 - 0x00007ffa3b0ca000 	C:\WINDOWS\WinSxS\amd64_microsoft.windows.common-controls_6595b64144ccf1df_6.0.19041.4355_none_60b8b9eb71f62e16\COMCTL32.dll
0x00007ffa53580000 - 0x00007ffa535ab000 	C:\WINDOWS\System32\GDI32.dll
0x00007ffa535b0000 - 0x00007ffa5364e000 	C:\WINDOWS\System32\msvcrt.dll
0x00007ffa510d0000 - 0x00007ffa511e7000 	C:\WINDOWS\System32\gdi32full.dll
0x00007ffa517f0000 - 0x00007ffa5188d000 	C:\WINDOWS\System32\msvcp_win.dll
0x00007ffa52d70000 - 0x00007ffa52d9f000 	C:\WINDOWS\System32\IMM32.DLL
0x00007ffa4d4c0000 - 0x00007ffa4d4cc000 	C:\Program Files\Zulu\zulu-23\bin\vcruntime140_1.dll
0x00007ff9fccc0000 - 0x00007ff9fcd4e000 	C:\Program Files\Zulu\zulu-23\bin\msvcp140.dll
0x00007ff9d2740000 - 0x00007ff9d3516000 	C:\Program Files\Zulu\zulu-23\bin\server\jvm.dll
0x00007ffa52cb0000 - 0x00007ffa52d61000 	C:\WINDOWS\System32\ADVAPI32.dll
0x00007ffa52260000 - 0x00007ffa522ff000 	C:\WINDOWS\System32\sechost.dll
0x00007ffa53650000 - 0x00007ffa53773000 	C:\WINDOWS\System32\RPCRT4.dll
0x00007ffa51750000 - 0x00007ffa51777000 	C:\WINDOWS\System32\bcrypt.dll
0x00007ffa52e00000 - 0x00007ffa52e6b000 	C:\WINDOWS\System32\WS2_32.dll
0x00007ffa504a0000 - 0x00007ffa504eb000 	C:\WINDOWS\SYSTEM32\POWRPROF.dll
0x00007ffa44cf0000 - 0x00007ffa44d17000 	C:\WINDOWS\SYSTEM32\WINMM.dll
0x00007ffa49210000 - 0x00007ffa4921a000 	C:\WINDOWS\SYSTEM32\VERSION.dll
0x00007ffa50310000 - 0x00007ffa50322000 	C:\WINDOWS\SYSTEM32\UMPDC.dll
0x00007ffa4ef70000 - 0x00007ffa4ef82000 	C:\WINDOWS\SYSTEM32\kernel.appcore.dll
0x00007ffa4c240000 - 0x00007ffa4c24a000 	C:\Program Files\Zulu\zulu-23\bin\jimage.dll
0x00007ffa4ec90000 - 0x00007ffa4ee74000 	C:\WINDOWS\SYSTEM32\DBGHELP.DLL
0x00007ffa2fef0000 - 0x00007ffa2ff24000 	C:\WINDOWS\SYSTEM32\dbgcore.DLL
0x00007ffa51040000 - 0x00007ffa510c2000 	C:\WINDOWS\System32\bcryptPrimitives.dll
0x00007ffa2cc40000 - 0x00007ffa2cc5e000 	C:\Program Files\Zulu\zulu-23\bin\java.dll
0x00007ffa52e70000 - 0x00007ffa52f9b000 	C:\WINDOWS\System32\ole32.dll
0x00007ffa52fa0000 - 0x00007ffa532f3000 	C:\WINDOWS\System32\combase.dll
0x00007ffa51a40000 - 0x00007ffa521ad000 	C:\WINDOWS\System32\SHELL32.dll
0x00007ffa4ef90000 - 0x00007ffa4f734000 	C:\WINDOWS\SYSTEM32\windows.storage.dll
0x00007ffa50940000 - 0x00007ffa5096e000 	C:\WINDOWS\SYSTEM32\Wldp.dll
0x00007ffa52b00000 - 0x00007ffa52bcd000 	C:\WINDOWS\System32\OLEAUT32.dll
0x00007ffa53780000 - 0x00007ffa5382d000 	C:\WINDOWS\System32\SHCORE.dll
0x00007ffa523a0000 - 0x00007ffa523f5000 	C:\WINDOWS\System32\shlwapi.dll
0x00007ffa50e40000 - 0x00007ffa50e64000 	C:\WINDOWS\SYSTEM32\profapi.dll
0x00007ff9fe330000 - 0x00007ff9fe407000 	C:\Program Files\Zulu\zulu-23\bin\jsvml.dll
0x00007ffa2ef40000 - 0x00007ffa2ef50000 	C:\Program Files\Zulu\zulu-23\bin\net.dll
0x00007ffa506a0000 - 0x00007ffa5070a000 	C:\WINDOWS\system32\mswsock.dll
0x00007ffa2c070000 - 0x00007ffa2c086000 	C:\Program Files\Zulu\zulu-23\bin\nio.dll
0x00007ffa2bf90000 - 0x00007ffa2bfa7000 	C:\Program Files\Zulu\zulu-23\bin\zip.dll
0x000002b819420000 - 0x000002b819424000 	C:\Program Files\Zulu\zulu-23\bin\javafx\api-ms-win-core-console-l1-1-0.dll
0x000002b819430000 - 0x000002b819434000 	C:\Program Files\Zulu\zulu-23\bin\javafx\api-ms-win-core-console-l1-2-0.dll
0x000002b819440000 - 0x000002b819444000 	C:\Program Files\Zulu\zulu-23\bin\javafx\api-ms-win-core-datetime-l1-1-0.dll
0x000002b819450000 - 0x000002b819454000 	C:\Program Files\Zulu\zulu-23\bin\javafx\api-ms-win-core-debug-l1-1-0.dll
0x000002b819460000 - 0x000002b819464000 	C:\Program Files\Zulu\zulu-23\bin\javafx\api-ms-win-core-errorhandling-l1-1-0.dll
0x000002b819470000 - 0x000002b819475000 	C:\Program Files\Zulu\zulu-23\bin\javafx\api-ms-win-core-file-l1-1-0.dll
0x000002b836fa0000 - 0x000002b836fa4000 	C:\Program Files\Zulu\zulu-23\bin\javafx\api-ms-win-core-file-l1-2-0.dll
0x000002b836fb0000 - 0x000002b836fb4000 	C:\Program Files\Zulu\zulu-23\bin\javafx\api-ms-win-core-file-l2-1-0.dll
0x000002b836fc0000 - 0x000002b836fc4000 	C:\Program Files\Zulu\zulu-23\bin\javafx\api-ms-win-core-handle-l1-1-0.dll
0x000002b836fd0000 - 0x000002b836fd4000 	C:\Program Files\Zulu\zulu-23\bin\javafx\api-ms-win-core-heap-l1-1-0.dll
0x000002b836fe0000 - 0x000002b836fe4000 	C:\Program Files\Zulu\zulu-23\bin\javafx\api-ms-win-core-interlocked-l1-1-0.dll
0x000002b836ff0000 - 0x000002b836ff4000 	C:\Program Files\Zulu\zulu-23\bin\javafx\api-ms-win-core-libraryloader-l1-1-0.dll
0x000002b87d940000 - 0x000002b87d944000 	C:\Program Files\Zulu\zulu-23\bin\javafx\api-ms-win-core-localization-l1-2-0.dll
0x000002b87d950000 - 0x000002b87d954000 	C:\Program Files\Zulu\zulu-23\bin\javafx\api-ms-win-core-memory-l1-1-0.dll
0x000002b87d960000 - 0x000002b87d964000 	C:\Program Files\Zulu\zulu-23\bin\javafx\api-ms-win-core-namedpipe-l1-1-0.dll
0x000002b87d970000 - 0x000002b87d974000 	C:\Program Files\Zulu\zulu-23\bin\javafx\api-ms-win-core-processenvironment-l1-1-0.dll
0x000002b87d980000 - 0x000002b87d984000 	C:\Program Files\Zulu\zulu-23\bin\javafx\api-ms-win-core-processthreads-l1-1-0.dll
0x000002b87d990000 - 0x000002b87d994000 	C:\Program Files\Zulu\zulu-23\bin\javafx\api-ms-win-core-processthreads-l1-1-1.dll
0x000002b87d9a0000 - 0x000002b87d9a4000 	C:\Program Files\Zulu\zulu-23\bin\javafx\api-ms-win-core-profile-l1-1-0.dll
0x000002b87dac0000 - 0x000002b87dac4000 	C:\Program Files\Zulu\zulu-23\bin\javafx\api-ms-win-core-rtlsupport-l1-1-0.dll
0x000002b87d9b0000 - 0x000002b87d9b4000 	C:\Program Files\Zulu\zulu-23\bin\javafx\api-ms-win-core-string-l1-1-0.dll
0x000002b87d9c0000 - 0x000002b87d9c4000 	C:\Program Files\Zulu\zulu-23\bin\javafx\api-ms-win-core-synch-l1-1-0.dll
0x000002b87d9d0000 - 0x000002b87d9d4000 	C:\Program Files\Zulu\zulu-23\bin\javafx\api-ms-win-core-synch-l1-2-0.dll
0x000002b87d9e0000 - 0x000002b87d9e4000 	C:\Program Files\Zulu\zulu-23\bin\javafx\api-ms-win-core-sysinfo-l1-1-0.dll
0x000002b87d9f0000 - 0x000002b87d9f4000 	C:\Program Files\Zulu\zulu-23\bin\javafx\api-ms-win-core-timezone-l1-1-0.dll
0x000002b87da00000 - 0x000002b87da04000 	C:\Program Files\Zulu\zulu-23\bin\javafx\api-ms-win-core-util-l1-1-0.dll
0x000002b87da10000 - 0x000002b87da14000 	C:\Program Files\Zulu\zulu-23\bin\javafx\api-ms-win-crt-conio-l1-1-0.dll
0x000002b87da20000 - 0x000002b87da25000 	C:\Program Files\Zulu\zulu-23\bin\javafx\api-ms-win-crt-convert-l1-1-0.dll
0x000002b87da30000 - 0x000002b87da34000 	C:\Program Files\Zulu\zulu-23\bin\javafx\api-ms-win-crt-environment-l1-1-0.dll
0x000002b87da40000 - 0x000002b87da44000 	C:\Program Files\Zulu\zulu-23\bin\javafx\api-ms-win-crt-filesystem-l1-1-0.dll
0x000002b87da50000 - 0x000002b87da54000 	C:\Program Files\Zulu\zulu-23\bin\javafx\api-ms-win-crt-heap-l1-1-0.dll
0x000002b87da60000 - 0x000002b87da64000 	C:\Program Files\Zulu\zulu-23\bin\javafx\api-ms-win-crt-locale-l1-1-0.dll
0x000002b87da70000 - 0x000002b87da76000 	C:\Program Files\Zulu\zulu-23\bin\javafx\api-ms-win-crt-math-l1-1-0.dll
0x000002b87da80000 - 0x000002b87da86000 	C:\Program Files\Zulu\zulu-23\bin\javafx\api-ms-win-crt-multibyte-l1-1-0.dll
0x000002b87da90000 - 0x000002b87daa1000 	C:\Program Files\Zulu\zulu-23\bin\javafx\api-ms-win-crt-private-l1-1-0.dll
0x000002b87dab0000 - 0x000002b87dab4000 	C:\Program Files\Zulu\zulu-23\bin\javafx\api-ms-win-crt-process-l1-1-0.dll
0x000002b87dad0000 - 0x000002b87dad5000 	C:\Program Files\Zulu\zulu-23\bin\javafx\api-ms-win-crt-runtime-l1-1-0.dll
0x000002b87dd20000 - 0x000002b87dd25000 	C:\Program Files\Zulu\zulu-23\bin\javafx\api-ms-win-crt-stdio-l1-1-0.dll
0x000002b87dd30000 - 0x000002b87dd35000 	C:\Program Files\Zulu\zulu-23\bin\javafx\api-ms-win-crt-string-l1-1-0.dll
0x000002b87dd40000 - 0x000002b87dd44000 	C:\Program Files\Zulu\zulu-23\bin\javafx\api-ms-win-crt-time-l1-1-0.dll
0x000002b87dd50000 - 0x000002b87dd54000 	C:\Program Files\Zulu\zulu-23\bin\javafx\api-ms-win-crt-utility-l1-1-0.dll
0x00007ffa1a180000 - 0x00007ffa1a290000 	C:\Program Files\Zulu\zulu-23\bin\javafx\ucrtbase.dll
0x00007ffa4d420000 - 0x00007ffa4d43b000 	C:\Program Files\Zulu\zulu-23\bin\javafx\vcruntime140.dll
0x00007ffa4d480000 - 0x00007ffa4d48c000 	C:\Program Files\Zulu\zulu-23\bin\javafx\vcruntime140_1.dll
0x00007ffa19f80000 - 0x00007ffa1a00e000 	C:\Program Files\Zulu\zulu-23\bin\javafx\msvcp140.dll
0x00007ffa4d410000 - 0x00007ffa4d419000 	C:\Program Files\Zulu\zulu-23\bin\javafx\msvcp140_1.dll
0x00007ffa1ca80000 - 0x00007ffa1cac1000 	C:\Program Files\Zulu\zulu-23\bin\javafx\msvcp140_2.dll
0x00007ffa35f80000 - 0x00007ffa35fb0000 	C:\Program Files\Zulu\zulu-23\bin\javafx\prism_d3d.dll
0x00007ff9db4c0000 - 0x00007ff9db691000 	C:\WINDOWS\system32\d3d9.dll
0x00007ffa4e930000 - 0x00007ffa4e95f000 	C:\WINDOWS\SYSTEM32\dwmapi.dll
0x00007ffa4e7f0000 - 0x00007ffa4e88e000 	C:\WINDOWS\system32\uxtheme.dll
0x00007ffa1a010000 - 0x00007ffa1a175000 	C:\WINDOWS\System32\DriverStore\FileRepository\iigd_dch.inf_amd64_4b31d9b38e2bb506\igdumdim64.dll
0x00007ff9ceab0000 - 0x00007ff9d273b000 	C:\WINDOWS\System32\DriverStore\FileRepository\iigd_dch.inf_amd64_4b31d9b38e2bb506\igd9dxva64.dll
0x00007ffa52400000 - 0x00007ffa5286e000 	C:\WINDOWS\System32\SETUPAPI.dll
0x00007ffa514f0000 - 0x00007ffa5153e000 	C:\WINDOWS\System32\cfgmgr32.dll
0x00007ffa455e0000 - 0x00007ffa45916000 	C:\WINDOWS\System32\DriverStore\FileRepository\iigd_dch.inf_amd64_4b31d9b38e2bb506\igdgmm64.dll
0x00007ffa1b650000 - 0x00007ffa1b695000 	C:\Program Files\Zulu\zulu-23\bin\javafx\glass.dll
0x00007ffa52bd0000 - 0x00007ffa52caa000 	C:\WINDOWS\System32\COMDLG32.dll
0x00007ffa53300000 - 0x00007ffa53415000 	C:\WINDOWS\System32\MSCTF.dll
0x00007ffa371d0000 - 0x00007ffa371f7000 	C:\WINDOWS\System32\DriverStore\FileRepository\iigd_dch.inf_amd64_4b31d9b38e2bb506\igdinfo64.dll
0x00007ffa50890000 - 0x00007ffa508a8000 	C:\WINDOWS\SYSTEM32\CRYPTSP.dll
0x00007ffa4fef0000 - 0x00007ffa4ff24000 	C:\WINDOWS\system32\rsaenh.dll
0x00007ffa508b0000 - 0x00007ffa508bc000 	C:\WINDOWS\SYSTEM32\CRYPTBASE.dll
0x00007ffa3ffb0000 - 0x00007ffa42d3f000 	C:\WINDOWS\System32\DriverStore\FileRepository\iigd_dch.inf_amd64_4b31d9b38e2bb506\igc64.dll
0x00007ffa45950000 - 0x00007ffa4598b000 	C:\WINDOWS\SYSTEM32\dxcore.dll
0x00007ffa521b0000 - 0x00007ffa52259000 	C:\WINDOWS\System32\clbcatq.dll
0x00007ffa3d5d0000 - 0x00007ffa3d70f000 	C:\Windows\System32\Windows.UI.dll
0x00007ffa3c5e0000 - 0x00007ffa3c6d9000 	C:\Windows\System32\TextInputFramework.dll
0x00007ffa47250000 - 0x00007ffa472f1000 	C:\Windows\System32\WindowManagementAPI.dll
0x00007ffa3cc90000 - 0x00007ffa3cde2000 	C:\Windows\System32\InputHost.dll
0x00007ffa49790000 - 0x00007ffa49aeb000 	C:\Windows\System32\CoreUIComponents.dll
0x00007ffa4baa0000 - 0x00007ffa4bb92000 	C:\Windows\System32\CoreMessaging.dll
0x00007ffa4d720000 - 0x00007ffa4d877000 	C:\WINDOWS\SYSTEM32\wintypes.dll
0x00007ffa4a6c0000 - 0x00007ffa4a8c3000 	C:\WINDOWS\SYSTEM32\twinapi.appcore.dll
0x00007ffa4dd40000 - 0x00007ffa4de36000 	C:\Windows\System32\PROPSYS.dll
0x00007ffa501a0000 - 0x00007ffa501d3000 	C:\WINDOWS\SYSTEM32\ntmarta.dll
0x00007ffa44de0000 - 0x00007ffa44f18000 	C:\Windows\System32\Windows.UI.Immersive.dll
0x00007ffa2cbc0000 - 0x00007ffa2cbed000 	C:\Program Files\Zulu\zulu-23\bin\javafx\javafx_iio.dll
0x00007ffa2da30000 - 0x00007ffa2da45000 	C:\Program Files\Zulu\zulu-23\bin\javafx\javafx_font.dll
0x00007ffa33660000 - 0x00007ffa338df000 	C:\WINDOWS\SYSTEM32\dwrite.dll
0x00007ffa4e530000 - 0x00007ffa4e6e4000 	C:\WINDOWS\SYSTEM32\WindowsCodecs.dll

dbghelp: loaded successfully - version: 4.0.5 - missing functions: none
symbol engine: initialized successfully - sym options: 0x614 - pdb path: .;C:\Program Files\Zulu\zulu-23\bin;C:\WINDOWS\SYSTEM32;C:\WINDOWS\WinSxS\amd64_microsoft.windows.common-controls_6595b64144ccf1df_6.0.19041.4355_none_60b8b9eb71f62e16;C:\Program Files\Zulu\zulu-23\bin\server;C:\Program Files\Zulu\zulu-23\bin\javafx;C:\WINDOWS\System32\DriverStore\FileRepository\iigd_dch.inf_amd64_4b31d9b38e2bb506;C:\Program Files\Common Files\Microsoft Shared\Ink

VM Arguments:
jvm_args: -Dfile.encoding=UTF-8 --module-path=C:\Users\lenovo\Downloads\openjfx-23.0.1_windows-x64_bin-sdk\javafx-sdk-23.0.1\lib --add-modules=javafx.controls,javafx.fxml --module-path=C:\Users\lenovo\Documents\NetBeansProjects\JavaFXProject\build\classes;C:\Users\lenovo\Downloads\openjfx-23.0.1_windows-x64_bin-sdk\javafx-sdk-23.0.1\lib\javafx-swt.jar;C:\Users\lenovo\Downloads\openjfx-23.0.1_windows-x64_bin-sdk\javafx-sdk-23.0.1\lib\javafx.base.jar;C:\Users\lenovo\Downloads\openjfx-23.0.1_windows-x64_bin-sdk\javafx-sdk-23.0.1\lib\javafx.controls.jar;C:\Users\lenovo\Downloads\openjfx-23.0.1_windows-x64_bin-sdk\javafx-sdk-23.0.1\lib\javafx.fxml.jar;C:\Users\lenovo\Downloads\openjfx-23.0.1_windows-x64_bin-sdk\javafx-sdk-23.0.1\lib\javafx.graphics.jar;C:\Users\lenovo\Downloads\openjfx-23.0.1_windows-x64_bin-sdk\javafx-sdk-23.0.1\lib\javafx.media.jar;C:\Users\lenovo\Downloads\openjfx-23.0.1_windows-x64_bin-sdk\javafx-sdk-23.0.1\lib\javafx.swing.jar;C:\Users\lenovo\Downloads\openjfx-23.0.1_windows-x64_bin-sdk\javafx-sdk-23.0.1\lib\javafx.web.jar 
java_command: NewFXMain
java_class_path (initial): C:\Users\lenovo\Downloads\openjfx-23.0.1_windows-x64_bin-sdk\javafx-sdk-23.0.1\lib\javafx-swt.jar;C:\Users\lenovo\Downloads\openjfx-23.0.1_windows-x64_bin-sdk\javafx-sdk-23.0.1\lib\javafx.base.jar;C:\Users\lenovo\Downloads\openjfx-23.0.1_windows-x64_bin-sdk\javafx-sdk-23.0.1\lib\javafx.controls.jar;C:\Users\lenovo\Downloads\openjfx-23.0.1_windows-x64_bin-sdk\javafx-sdk-23.0.1\lib\javafx.fxml.jar;C:\Users\lenovo\Downloads\openjfx-23.0.1_windows-x64_bin-sdk\javafx-sdk-23.0.1\lib\javafx.graphics.jar;C:\Users\lenovo\Downloads\openjfx-23.0.1_windows-x64_bin-sdk\javafx-sdk-23.0.1\lib\javafx.media.jar;C:\Users\lenovo\Downloads\openjfx-23.0.1_windows-x64_bin-sdk\javafx-sdk-23.0.1\lib\javafx.swing.jar;C:\Users\lenovo\Downloads\openjfx-23.0.1_windows-x64_bin-sdk\javafx-sdk-23.0.1\lib\javafx.web.jar;C:\Users\lenovo\Documents\NetBeansProjects\JavaFXProject\build\classes
Launcher Type: SUN_STANDARD

[Global flags]
     intx CICompilerCount                          = 3                                         {product} {ergonomic}
     uint ConcGCThreads                            = 1                                         {product} {ergonomic}
     uint G1ConcRefinementThreads                  = 4                                         {product} {ergonomic}
   size_t G1HeapRegionSize                         = 1048576                                   {product} {ergonomic}
   size_t InitialHeapSize                          = 132120576                                 {product} {ergonomic}
   size_t MarkStackSize                            = 4194304                                   {product} {ergonomic}
   size_t MarkStackSizeMax                         = 536870912                                 {product} {ergonomic}
   size_t MaxHeapSize                              = 2105540608                                {product} {ergonomic}
   size_t MaxNewSize                               = 1262485504                                {product} {ergonomic}
   size_t MinHeapDeltaBytes                        = 1048576                                   {product} {ergonomic}
   size_t MinHeapSize                              = 8388608                                   {product} {ergonomic}
    uintx NonNMethodCodeHeapSize                   = 5832704                                {pd product} {ergonomic}
    uintx NonProfiledCodeHeapSize                  = 122945536                              {pd product} {ergonomic}
    uintx ProfiledCodeHeapSize                     = 122880000                              {pd product} {ergonomic}
    uintx ReservedCodeCacheSize                    = 251658240                              {pd product} {ergonomic}
     bool SegmentedCodeCache                       = true                                      {product} {ergonomic}
   size_t SoftMaxHeapSize                          = 2105540608                             {manageable} {ergonomic}
     bool UseCompressedOops                        = true                           {product lp64_product} {ergonomic}
     bool UseG1GC                                  = true                                      {product} {ergonomic}
     bool UseLargePagesIndividualAllocation        = false                                  {pd product} {ergonomic}

Logging:
Log output configuration:
 #0: stdout all=warning uptime,level,tags foldmultilines=false
 #1: stderr all=off uptime,level,tags foldmultilines=false

Environment Variables:
JAVA_HOME=C:\Program Files\Java\jdk-23
PATH=C:\Program Files\Zulu\zulu-23\bin\;C:\oraclexe\app\oracle\product\11.2.0\server\bin;C:\Program Files\Common Files\Oracle\Java\javapath;C:\Program Files (x86)\Common Files\Oracle\Java\javapath;C:\Windows\system32;C:\Windows;C:\Windows\System32\Wbem;C:\Windows\System32\WindowsPowerShell\v1.0\;C:\WINDOWS\system32;C:\WINDOWS;C:\WINDOWS\System32\Wbem;C:\WINDOWS\System32\WindowsPowerShell\v1.0\;C:\WINDOWS\System32\OpenSSH\;C:\Users\lenovo\AppData\Roaming\Python\Python37\Scripts;C:\Users\lenovo\AppData\Local\Programs\Python\Python310;C:\Users\lenovo\AppData\Local\Programs\Python\Python310\Scripts;C:\Program Files\NVIDIA Corporation\NVIDIA NvDLISR;C:\cmder;C:\Program Files\nodejs\;C:\Program Files (x86)\NVIDIA Corporation\PhysX\Common;C:\Program Files\Git\cmd;C:\Program Files\Java\jdk-23\bin;C:\Users\lenovo\AppData\Local\Microsoft\WindowsApps;C:\Users\lenovo\AppData\Local\Programs\Python\Python310;C:\Users\lenovo\AppData\Local\Programs\Python\Python310\Scripts;C:\Users\lenovo\AppData\Local\Programs\Microsoft VS Code\bin;C:\kotlinc\bin;C:\Program Files\JetBrains\IntelliJ IDEA Community Edition 2022.2.3\bin;;C:\Program Files\Java\jdk-19\bin;C:\Program Files\Java\jre1.8.0_321\bin;C:\cmder;C:\MinGW\bin;C:\Users\lenovo\AppData\Roaming\npm
USERNAME=lenovo
OS=Windows_NT
PROCESSOR_IDENTIFIER=Intel64 Family 6 Model 142 Stepping 12, GenuineIntel
TMP=C:\Users\lenovo\AppData\Local\Temp
TEMP=C:\Users\lenovo\AppData\Local\Temp




Periodic native trim disabled

---------------  S Y S T E M  ---------------

OS:
 Windows 10 , 64 bit Build 19041 (10.0.19041.5072)
OS uptime: 2 days 9:40 hours

CPU: total 4 (initial active 4) (2 cores per cpu, 2 threads per core) family 6 model 142 stepping 12 microcode 0xea, cx8, cmov, fxsr, ht, mmx, 3dnowpref, sse, sse2, sse3, ssse3, sse4.1, sse4.2, popcnt, lzcnt, tsc, tscinvbit, avx, avx2, aes, erms, clmul, bmi1, bmi2, adx, fma, vzeroupper, clflush, clflushopt, rdtscp, f16c
Processor Information for the first 4 processors :
  Max Mhz: 2592, Current Mhz: 2093, Mhz Limit: 2073

Memory: 4k page, system-wide physical 8027M (416M free)
TotalPageFile size 12123M (AvailPageFile size 2M)
current process WorkingSet (physical memory assigned to process): 518M, peak: 518M
current process commit charge ("private bytes"): 634M, peak: 682M

vm_info: OpenJDK 64-Bit Server VM (23.0.1+11) for windows-amd64 JRE (23.0.1+11) (Zulu23.30+13-CA), built on 2024-10-04T17:23:40Z with MS VC++ 17.1 (VS2022)

END.
