#
# There is insufficient memory for the Java Runtime Environment to continue.
# Native memory allocation (malloc) failed to allocate 1455696 bytes. Error detail: Chunk::new
# Possible reasons:
#   The system is out of physical RAM or swap space
#   This process is running with CompressedOops enabled, and the Java Heap may be blocking the growth of the native heap
# Possible solutions:
#   Reduce memory load on the system
#   Increase physical memory or swap space
#   Check if swap backing store is full
#   Decrease Java heap size (-Xmx/-Xms)
#   Decrease number of Java threads
#   Decrease Java thread stack sizes (-Xss)
#   Set larger code cache with -XX:ReservedCodeCacheSize=
#   JVM is running with Unscaled Compressed Oops mode in which the Java heap is
#     placed in the first 4GB address space. The Java Heap base address is the
#     maximum limit for the native heap growth. Please use -XX:HeapBaseMinAddress
#     to set the Java Heap base and to place the Java Heap above 4GB virtual address.
# This output file may be truncated or incomplete.
#
#  Out of Memory Error (arena.cpp:149), pid=2448, tid=12768
#
# JRE version: OpenJDK Runtime Environment Zulu23.30+13-CA (23.0.1+11) (build 23.0.1+11)
# Java VM: OpenJDK 64-Bit Server VM Zulu23.30+13-CA (23.0.1+11, mixed mode, sharing, tiered, compressed oops, compressed class ptrs, g1 gc, windows-amd64)
# No core dump will be written. Minidumps are not enabled by default on client versions of Windows
#

---------------  S U M M A R Y ------------

Command Line: -Dfile.encoding=UTF-8 --module-path=C:\Users\lenovo\Downloads\openjfx-23.0.1_windows-x64_bin-sdk\javafx-sdk-23.0.1\lib --add-modules=javafx.controls,javafx.fxml --module-path=C:\Users\lenovo\Documents\NetBeansProjects\RentCar\build\classes;C:\Users\lenovo\Downloads\openjfx-23.0.1_windows-x64_bin-sdk\javafx-sdk-23.0.1\lib\javafx-swt.jar;C:\Users\lenovo\Downloads\openjfx-23.0.1_windows-x64_bin-sdk\javafx-sdk-23.0.1\lib\javafx.base.jar;C:\Users\lenovo\Downloads\openjfx-23.0.1_windows-x64_bin-sdk\javafx-sdk-23.0.1\lib\javafx.controls.jar;C:\Users\lenovo\Downloads\openjfx-23.0.1_windows-x64_bin-sdk\javafx-sdk-23.0.1\lib\javafx.fxml.jar;C:\Users\lenovo\Downloads\openjfx-23.0.1_windows-x64_bin-sdk\javafx-sdk-23.0.1\lib\javafx.graphics.jar;C:\Users\lenovo\Downloads\openjfx-23.0.1_windows-x64_bin-sdk\javafx-sdk-23.0.1\lib\javafx.media.jar;C:\Users\lenovo\Downloads\openjfx-23.0.1_windows-x64_bin-sdk\javafx-sdk-23.0.1\lib\javafx.swing.jar;C:\Users\lenovo\Downloads\openjfx-23.0.1_windows-x64_bin-sdk\javafx-sdk-23.0.1\lib\javafx.web.jar NewFXMain

Host: Intel(R) Core(TM) i3-10110U CPU @ 2.10GHz, 4 cores, 7G,  Windows 10 , 64 bit Build 19041 (10.0.19041.5072)
Time: Wed Dec  4 17:31:11 2024 Afr. centrale Ouest elapsed time: 3.218885 seconds (0d 0h 0m 3s)

---------------  T H R E A D  ---------------

Current thread (0x000002a1de575ce0):  JavaThread "C2 CompilerThread1" daemon [_thread_in_native, id=12768, stack(0x000000d0b3100000,0x000000d0b3200000) (1024K)]


Current CompileTask:
C2:3219 2230       4       java.lang.invoke.MethodType::makeImpl (109 bytes)

Stack: [0x000000d0b3100000,0x000000d0b3200000]
Native frames: (J=compiled Java code, j=interpreted, Vv=VM code, C=native code)
V  [jvm.dll+0x6ef889]  (no source info available)
V  [jvm.dll+0x8e04e3]  (no source info available)
V  [jvm.dll+0x8e27ae]  (no source info available)
V  [jvm.dll+0x8e2e93]  (no source info available)
V  [jvm.dll+0x285b86]  (no source info available)
V  [jvm.dll+0xbcb0f]  (no source info available)
V  [jvm.dll+0xbcd6b]  (no source info available)
V  [jvm.dll+0x3bf972]  (no source info available)
V  [jvm.dll+0x395e5b]  (no source info available)
V  [jvm.dll+0x3952ca]  (no source info available)
V  [jvm.dll+0x24edc8]  (no source info available)
V  [jvm.dll+0x24e171]  (no source info available)
V  [jvm.dll+0x1cbb4a]  (no source info available)
V  [jvm.dll+0x25e2ab]  (no source info available)
V  [jvm.dll+0x25c56a]  (no source info available)
V  [jvm.dll+0x3faaa6]  (no source info available)
V  [jvm.dll+0x886708]  (no source info available)
V  [jvm.dll+0x6ee0a5]  (no source info available)
C  [ucrtbase.dll+0x21bb2]  (no source info available)
C  [KERNEL32.DLL+0x17374]  (no source info available)
C  [ntdll.dll+0x4cc91]  (no source info available)

Lock stack of current Java thread (top to bottom):


---------------  P R O C E S S  ---------------

Threads class SMR info:
_java_thread_list=0x000002a1de6b0a50, length=18, elements={
0x000002a1f6fcd4a0, 0x000002a1fde634c0, 0x000002a1fde643e0, 0x000002a1fde67440,
0x000002a1fde69eb0, 0x000002a1fde6b0b0, 0x000002a1fde6e2c0, 0x000002a1fde74d00,
0x000002a1fde9b3f0, 0x000002a198a674f0, 0x000002a198a67b80, 0x000002a198a68210,
0x000002a198a66e60, 0x000002a198a6a2e0, 0x000002a198a68f30, 0x000002a198a688a0,
0x000002a1de575ce0, 0x000002a198a69c50
}

Java Threads: ( => current thread )
  0x000002a1f6fcd4a0 JavaThread "main"                              [_thread_blocked, id=10840, stack(0x000000d0b2000000,0x000000d0b2100000) (1024K)]
  0x000002a1fde634c0 JavaThread "Reference Handler"          daemon [_thread_blocked, id=3952, stack(0x000000d0b2800000,0x000000d0b2900000) (1024K)]
  0x000002a1fde643e0 JavaThread "Finalizer"                  daemon [_thread_blocked, id=12864, stack(0x000000d0b2900000,0x000000d0b2a00000) (1024K)]
  0x000002a1fde67440 JavaThread "Signal Dispatcher"          daemon [_thread_blocked, id=11300, stack(0x000000d0b2a00000,0x000000d0b2b00000) (1024K)]
  0x000002a1fde69eb0 JavaThread "Attach Listener"            daemon [_thread_blocked, id=10864, stack(0x000000d0b2b00000,0x000000d0b2c00000) (1024K)]
  0x000002a1fde6b0b0 JavaThread "Service Thread"             daemon [_thread_blocked, id=12836, stack(0x000000d0b2c00000,0x000000d0b2d00000) (1024K)]
  0x000002a1fde6e2c0 JavaThread "Monitor Deflation Thread"   daemon [_thread_blocked, id=5160, stack(0x000000d0b2d00000,0x000000d0b2e00000) (1024K)]
  0x000002a1fde74d00 JavaThread "C2 CompilerThread0"         daemon [_thread_blocked, id=11712, stack(0x000000d0b2e00000,0x000000d0b2f00000) (1024K)]
  0x000002a1fde9b3f0 JavaThread "C1 CompilerThread0"         daemon [_thread_blocked, id=14924, stack(0x000000d0b2f00000,0x000000d0b3000000) (1024K)]
  0x000002a198a674f0 JavaThread "Common-Cleaner"             daemon [_thread_blocked, id=11520, stack(0x000000d0b3000000,0x000000d0b3100000) (1024K)]
  0x000002a198a67b80 JavaThread "Notification Thread"        daemon [_thread_blocked, id=10980, stack(0x000000d0b3200000,0x000000d0b3300000) (1024K)]
  0x000002a198a68210 JavaThread "QuantumRenderer-0"          daemon [_thread_in_native, id=13720, stack(0x000000d0b3300000,0x000000d0b3400000) (1024K)]
  0x000002a198a66e60 JavaThread "InvokeLaterDispatcher"      daemon [_thread_blocked, id=9148, stack(0x000000d0b3400000,0x000000d0b3500000) (1024K)]
  0x000002a198a6a2e0 JavaThread "JavaFX Application Thread"         [_thread_in_native, id=14028, stack(0x000000d0b3500000,0x000000d0b3600000) (1024K)]
  0x000002a198a68f30 JavaThread "JavaFX-Launcher"                   [_thread_blocked, id=6588, stack(0x000000d0b3a00000,0x000000d0b3b00000) (1024K)]
  0x000002a198a688a0 JavaThread "Thread-2"                   daemon [_thread_in_native, id=11036, stack(0x000000d0b3900000,0x000000d0b3a00000) (1024K)]
=>0x000002a1de575ce0 JavaThread "C2 CompilerThread1"         daemon [_thread_in_native, id=12768, stack(0x000000d0b3100000,0x000000d0b3200000) (1024K)]
  0x000002a198a69c50 JavaThread "Prism Font Disposer"        daemon [_thread_blocked, id=3476, stack(0x000000d0b3e00000,0x000000d0b3f00000) (1024K)]
Total: 18

Other Threads:
  0x000002a1fde48230 VMThread "VM Thread"                           [id=12892, stack(0x000000d0b2700000,0x000000d0b2800000) (1024K)]
  0x000002a1fde36830 WatcherThread "VM Periodic Task Thread"        [id=2180, stack(0x000000d0b2600000,0x000000d0b2700000) (1024K)]
  0x000002a1f91f7f00 WorkerThread "GC Thread#0"                     [id=14716, stack(0x000000d0b2100000,0x000000d0b2200000) (1024K)]
  0x000002a1de669d50 WorkerThread "GC Thread#1"                     [id=8420, stack(0x000000d0b3b00000,0x000000d0b3c00000) (1024K)]
  0x000002a1df5666e0 WorkerThread "GC Thread#2"                     [id=8600, stack(0x000000d0b3c00000,0x000000d0b3d00000) (1024K)]
  0x000002a1df566a90 WorkerThread "GC Thread#3"                     [id=9604, stack(0x000000d0b3d00000,0x000000d0b3e00000) (1024K)]
  0x000002a1f920dad0 ConcurrentGCThread "G1 Main Marker"            [id=5112, stack(0x000000d0b2200000,0x000000d0b2300000) (1024K)]
  0x000002a1f920ed80 WorkerThread "G1 Conc#0"                       [id=11908, stack(0x000000d0b2300000,0x000000d0b2400000) (1024K)]
  0x000002a1fdd0a100 ConcurrentGCThread "G1 Refine#0"               [id=4040, stack(0x000000d0b2400000,0x000000d0b2500000) (1024K)]
  0x000002a1fdd0aa90 ConcurrentGCThread "G1 Service"                [id=9268, stack(0x000000d0b2500000,0x000000d0b2600000) (1024K)]
Total: 10

Threads with active compile tasks:
C2 CompilerThread1  3477 2230       4       java.lang.invoke.MethodType::makeImpl (109 bytes)
Total: 1

VM state: not at safepoint (normal execution)

VM Mutex/Monitor currently owned by a thread: None

Heap address: 0x0000000082800000, size: 2008 MB, Compressed Oops mode: 32-bit

CDS archive(s) mapped at: [0x000002a199000000-0x000002a199d80000-0x000002a199d80000), size 14155776, SharedBaseAddress: 0x000002a199000000, ArchiveRelocationMode: 1.
Compressed class space mapped at: 0x000002a19a000000-0x000002a1da000000, reserved size: 1073741824
Narrow klass base: 0x000002a199000000, Narrow klass shift: 0, Narrow klass range: 0x41000000

GC Precious Log:
 CardTable entry size: 512
 Card Set container configuration: InlinePtr #cards 5 size 8 Array Of Cards #cards 10 size 36 Howl #buckets 4 coarsen threshold 1843 Howl Bitmap #cards 512 size 80 coarsen threshold 460 Card regions per heap region 1 cards per card region 2048
 CPUs: 4 total, 4 available
 Memory: 8027M
 Large Page Support: Disabled
 NUMA Support: Disabled
 Compressed Oops: Enabled (32-bit)
 Heap Region Size: 1M
 Heap Min Capacity: 8M
 Heap Initial Capacity: 126M
 Heap Max Capacity: 2008M
 Pre-touch: Disabled
 Parallel Workers: 4
 Concurrent Workers: 1
 Concurrent Refinement Workers: 4
 Periodic GC: Disabled

Heap:
 garbage-first heap   total reserved 2056192K, committed 129024K, used 86243K [0x0000000082800000, 0x0000000100000000)
  region size 1024K, 14 young (14336K), 2 survivors (2048K)
 Metaspace       used 15493K, committed 15808K, reserved 1114112K
  class space    used 2469K, committed 2624K, reserved 1048576K

Heap Regions: E=young(eden), S=young(survivor), O=old, HS=humongous(starts), HC=humongous(continues), CS=collection set, F=free, TAMS=top-at-mark-start, PB=parsable bottom
|   0|0x0000000082800000, 0x0000000082900000, 0x0000000082900000|100%| O|  |TAMS 0x0000000082800000| PB 0x0000000082800000| Untracked |  0
|   1|0x0000000082900000, 0x0000000082a00000, 0x0000000082a00000|100%| O|  |TAMS 0x0000000082900000| PB 0x0000000082900000| Untracked |  0
|   2|0x0000000082a00000, 0x0000000082b00000, 0x0000000082b00000|100%| O|  |TAMS 0x0000000082a00000| PB 0x0000000082a00000| Untracked |  0
|   3|0x0000000082b00000, 0x0000000082b3cf88, 0x0000000082c00000| 23%| O|  |TAMS 0x0000000082b00000| PB 0x0000000082b00000| Untracked |  0
|   4|0x0000000082c00000, 0x0000000082d00000, 0x0000000082d00000|100%|HS|  |TAMS 0x0000000082c00000| PB 0x0000000082c00000| Complete |  0
|   5|0x0000000082d00000, 0x0000000082e00000, 0x0000000082e00000|100%|HC|  |TAMS 0x0000000082d00000| PB 0x0000000082d00000| Complete |  0
|   6|0x0000000082e00000, 0x0000000082f00000, 0x0000000082f00000|100%|HC|  |TAMS 0x0000000082e00000| PB 0x0000000082e00000| Complete |  0
|   7|0x0000000082f00000, 0x0000000083000000, 0x0000000083000000|100%|HC|  |TAMS 0x0000000082f00000| PB 0x0000000082f00000| Complete |  0
|   8|0x0000000083000000, 0x0000000083100000, 0x0000000083100000|100%|HC|  |TAMS 0x0000000083000000| PB 0x0000000083000000| Complete |  0
|   9|0x0000000083100000, 0x0000000083200000, 0x0000000083200000|100%|HC|  |TAMS 0x0000000083100000| PB 0x0000000083100000| Complete |  0
|  10|0x0000000083200000, 0x0000000083300000, 0x0000000083300000|100%|HC|  |TAMS 0x0000000083200000| PB 0x0000000083200000| Complete |  0
|  11|0x0000000083300000, 0x0000000083400000, 0x0000000083400000|100%|HC|  |TAMS 0x0000000083300000| PB 0x0000000083300000| Complete |  0
|  12|0x0000000083400000, 0x0000000083500000, 0x0000000083500000|100%|HC|  |TAMS 0x0000000083400000| PB 0x0000000083400000| Complete |  0
|  13|0x0000000083500000, 0x0000000083600000, 0x0000000083600000|100%|HC|  |TAMS 0x0000000083500000| PB 0x0000000083500000| Complete |  0
|  14|0x0000000083600000, 0x0000000083700000, 0x0000000083700000|100%|HC|  |TAMS 0x0000000083600000| PB 0x0000000083600000| Complete |  0
|  15|0x0000000083700000, 0x0000000083800000, 0x0000000083800000|100%|HC|  |TAMS 0x0000000083700000| PB 0x0000000083700000| Complete |  0
|  16|0x0000000083800000, 0x0000000083900000, 0x0000000083900000|100%|HC|  |TAMS 0x0000000083800000| PB 0x0000000083800000| Complete |  0
|  17|0x0000000083900000, 0x0000000083a00000, 0x0000000083a00000|100%|HC|  |TAMS 0x0000000083900000| PB 0x0000000083900000| Complete |  0
|  18|0x0000000083a00000, 0x0000000083b00000, 0x0000000083b00000|100%|HC|  |TAMS 0x0000000083a00000| PB 0x0000000083a00000| Complete |  0
|  19|0x0000000083b00000, 0x0000000083c00000, 0x0000000083c00000|100%|HC|  |TAMS 0x0000000083b00000| PB 0x0000000083b00000| Complete |  0
|  20|0x0000000083c00000, 0x0000000083d00000, 0x0000000083d00000|100%|HC|  |TAMS 0x0000000083c00000| PB 0x0000000083c00000| Complete |  0
|  21|0x0000000083d00000, 0x0000000083e00000, 0x0000000083e00000|100%|HC|  |TAMS 0x0000000083d00000| PB 0x0000000083d00000| Complete |  0
|  22|0x0000000083e00000, 0x0000000083f00000, 0x0000000083f00000|100%|HC|  |TAMS 0x0000000083e00000| PB 0x0000000083e00000| Complete |  0
|  23|0x0000000083f00000, 0x0000000084000000, 0x0000000084000000|100%|HC|  |TAMS 0x0000000083f00000| PB 0x0000000083f00000| Complete |  0
|  24|0x0000000084000000, 0x0000000084100000, 0x0000000084100000|100%|HC|  |TAMS 0x0000000084000000| PB 0x0000000084000000| Complete |  0
|  25|0x0000000084100000, 0x0000000084200000, 0x0000000084200000|100%|HC|  |TAMS 0x0000000084100000| PB 0x0000000084100000| Complete |  0
|  26|0x0000000084200000, 0x0000000084300000, 0x0000000084300000|100%|HC|  |TAMS 0x0000000084200000| PB 0x0000000084200000| Complete |  0
|  27|0x0000000084300000, 0x0000000084400000, 0x0000000084400000|100%|HC|  |TAMS 0x0000000084300000| PB 0x0000000084300000| Complete |  0
|  28|0x0000000084400000, 0x0000000084500000, 0x0000000084500000|100%|HC|  |TAMS 0x0000000084400000| PB 0x0000000084400000| Complete |  0
|  29|0x0000000084500000, 0x0000000084600000, 0x0000000084600000|100%|HC|  |TAMS 0x0000000084500000| PB 0x0000000084500000| Complete |  0
|  30|0x0000000084600000, 0x0000000084700000, 0x0000000084700000|100%|HC|  |TAMS 0x0000000084600000| PB 0x0000000084600000| Complete |  0
|  31|0x0000000084700000, 0x0000000084800000, 0x0000000084800000|100%|HC|  |TAMS 0x0000000084700000| PB 0x0000000084700000| Complete |  0
|  32|0x0000000084800000, 0x0000000084900000, 0x0000000084900000|100%|HC|  |TAMS 0x0000000084800000| PB 0x0000000084800000| Complete |  0
|  33|0x0000000084900000, 0x0000000084a00000, 0x0000000084a00000|100%|HC|  |TAMS 0x0000000084900000| PB 0x0000000084900000| Complete |  0
|  34|0x0000000084a00000, 0x0000000084b00000, 0x0000000084b00000|100%|HC|  |TAMS 0x0000000084a00000| PB 0x0000000084a00000| Complete |  0
|  35|0x0000000084b00000, 0x0000000084c00000, 0x0000000084c00000|100%|HC|  |TAMS 0x0000000084b00000| PB 0x0000000084b00000| Complete |  0
|  36|0x0000000084c00000, 0x0000000084d00000, 0x0000000084d00000|100%|HC|  |TAMS 0x0000000084c00000| PB 0x0000000084c00000| Complete |  0
|  37|0x0000000084d00000, 0x0000000084e00000, 0x0000000084e00000|100%|HC|  |TAMS 0x0000000084d00000| PB 0x0000000084d00000| Complete |  0
|  38|0x0000000084e00000, 0x0000000084f00000, 0x0000000084f00000|100%|HC|  |TAMS 0x0000000084e00000| PB 0x0000000084e00000| Complete |  0
|  39|0x0000000084f00000, 0x0000000085000000, 0x0000000085000000|100%|HC|  |TAMS 0x0000000084f00000| PB 0x0000000084f00000| Complete |  0
|  40|0x0000000085000000, 0x0000000085100000, 0x0000000085100000|100%|HC|  |TAMS 0x0000000085000000| PB 0x0000000085000000| Complete |  0
|  41|0x0000000085100000, 0x0000000085200000, 0x0000000085200000|100%|HC|  |TAMS 0x0000000085100000| PB 0x0000000085100000| Complete |  0
|  42|0x0000000085200000, 0x0000000085300000, 0x0000000085300000|100%|HC|  |TAMS 0x0000000085200000| PB 0x0000000085200000| Complete |  0
|  43|0x0000000085300000, 0x0000000085400000, 0x0000000085400000|100%|HC|  |TAMS 0x0000000085300000| PB 0x0000000085300000| Complete |  0
|  44|0x0000000085400000, 0x0000000085500000, 0x0000000085500000|100%|HC|  |TAMS 0x0000000085400000| PB 0x0000000085400000| Complete |  0
|  45|0x0000000085500000, 0x0000000085600000, 0x0000000085600000|100%|HC|  |TAMS 0x0000000085500000| PB 0x0000000085500000| Complete |  0
|  46|0x0000000085600000, 0x0000000085700000, 0x0000000085700000|100%|HC|  |TAMS 0x0000000085600000| PB 0x0000000085600000| Complete |  0
|  47|0x0000000085700000, 0x0000000085800000, 0x0000000085800000|100%|HC|  |TAMS 0x0000000085700000| PB 0x0000000085700000| Complete |  0
|  48|0x0000000085800000, 0x0000000085900000, 0x0000000085900000|100%|HC|  |TAMS 0x0000000085800000| PB 0x0000000085800000| Complete |  0
|  49|0x0000000085900000, 0x0000000085a00000, 0x0000000085a00000|100%|HC|  |TAMS 0x0000000085900000| PB 0x0000000085900000| Complete |  0
|  50|0x0000000085a00000, 0x0000000085b00000, 0x0000000085b00000|100%|HC|  |TAMS 0x0000000085a00000| PB 0x0000000085a00000| Complete |  0
|  51|0x0000000085b00000, 0x0000000085c00000, 0x0000000085c00000|100%|HC|  |TAMS 0x0000000085b00000| PB 0x0000000085b00000| Complete |  0
|  52|0x0000000085c00000, 0x0000000085d00000, 0x0000000085d00000|100%|HC|  |TAMS 0x0000000085c00000| PB 0x0000000085c00000| Complete |  0
|  53|0x0000000085d00000, 0x0000000085e00000, 0x0000000085e00000|100%|HC|  |TAMS 0x0000000085d00000| PB 0x0000000085d00000| Complete |  0
|  54|0x0000000085e00000, 0x0000000085f00000, 0x0000000085f00000|100%|HC|  |TAMS 0x0000000085e00000| PB 0x0000000085e00000| Complete |  0
|  55|0x0000000085f00000, 0x0000000086000000, 0x0000000086000000|100%|HC|  |TAMS 0x0000000085f00000| PB 0x0000000085f00000| Complete |  0
|  56|0x0000000086000000, 0x0000000086100000, 0x0000000086100000|100%|HC|  |TAMS 0x0000000086000000| PB 0x0000000086000000| Complete |  0
|  57|0x0000000086100000, 0x0000000086200000, 0x0000000086200000|100%|HC|  |TAMS 0x0000000086100000| PB 0x0000000086100000| Complete |  0
|  58|0x0000000086200000, 0x0000000086300000, 0x0000000086300000|100%|HC|  |TAMS 0x0000000086200000| PB 0x0000000086200000| Complete |  0
|  59|0x0000000086300000, 0x0000000086400000, 0x0000000086400000|100%|HC|  |TAMS 0x0000000086300000| PB 0x0000000086300000| Complete |  0
|  60|0x0000000086400000, 0x0000000086500000, 0x0000000086500000|100%|HC|  |TAMS 0x0000000086400000| PB 0x0000000086400000| Complete |  0
|  61|0x0000000086500000, 0x0000000086600000, 0x0000000086600000|100%|HC|  |TAMS 0x0000000086500000| PB 0x0000000086500000| Complete |  0
|  62|0x0000000086600000, 0x0000000086700000, 0x0000000086700000|100%|HC|  |TAMS 0x0000000086600000| PB 0x0000000086600000| Complete |  0
|  63|0x0000000086700000, 0x0000000086800000, 0x0000000086800000|100%|HC|  |TAMS 0x0000000086700000| PB 0x0000000086700000| Complete |  0
|  64|0x0000000086800000, 0x0000000086900000, 0x0000000086900000|100%|HC|  |TAMS 0x0000000086800000| PB 0x0000000086800000| Complete |  0
|  65|0x0000000086900000, 0x0000000086a00000, 0x0000000086a00000|100%|HC|  |TAMS 0x0000000086900000| PB 0x0000000086900000| Complete |  0
|  66|0x0000000086a00000, 0x0000000086b00000, 0x0000000086b00000|100%|HC|  |TAMS 0x0000000086a00000| PB 0x0000000086a00000| Complete |  0
|  67|0x0000000086b00000, 0x0000000086c00000, 0x0000000086c00000|100%|HC|  |TAMS 0x0000000086b00000| PB 0x0000000086b00000| Complete |  0
|  68|0x0000000086c00000, 0x0000000086d00000, 0x0000000086d00000|100%|HC|  |TAMS 0x0000000086c00000| PB 0x0000000086c00000| Complete |  0
|  69|0x0000000086d00000, 0x0000000086e00000, 0x0000000086e00000|100%|HC|  |TAMS 0x0000000086d00000| PB 0x0000000086d00000| Complete |  0
|  70|0x0000000086e00000, 0x0000000086f00000, 0x0000000086f00000|100%|HC|  |TAMS 0x0000000086e00000| PB 0x0000000086e00000| Complete |  0
|  71|0x0000000086f00000, 0x0000000087000000, 0x0000000087000000|100%|HC|  |TAMS 0x0000000086f00000| PB 0x0000000086f00000| Complete |  0
|  72|0x0000000087000000, 0x0000000087100000, 0x0000000087100000|100%|HC|  |TAMS 0x0000000087000000| PB 0x0000000087000000| Complete |  0
|  73|0x0000000087100000, 0x0000000087100000, 0x0000000087200000|  0%| F|  |TAMS 0x0000000087100000| PB 0x0000000087100000| Untracked |  0
|  74|0x0000000087200000, 0x0000000087200000, 0x0000000087300000|  0%| F|  |TAMS 0x0000000087200000| PB 0x0000000087200000| Untracked |  0
|  75|0x0000000087300000, 0x0000000087300000, 0x0000000087400000|  0%| F|  |TAMS 0x0000000087300000| PB 0x0000000087300000| Untracked |  0
|  76|0x0000000087400000, 0x0000000087400000, 0x0000000087500000|  0%| F|  |TAMS 0x0000000087400000| PB 0x0000000087400000| Untracked |  0
|  77|0x0000000087500000, 0x0000000087500000, 0x0000000087600000|  0%| F|  |TAMS 0x0000000087500000| PB 0x0000000087500000| Untracked |  0
|  78|0x0000000087600000, 0x0000000087600000, 0x0000000087700000|  0%| F|  |TAMS 0x0000000087600000| PB 0x0000000087600000| Untracked |  0
|  79|0x0000000087700000, 0x0000000087700000, 0x0000000087800000|  0%| F|  |TAMS 0x0000000087700000| PB 0x0000000087700000| Untracked |  0
|  80|0x0000000087800000, 0x0000000087800000, 0x0000000087900000|  0%| F|  |TAMS 0x0000000087800000| PB 0x0000000087800000| Untracked |  0
|  81|0x0000000087900000, 0x0000000087900000, 0x0000000087a00000|  0%| F|  |TAMS 0x0000000087900000| PB 0x0000000087900000| Untracked |  0
|  82|0x0000000087a00000, 0x0000000087a00000, 0x0000000087b00000|  0%| F|  |TAMS 0x0000000087a00000| PB 0x0000000087a00000| Untracked |  0
|  83|0x0000000087b00000, 0x0000000087b00000, 0x0000000087c00000|  0%| F|  |TAMS 0x0000000087b00000| PB 0x0000000087b00000| Untracked |  0
|  84|0x0000000087c00000, 0x0000000087c00000, 0x0000000087d00000|  0%| F|  |TAMS 0x0000000087c00000| PB 0x0000000087c00000| Untracked |  0
|  85|0x0000000087d00000, 0x0000000087d00000, 0x0000000087e00000|  0%| F|  |TAMS 0x0000000087d00000| PB 0x0000000087d00000| Untracked |  0
|  86|0x0000000087e00000, 0x0000000087e00000, 0x0000000087f00000|  0%| F|  |TAMS 0x0000000087e00000| PB 0x0000000087e00000| Untracked |  0
|  87|0x0000000087f00000, 0x0000000087f00000, 0x0000000088000000|  0%| F|  |TAMS 0x0000000087f00000| PB 0x0000000087f00000| Untracked |  0
|  88|0x0000000088000000, 0x0000000088000000, 0x0000000088100000|  0%| F|  |TAMS 0x0000000088000000| PB 0x0000000088000000| Untracked |  0
|  89|0x0000000088100000, 0x0000000088100000, 0x0000000088200000|  0%| F|  |TAMS 0x0000000088100000| PB 0x0000000088100000| Untracked |  0
|  90|0x0000000088200000, 0x0000000088200000, 0x0000000088300000|  0%| F|  |TAMS 0x0000000088200000| PB 0x0000000088200000| Untracked |  0
|  91|0x0000000088300000, 0x0000000088300000, 0x0000000088400000|  0%| F|  |TAMS 0x0000000088300000| PB 0x0000000088300000| Untracked |  0
|  92|0x0000000088400000, 0x0000000088400000, 0x0000000088500000|  0%| F|  |TAMS 0x0000000088400000| PB 0x0000000088400000| Untracked |  0
|  93|0x0000000088500000, 0x0000000088500000, 0x0000000088600000|  0%| F|  |TAMS 0x0000000088500000| PB 0x0000000088500000| Untracked |  0
|  94|0x0000000088600000, 0x0000000088600000, 0x0000000088700000|  0%| F|  |TAMS 0x0000000088600000| PB 0x0000000088600000| Untracked |  0
|  95|0x0000000088700000, 0x0000000088700000, 0x0000000088800000|  0%| F|  |TAMS 0x0000000088700000| PB 0x0000000088700000| Untracked |  0
|  96|0x0000000088800000, 0x0000000088800000, 0x0000000088900000|  0%| F|  |TAMS 0x0000000088800000| PB 0x0000000088800000| Untracked |  0
|  97|0x0000000088900000, 0x0000000088900000, 0x0000000088a00000|  0%| F|  |TAMS 0x0000000088900000| PB 0x0000000088900000| Untracked |  0
|  98|0x0000000088a00000, 0x0000000088a00000, 0x0000000088b00000|  0%| F|  |TAMS 0x0000000088a00000| PB 0x0000000088a00000| Untracked |  0
|  99|0x0000000088b00000, 0x0000000088b00000, 0x0000000088c00000|  0%| F|  |TAMS 0x0000000088b00000| PB 0x0000000088b00000| Untracked |  0
| 100|0x0000000088c00000, 0x0000000088c00000, 0x0000000088d00000|  0%| F|  |TAMS 0x0000000088c00000| PB 0x0000000088c00000| Untracked |  0
| 101|0x0000000088d00000, 0x0000000088d00000, 0x0000000088e00000|  0%| F|  |TAMS 0x0000000088d00000| PB 0x0000000088d00000| Untracked |  0
| 102|0x0000000088e00000, 0x0000000088e00000, 0x0000000088f00000|  0%| F|  |TAMS 0x0000000088e00000| PB 0x0000000088e00000| Untracked |  0
| 103|0x0000000088f00000, 0x0000000088f00000, 0x0000000089000000|  0%| F|  |TAMS 0x0000000088f00000| PB 0x0000000088f00000| Untracked |  0
| 104|0x0000000089000000, 0x0000000089000000, 0x0000000089100000|  0%| F|  |TAMS 0x0000000089000000| PB 0x0000000089000000| Untracked |  0
| 105|0x0000000089100000, 0x0000000089100000, 0x0000000089200000|  0%| F|  |TAMS 0x0000000089100000| PB 0x0000000089100000| Untracked |  0
| 106|0x0000000089200000, 0x0000000089200000, 0x0000000089300000|  0%| F|  |TAMS 0x0000000089200000| PB 0x0000000089200000| Untracked |  0
| 107|0x0000000089300000, 0x0000000089300000, 0x0000000089400000|  0%| F|  |TAMS 0x0000000089300000| PB 0x0000000089300000| Untracked |  0
| 108|0x0000000089400000, 0x0000000089400000, 0x0000000089500000|  0%| F|  |TAMS 0x0000000089400000| PB 0x0000000089400000| Untracked |  0
| 109|0x0000000089500000, 0x0000000089500000, 0x0000000089600000|  0%| F|  |TAMS 0x0000000089500000| PB 0x0000000089500000| Untracked |  0
| 110|0x0000000089600000, 0x0000000089600000, 0x0000000089700000|  0%| F|  |TAMS 0x0000000089600000| PB 0x0000000089600000| Untracked |  0
| 111|0x0000000089700000, 0x0000000089700000, 0x0000000089800000|  0%| F|  |TAMS 0x0000000089700000| PB 0x0000000089700000| Untracked |  0
| 112|0x0000000089800000, 0x0000000089900000, 0x0000000089900000|100%| E|  |TAMS 0x0000000089800000| PB 0x0000000089800000| Complete |  0
| 113|0x0000000089900000, 0x00000000899fbd58, 0x0000000089a00000| 98%| S|CS|TAMS 0x0000000089900000| PB 0x0000000089900000| Complete |  0
| 114|0x0000000089a00000, 0x0000000089b00000, 0x0000000089b00000|100%| S|CS|TAMS 0x0000000089a00000| PB 0x0000000089a00000| Complete |  1
| 115|0x0000000089b00000, 0x0000000089c00000, 0x0000000089c00000|100%| E|CS|TAMS 0x0000000089b00000| PB 0x0000000089b00000| Complete |  0
| 116|0x0000000089c00000, 0x0000000089d00000, 0x0000000089d00000|100%| E|CS|TAMS 0x0000000089c00000| PB 0x0000000089c00000| Complete |  0
| 117|0x0000000089d00000, 0x0000000089e00000, 0x0000000089e00000|100%| E|CS|TAMS 0x0000000089d00000| PB 0x0000000089d00000| Complete |  0
| 118|0x0000000089e00000, 0x0000000089f00000, 0x0000000089f00000|100%| E|CS|TAMS 0x0000000089e00000| PB 0x0000000089e00000| Complete |  0
| 119|0x0000000089f00000, 0x000000008a000000, 0x000000008a000000|100%| E|CS|TAMS 0x0000000089f00000| PB 0x0000000089f00000| Complete |  0
| 120|0x000000008a000000, 0x000000008a100000, 0x000000008a100000|100%| E|CS|TAMS 0x000000008a000000| PB 0x000000008a000000| Complete |  0
| 121|0x000000008a100000, 0x000000008a200000, 0x000000008a200000|100%| E|CS|TAMS 0x000000008a100000| PB 0x000000008a100000| Complete |  0
| 122|0x000000008a200000, 0x000000008a300000, 0x000000008a300000|100%| E|CS|TAMS 0x000000008a200000| PB 0x000000008a200000| Complete |  0
| 123|0x000000008a300000, 0x000000008a400000, 0x000000008a400000|100%| E|  |TAMS 0x000000008a300000| PB 0x000000008a300000| Complete |  0
| 124|0x000000008a400000, 0x000000008a500000, 0x000000008a500000|100%| E|CS|TAMS 0x000000008a400000| PB 0x000000008a400000| Complete |  0
| 125|0x000000008a500000, 0x000000008a600000, 0x000000008a600000|100%| E|CS|TAMS 0x000000008a500000| PB 0x000000008a500000| Complete |  0

Card table byte_map: [0x000002a1f9660000,0x000002a1f9a50000] _byte_map_base: 0x000002a1f924c000

Marking Bits: (CMBitMap*) 0x000002a1f91f9620
 Bits: [0x000002a1f9a50000, 0x000002a1fb9b0000)

Polling page: 0x000002a1f6f30000

Metaspace:

Usage:
  Non-class:     12.72 MB used.
      Class:      2.41 MB used.
       Both:     15.13 MB used.

Virtual space:
  Non-class space:       64.00 MB reserved,      12.88 MB ( 20%) committed,  1 nodes.
      Class space:        1.00 GB reserved,       2.56 MB ( <1%) committed,  1 nodes.
             Both:        1.06 GB reserved,      15.44 MB (  1%) committed. 

Chunk freelists:
   Non-Class:  2.58 MB
       Class:  13.48 MB
        Both:  16.06 MB

MaxMetaspaceSize: unlimited
CompressedClassSpaceSize: 1.00 GB
Initial GC threshold: 21.00 MB
Current GC threshold: 21.00 MB
CDS: on
 - commit_granule_bytes: 65536.
 - commit_granule_words: 8192.
 - virtual_space_node_default_size: 8388608.
 - enlarge_chunks_in_place: 1.
 - use_allocation_guard: 0.


Internal statistics:

num_allocs_failed_limit: 0.
num_arena_births: 328.
num_arena_deaths: 0.
num_vsnodes_births: 2.
num_vsnodes_deaths: 0.
num_space_committed: 247.
num_space_uncommitted: 0.
num_chunks_returned_to_freelist: 0.
num_chunks_taken_from_freelist: 795.
num_chunk_merges: 0.
num_chunk_splits: 558.
num_chunks_enlarged: 409.
num_inconsistent_stats: 0.

CodeHeap 'non-profiled nmethods': size=120064Kb used=727Kb max_used=727Kb free=119336Kb
 bounds [0x000002a191470000, 0x000002a1916e0000, 0x000002a1989b0000]
CodeHeap 'profiled nmethods': size=120000Kb used=3083Kb max_used=3083Kb free=116916Kb
 bounds [0x000002a1899b0000, 0x000002a189cc0000, 0x000002a190ee0000]
CodeHeap 'non-nmethods': size=5696Kb used=1738Kb max_used=1752Kb free=3957Kb
 bounds [0x000002a190ee0000, 0x000002a191150000, 0x000002a191470000]
CodeCache: size=245760Kb, used=5548Kb, max_used=5562Kb, free=240209Kb
 total_blobs=3028, nmethods=2239, adapters=694, full_count=0
Compilation: enabled, stopped_count=0, restarted_count=0

Compilation events (20 events):
Event: 2.625 Thread 0x000002a1fde9b3f0 nmethod 2220 0x000002a189caf808 code [0x000002a189caf940, 0x000002a189cafb28]
Event: 2.625 Thread 0x000002a1fde9b3f0 2223       1       com.sun.javafx.sg.prism.NGNode::hasVisuals (2 bytes)
Event: 2.625 Thread 0x000002a1fde9b3f0 nmethod 2223 0x000002a191524788 code [0x000002a1915248a0, 0x000002a191524968]
Event: 2.625 Thread 0x000002a1fde9b3f0 2221       1       javafx.scene.Node::isDerivedDepthTest (5 bytes)
Event: 2.625 Thread 0x000002a1fde9b3f0 nmethod 2221 0x000002a191524a88 code [0x000002a191524ba0, 0x000002a191524c70]
Event: 2.625 Thread 0x000002a1fde9b3f0 2222       1       javafx.scene.Parent::getChildren (5 bytes)
Event: 2.625 Thread 0x000002a1fde9b3f0 nmethod 2222 0x000002a191524d88 code [0x000002a191524ea0, 0x000002a191524f70]
Event: 2.632 Thread 0x000002a1fde9b3f0 2225       3       java.lang.invoke.Invokers$Holder::invokeExact_MT (22 bytes)
Event: 2.633 Thread 0x000002a1fde9b3f0 nmethod 2225 0x000002a189cafb88 code [0x000002a189cafd00, 0x000002a189cb0490]
Event: 2.633 Thread 0x000002a1fde9b3f0 2226       3       java.lang.invoke.DirectMethodHandle$Holder::newInvokeSpecial (20 bytes)
Event: 2.633 Thread 0x000002a1fde9b3f0 nmethod 2226 0x000002a189cb0508 code [0x000002a189cb0680, 0x000002a189cb0d08]
Event: 2.645 Thread 0x000002a1fde74d00 2228       4       java.lang.ClassLoader::checkName (37 bytes)
Event: 2.647 Thread 0x000002a1de575ce0 2230       4       java.lang.invoke.MethodType::makeImpl (109 bytes)
Event: 2.648 Thread 0x000002a1fde9b3f0 2229       3       java.lang.invoke.LambdaFormEditor$TransformKey::packedBytes (30 bytes)
Event: 2.648 Thread 0x000002a1fde74d00 nmethod 2228 0x000002a191525688 code [0x000002a1915257a0, 0x000002a191525998]
Event: 2.648 Thread 0x000002a1fde9b3f0 nmethod 2229 0x000002a189cb0d88 code [0x000002a189cb0ea0, 0x000002a189cb0fa8]
Event: 2.652 Thread 0x000002a1fde9b3f0 2232       3       java.lang.reflect.Array::newInstance (6 bytes)
Event: 2.653 Thread 0x000002a1fde9b3f0 nmethod 2232 0x000002a189cb1088 code [0x000002a189cb11a0, 0x000002a189cb12b8]
Event: 2.653 Thread 0x000002a1fde9b3f0 2233       3       jdk.internal.org.objectweb.asm.FieldWriter::visitEnd (1 bytes)
Event: 2.653 Thread 0x000002a1fde9b3f0 nmethod 2233 0x000002a189cb1388 code [0x000002a189cb14a0, 0x000002a189cb15a8]

GC Heap History (4 events):
Event: 1.011 GC heap before
{Heap before GC invocations=0 (full 0):
 garbage-first heap   total reserved 2056192K, committed 129024K, used 13312K [0x0000000082800000, 0x0000000100000000)
  region size 1024K, 14 young (14336K), 0 survivors (0K)
 Metaspace       used 4201K, committed 4352K, reserved 1114112K
  class space    used 506K, committed 576K, reserved 1048576K
}
Event: 1.016 GC heap after
{Heap after GC invocations=1 (full 0):
 garbage-first heap   total reserved 2056192K, committed 129024K, used 3320K [0x0000000082800000, 0x0000000100000000)
  region size 1024K, 2 young (2048K), 2 survivors (2048K)
 Metaspace       used 4201K, committed 4352K, reserved 1114112K
  class space    used 506K, committed 576K, reserved 1048576K
}
Event: 1.630 GC heap before
{Heap before GC invocations=1 (full 0):
 garbage-first heap   total reserved 2056192K, committed 129024K, used 13560K [0x0000000082800000, 0x0000000100000000)
  region size 1024K, 13 young (13312K), 2 survivors (2048K)
 Metaspace       used 7564K, committed 7808K, reserved 1114112K
  class space    used 950K, committed 1024K, reserved 1048576K
}
Event: 1.636 GC heap after
{Heap after GC invocations=2 (full 0):
 garbage-first heap   total reserved 2056192K, committed 129024K, used 5347K [0x0000000082800000, 0x0000000100000000)
  region size 1024K, 2 young (2048K), 2 survivors (2048K)
 Metaspace       used 7564K, committed 7808K, reserved 1114112K
  class space    used 950K, committed 1024K, reserved 1048576K
}

Dll operation events (20 events):
Event: 0.675 Loaded shared library C:\Program Files\Zulu\zulu-23\bin\javafx\api-ms-win-crt-locale-l1-1-0.dll
Event: 0.679 Loaded shared library C:\Program Files\Zulu\zulu-23\bin\javafx\api-ms-win-crt-math-l1-1-0.dll
Event: 0.682 Loaded shared library C:\Program Files\Zulu\zulu-23\bin\javafx\api-ms-win-crt-multibyte-l1-1-0.dll
Event: 0.685 Loaded shared library C:\Program Files\Zulu\zulu-23\bin\javafx\api-ms-win-crt-private-l1-1-0.dll
Event: 0.687 Loaded shared library C:\Program Files\Zulu\zulu-23\bin\javafx\api-ms-win-crt-process-l1-1-0.dll
Event: 0.690 Loaded shared library C:\Program Files\Zulu\zulu-23\bin\javafx\api-ms-win-crt-runtime-l1-1-0.dll
Event: 0.692 Loaded shared library C:\Program Files\Zulu\zulu-23\bin\javafx\api-ms-win-crt-stdio-l1-1-0.dll
Event: 0.695 Loaded shared library C:\Program Files\Zulu\zulu-23\bin\javafx\api-ms-win-crt-string-l1-1-0.dll
Event: 0.698 Loaded shared library C:\Program Files\Zulu\zulu-23\bin\javafx\api-ms-win-crt-time-l1-1-0.dll
Event: 0.700 Loaded shared library C:\Program Files\Zulu\zulu-23\bin\javafx\api-ms-win-crt-utility-l1-1-0.dll
Event: 0.702 Loaded shared library C:\Program Files\Zulu\zulu-23\bin\javafx\ucrtbase.dll
Event: 0.705 Loaded shared library C:\Program Files\Zulu\zulu-23\bin\javafx\vcruntime140.dll
Event: 0.707 Loaded shared library C:\Program Files\Zulu\zulu-23\bin\javafx\vcruntime140_1.dll
Event: 0.710 Loaded shared library C:\Program Files\Zulu\zulu-23\bin\javafx\msvcp140.dll
Event: 0.712 Loaded shared library C:\Program Files\Zulu\zulu-23\bin\javafx\msvcp140_1.dll
Event: 0.715 Loaded shared library C:\Program Files\Zulu\zulu-23\bin\javafx\msvcp140_2.dll
Event: 0.758 Loaded shared library C:\Program Files\Zulu\zulu-23\bin\javafx\prism_d3d.dll
Event: 0.796 Loaded shared library C:\Program Files\Zulu\zulu-23\bin\javafx\glass.dll
Event: 1.354 Loaded shared library C:\Program Files\Zulu\zulu-23\bin\javafx\javafx_iio.dll
Event: 1.984 Loaded shared library C:\Program Files\Zulu\zulu-23\bin\javafx\javafx_font.dll

Deoptimization events (20 events):
Event: 2.368 Thread 0x000002a198a6a2e0 Uncommon trap: trap_request=0xffffffde fr.pc=0x000002a191486e28 relative=0x00000000000001a8
Event: 2.368 Thread 0x000002a198a6a2e0 Uncommon trap: reason=class_check action=maybe_recompile pc=0x000002a191486e28 method=java.lang.String.equals(Ljava/lang/Object;)Z @ 8 c2
Event: 2.368 Thread 0x000002a198a6a2e0 DEOPT PACKING pc=0x000002a191486e28 sp=0x000000d0b35fd8f0
Event: 2.368 Thread 0x000002a198a6a2e0 DEOPT UNPACKING pc=0x000002a190f34402 sp=0x000000d0b35fd888 mode 2
Event: 2.427 Thread 0x000002a198a6a2e0 Uncommon trap: trap_request=0xffffff45 fr.pc=0x000002a1914fe104 relative=0x00000000000002c4
Event: 2.427 Thread 0x000002a198a6a2e0 Uncommon trap: reason=unstable_if action=reinterpret pc=0x000002a1914fe104 method=java.util.HashMap.hash(Ljava/lang/Object;)I @ 1 c2
Event: 2.427 Thread 0x000002a198a6a2e0 DEOPT PACKING pc=0x000002a1914fe104 sp=0x000000d0b35fcec0
Event: 2.427 Thread 0x000002a198a6a2e0 DEOPT UNPACKING pc=0x000002a190f34402 sp=0x000000d0b35fcd58 mode 2
Event: 2.437 Thread 0x000002a198a6a2e0 Uncommon trap: trap_request=0xffffff45 fr.pc=0x000002a1914fdc04 relative=0x00000000000002c4
Event: 2.437 Thread 0x000002a198a6a2e0 Uncommon trap: reason=unstable_if action=reinterpret pc=0x000002a1914fdc04 method=java.util.HashMap.hash(Ljava/lang/Object;)I @ 1 c2
Event: 2.437 Thread 0x000002a198a6a2e0 DEOPT PACKING pc=0x000002a1914fdc04 sp=0x000000d0b35fcf30
Event: 2.437 Thread 0x000002a198a6a2e0 DEOPT UNPACKING pc=0x000002a190f34402 sp=0x000000d0b35fce38 mode 2
Event: 2.548 Thread 0x000002a198a6a2e0 Uncommon trap: trap_request=0xffffff45 fr.pc=0x000002a1914fa604 relative=0x00000000000001e4
Event: 2.548 Thread 0x000002a198a6a2e0 Uncommon trap: reason=unstable_if action=reinterpret pc=0x000002a1914fa604 method=java.io.ByteArrayInputStream.read()I @ 8 c2
Event: 2.548 Thread 0x000002a198a6a2e0 DEOPT PACKING pc=0x000002a1914fa604 sp=0x000000d0b35fbf40
Event: 2.548 Thread 0x000002a198a6a2e0 DEOPT UNPACKING pc=0x000002a190f34402 sp=0x000000d0b35fbee8 mode 2
Event: 2.654 Thread 0x000002a198a68210 Uncommon trap: trap_request=0xffffff45 fr.pc=0x000002a1914f7974 relative=0x0000000000000414
Event: 2.654 Thread 0x000002a198a68210 Uncommon trap: reason=unstable_if action=reinterpret pc=0x000002a1914f7974 method=java.io.BufferedInputStream.read1([BII)I @ 34 c2
Event: 2.654 Thread 0x000002a198a68210 DEOPT PACKING pc=0x000002a1914f7974 sp=0x000000d0b33fdb70
Event: 2.654 Thread 0x000002a198a68210 DEOPT UNPACKING pc=0x000002a190f34402 sp=0x000000d0b33fdb38 mode 2

Classes loaded (20 events):
Event: 2.549 Loading class jdk/internal/icu/impl/Trie2$ValueMapper done
Event: 2.549 Loading class jdk/internal/icu/impl/Trie2$1 done
Event: 2.549 Loading class jdk/internal/icu/impl/Trie2$UTrie2Header
Event: 2.549 Loading class jdk/internal/icu/impl/Trie2$UTrie2Header done
Event: 2.554 Loading class jdk/internal/icu/text/UTF16
Event: 2.554 Loading class jdk/internal/icu/text/UTF16 done
Event: 2.554 Loading class jdk/internal/icu/text/BidiLine
Event: 2.554 Loading class jdk/internal/icu/text/BidiLine done
Event: 2.571 Loading class java/lang/ArrayIndexOutOfBoundsException
Event: 2.571 Loading class java/lang/ArrayIndexOutOfBoundsException done
Event: 2.572 Loading class java/lang/FdLibm$Hypot
Event: 2.572 Loading class java/lang/FdLibm$Hypot done
Event: 2.572 Loading class java/lang/FdLibm
Event: 2.572 Loading class java/lang/FdLibm done
Event: 2.641 Loading class java/util/concurrent/ConcurrentLinkedQueue
Event: 2.641 Loading class java/util/concurrent/ConcurrentLinkedQueue done
Event: 2.641 Loading class java/util/concurrent/ConcurrentLinkedQueue$Node
Event: 2.641 Loading class java/util/concurrent/ConcurrentLinkedQueue$Node done
Event: 2.654 Loading class java/nio/DirectByteBuffer$Deallocator
Event: 2.654 Loading class java/nio/DirectByteBuffer$Deallocator done

Classes unloaded (0 events):
No events

Classes redefined (0 events):
No events

Internal exceptions (20 events):
Event: 2.182 Thread 0x000002a198a6a2e0 Exception <a 'java/io/FileNotFoundException'{0x000000008a04c990}> (0x000000008a04c990) 
thrown [s\src\hotspot\share\prims\jni.cpp, line 520]
Event: 2.186 Thread 0x000002a198a6a2e0 Exception <a 'java/io/FileNotFoundException'{0x000000008a051b60}> (0x000000008a051b60) 
thrown [s\src\hotspot\share\prims\jni.cpp, line 520]
Event: 2.204 Thread 0x000002a198a6a2e0 Implicit null exception at 0x000002a1914993d6 to 0x000002a191499486
Event: 2.204 Thread 0x000002a198a6a2e0 Implicit null exception at 0x000002a191491fa0 to 0x000002a191492022
Event: 2.315 Thread 0x000002a198a6a2e0 Exception <a 'java/io/FileNotFoundException'{0x0000000089e2e4d8}> (0x0000000089e2e4d8) 
thrown [s\src\hotspot\share\prims\jni.cpp, line 520]
Event: 2.391 Thread 0x000002a198a6a2e0 Exception <a 'java/lang/ClassNotFoundException'{0x0000000089efdce0}: com/sun/javafx/scene/control/skin/resources/controls> (0x0000000089efdce0) 
thrown [s\src\hotspot\share\prims\jni.cpp, line 539]
Event: 2.391 Thread 0x000002a198a6a2e0 Exception <a 'java/lang/ClassNotFoundException'{0x0000000089d0c200}: com/sun/javafx/scene/control/skin/resources/controls_fr> (0x0000000089d0c200) 
thrown [s\src\hotspot\share\prims\jni.cpp, line 539]
Event: 2.392 Thread 0x000002a198a6a2e0 Exception <a 'java/lang/ClassNotFoundException'{0x0000000089d19c60}: com/sun/javafx/scene/control/skin/resources/controls_fr_FR> (0x0000000089d19c60) 
thrown [s\src\hotspot\share\prims\jni.cpp, line 539]
Event: 2.427 Thread 0x000002a198a6a2e0 Implicit null exception at 0x000002a1914fde8a to 0x000002a1914fe0ec
Event: 2.429 Thread 0x000002a198a6a2e0 Exception <a 'java/lang/NoSuchMethodError'{0x0000000089c1cab8}: 'void java.lang.invoke.DirectMethodHandle$Holder.invokeSpecial(java.lang.Object, java.lang.Object, java.lang.Object, java.lang.Object, java.lang.Object, java.lang.Object)'> (0x0000000089c1cab8) 
thrown [s\src\hotspot\share\interpreter\linkResolver.cpp, line 796]
Event: 2.434 Thread 0x000002a198a6a2e0 Exception <a 'java/lang/NoSuchMethodError'{0x0000000089c34b70}: 'java.lang.Object java.lang.invoke.DirectMethodHandle$Holder.invokeInterface(java.lang.Object, java.lang.Object, java.lang.Object)'> (0x0000000089c34b70) 
thrown [s\src\hotspot\share\interpreter\linkResolver.cpp, line 796]
Event: 2.434 Thread 0x000002a198a6a2e0 Exception <a 'java/lang/IncompatibleClassChangeError'{0x0000000089c38240}: Found class java.lang.Object, but interface was expected> (0x0000000089c38240) 
thrown [s\src\hotspot\share\interpreter\linkResolver.cpp, line 863]
Event: 2.437 Thread 0x000002a198a6a2e0 Implicit null exception at 0x000002a1914fd98a to 0x000002a1914fdbec
Event: 2.556 Thread 0x000002a198a6a2e0 Exception <a 'java/lang/NoSuchMethodError'{0x0000000089bb2340}: 'int java.lang.invoke.DirectMethodHandle$Holder.invokeSpecial(java.lang.Object, java.lang.Object, int)'> (0x0000000089bb2340) 
thrown [s\src\hotspot\share\interpreter\linkResolver.cpp, line 796]
Event: 2.577 Thread 0x000002a198a6a2e0 Exception <a 'java/lang/NoSuchMethodError'{0x0000000089bf77b0}: 'java.lang.Object java.lang.invoke.DirectMethodHandle$Holder.newInvokeSpecial(java.lang.Object, java.lang.Object, int)'> (0x0000000089bf77b0) 
thrown [s\src\hotspot\share\interpreter\linkResolver.cpp, line 796]
Event: 2.630 Thread 0x000002a198a68210 Exception <a 'java/lang/NoSuchMethodError'{0x0000000089874840}: 'int java.lang.invoke.DirectMethodHandle$Holder.invokeStaticInit(java.lang.Object, java.lang.Object)'> (0x0000000089874840) 
thrown [s\src\hotspot\share\interpreter\linkResolver.cpp, line 796]
Event: 2.642 Thread 0x000002a198a6a2e0 Exception <a 'java/lang/NoSuchMethodError'{0x0000000089860288}: 'long java.lang.invoke.DirectMethodHandle$Holder.invokeStatic(java.lang.Object, java.lang.Object, java.lang.Object)'> (0x0000000089860288) 
thrown [s\src\hotspot\share\interpreter\linkResolver.cpp, line 796]
Event: 2.643 Thread 0x000002a198a6a2e0 Exception <a 'java/lang/NoSuchMethodError'{0x00000000898636a0}: 'long java.lang.invoke.DirectMethodHandle$Holder.invokeStaticInit(java.lang.Object, java.lang.Object, java.lang.Object)'> (0x00000000898636a0) 
thrown [s\src\hotspot\share\interpreter\linkResolver.cpp, line 796]
Event: 2.646 Thread 0x000002a198a6a2e0 Exception <a 'java/lang/NoSuchMethodError'{0x000000008989ad58}: 'java.lang.Object java.lang.invoke.DirectMethodHandle$Holder.newInvokeSpecial(java.lang.Object, java.lang.Object, long)'> (0x000000008989ad58) 
thrown [s\src\hotspot\share\interpreter\linkResolver.cpp, line 796]
Event: 2.646 Thread 0x000002a198a6a2e0 Exception <a 'java/lang/NoSuchMethodError'{0x000000008989e6b8}: 'java.lang.Object java.lang.invoke.Invokers$Holder.linkToTargetMethod(java.lang.Object, long, java.lang.Object)'> (0x000000008989e6b8) 
thrown [s\src\hotspot\share\interpreter\linkResolver.cpp, line 796]

VM Operations (20 events):
Event: 0.472 Executing VM operation: HandshakeAllThreads (Deoptimize)
Event: 0.472 Executing VM operation: HandshakeAllThreads (Deoptimize) done
Event: 0.790 Executing VM operation: HandshakeAllThreads (Deoptimize)
Event: 0.790 Executing VM operation: HandshakeAllThreads (Deoptimize) done
Event: 0.939 Executing VM operation: HandshakeAllThreads (Deoptimize)
Event: 0.939 Executing VM operation: HandshakeAllThreads (Deoptimize) done
Event: 1.011 Executing VM operation: G1CollectForAllocation (G1 Evacuation Pause)
Event: 1.016 Executing VM operation: G1CollectForAllocation (G1 Evacuation Pause) done
Event: 1.276 Executing VM operation: HandshakeAllThreads (Deoptimize)
Event: 1.277 Executing VM operation: HandshakeAllThreads (Deoptimize) done
Event: 1.339 Executing VM operation: HandshakeAllThreads (Deoptimize)
Event: 1.339 Executing VM operation: HandshakeAllThreads (Deoptimize) done
Event: 1.630 Executing VM operation: G1TryInitiateConcMark (G1 Humongous Allocation)
Event: 1.636 Executing VM operation: G1TryInitiateConcMark (G1 Humongous Allocation) done
Event: 2.208 Executing VM operation: HandshakeAllThreads (Deoptimize)
Event: 2.208 Executing VM operation: HandshakeAllThreads (Deoptimize) done
Event: 2.215 Executing VM operation: HandshakeAllThreads (Deoptimize)
Event: 2.215 Executing VM operation: HandshakeAllThreads (Deoptimize) done
Event: 2.326 Executing VM operation: HandshakeAllThreads (Deoptimize)
Event: 2.326 Executing VM operation: HandshakeAllThreads (Deoptimize) done

Memory protections (0 events):
No events

Nmethod flushes (0 events):
No events

Events (20 events):
Event: 0.083 Thread 0x000002a1f6fcd4a0 Thread added: 0x000002a1f6fcd4a0
Event: 0.133 Thread 0x000002a1f6fcd4a0 Thread added: 0x000002a1fde634c0
Event: 0.133 Thread 0x000002a1f6fcd4a0 Thread added: 0x000002a1fde643e0
Event: 0.134 Thread 0x000002a1f6fcd4a0 Thread added: 0x000002a1fde67440
Event: 0.134 Thread 0x000002a1f6fcd4a0 Thread added: 0x000002a1fde69eb0
Event: 0.135 Thread 0x000002a1f6fcd4a0 Thread added: 0x000002a1fde6b0b0
Event: 0.135 Thread 0x000002a1f6fcd4a0 Thread added: 0x000002a1fde6e2c0
Event: 0.135 Thread 0x000002a1f6fcd4a0 Thread added: 0x000002a1fde74d00
Event: 0.136 Thread 0x000002a1f6fcd4a0 Thread added: 0x000002a1fde9b3f0
Event: 0.249 Thread 0x000002a1f6fcd4a0 Thread added: 0x000002a198a674f0
Event: 0.430 Thread 0x000002a1fde9b3f0 Thread added: 0x000002a198b80a50
Event: 0.490 Thread 0x000002a1f6fcd4a0 Thread added: 0x000002a198a67b80
Event: 0.750 Thread 0x000002a1f6fcd4a0 Thread added: 0x000002a198a68210
Event: 0.799 Thread 0x000002a1f6fcd4a0 Thread added: 0x000002a198a66e60
Event: 0.805 Thread 0x000002a1f6fcd4a0 Thread added: 0x000002a198a6a2e0
Event: 0.905 Thread 0x000002a1f6fcd4a0 Thread added: 0x000002a198a68f30
Event: 0.913 Thread 0x000002a198a688a0 Thread added: 0x000002a198a688a0
Event: 1.468 Thread 0x000002a198b80a50 Thread exited: 0x000002a198b80a50
Event: 1.967 Thread 0x000002a1fde9b3f0 Thread added: 0x000002a1de575ce0
Event: 2.004 Thread 0x000002a198a6a2e0 Thread added: 0x000002a198a69c50


Dynamic libraries:
0x00007ff73a180000 - 0x00007ff73a18e000 	C:\Program Files\Zulu\zulu-23\bin\java.exe
0x00007ffa53870000 - 0x00007ffa53a68000 	C:\WINDOWS\SYSTEM32\ntdll.dll
0x00007ffa53420000 - 0x00007ffa534e2000 	C:\WINDOWS\System32\KERNEL32.DLL
0x00007ffa511f0000 - 0x00007ffa514ee000 	C:\WINDOWS\System32\KERNELBASE.dll
0x00007ffa50f40000 - 0x00007ffa51040000 	C:\WINDOWS\System32\ucrtbase.dll
0x00007ffa4d560000 - 0x00007ffa4d57b000 	C:\Program Files\Zulu\zulu-23\bin\VCRUNTIME140.dll
0x00007ffa37930000 - 0x00007ffa37947000 	C:\Program Files\Zulu\zulu-23\bin\jli.dll
0x00007ffa52890000 - 0x00007ffa52a2d000 	C:\WINDOWS\System32\USER32.dll
0x00007ffa50f10000 - 0x00007ffa50f32000 	C:\WINDOWS\System32\win32u.dll
0x00007ffa3ae30000 - 0x00007ffa3b0ca000 	C:\WINDOWS\WinSxS\amd64_microsoft.windows.common-controls_6595b64144ccf1df_6.0.19041.4355_none_60b8b9eb71f62e16\COMCTL32.dll
0x00007ffa53580000 - 0x00007ffa535ab000 	C:\WINDOWS\System32\GDI32.dll
0x00007ffa535b0000 - 0x00007ffa5364e000 	C:\WINDOWS\System32\msvcrt.dll
0x00007ffa510d0000 - 0x00007ffa511e7000 	C:\WINDOWS\System32\gdi32full.dll
0x00007ffa517f0000 - 0x00007ffa5188d000 	C:\WINDOWS\System32\msvcp_win.dll
0x00007ffa52d70000 - 0x00007ffa52d9f000 	C:\WINDOWS\System32\IMM32.DLL
0x00007ffa4d600000 - 0x00007ffa4d60c000 	C:\Program Files\Zulu\zulu-23\bin\vcruntime140_1.dll
0x00007ffa23910000 - 0x00007ffa2399e000 	C:\Program Files\Zulu\zulu-23\bin\msvcp140.dll
0x00007ff9d4070000 - 0x00007ff9d4e46000 	C:\Program Files\Zulu\zulu-23\bin\server\jvm.dll
0x00007ffa52cb0000 - 0x00007ffa52d61000 	C:\WINDOWS\System32\ADVAPI32.dll
0x00007ffa52260000 - 0x00007ffa522ff000 	C:\WINDOWS\System32\sechost.dll
0x00007ffa53650000 - 0x00007ffa53773000 	C:\WINDOWS\System32\RPCRT4.dll
0x00007ffa51750000 - 0x00007ffa51777000 	C:\WINDOWS\System32\bcrypt.dll
0x00007ffa52e00000 - 0x00007ffa52e6b000 	C:\WINDOWS\System32\WS2_32.dll
0x00007ffa504a0000 - 0x00007ffa504eb000 	C:\WINDOWS\SYSTEM32\POWRPROF.dll
0x00007ffa44cf0000 - 0x00007ffa44d17000 	C:\WINDOWS\SYSTEM32\WINMM.dll
0x00007ffa49210000 - 0x00007ffa4921a000 	C:\WINDOWS\SYSTEM32\VERSION.dll
0x00007ffa50310000 - 0x00007ffa50322000 	C:\WINDOWS\SYSTEM32\UMPDC.dll
0x00007ffa4ef70000 - 0x00007ffa4ef82000 	C:\WINDOWS\SYSTEM32\kernel.appcore.dll
0x00007ffa4d4c0000 - 0x00007ffa4d4ca000 	C:\Program Files\Zulu\zulu-23\bin\jimage.dll
0x00007ffa4ec90000 - 0x00007ffa4ee74000 	C:\WINDOWS\SYSTEM32\DBGHELP.DLL
0x00007ffa2fef0000 - 0x00007ffa2ff24000 	C:\WINDOWS\SYSTEM32\dbgcore.DLL
0x00007ffa51040000 - 0x00007ffa510c2000 	C:\WINDOWS\System32\bcryptPrimitives.dll
0x00007ffa4d540000 - 0x00007ffa4d55e000 	C:\Program Files\Zulu\zulu-23\bin\java.dll
0x00007ffa52e70000 - 0x00007ffa52f9b000 	C:\WINDOWS\System32\ole32.dll
0x00007ffa52fa0000 - 0x00007ffa532f3000 	C:\WINDOWS\System32\combase.dll
0x00007ffa51a40000 - 0x00007ffa521ad000 	C:\WINDOWS\System32\SHELL32.dll
0x00007ffa4ef90000 - 0x00007ffa4f734000 	C:\WINDOWS\SYSTEM32\windows.storage.dll
0x00007ffa50940000 - 0x00007ffa5096e000 	C:\WINDOWS\SYSTEM32\Wldp.dll
0x00007ffa52b00000 - 0x00007ffa52bcd000 	C:\WINDOWS\System32\OLEAUT32.dll
0x00007ffa53780000 - 0x00007ffa5382d000 	C:\WINDOWS\System32\SHCORE.dll
0x00007ffa523a0000 - 0x00007ffa523f5000 	C:\WINDOWS\System32\shlwapi.dll
0x00007ffa50e40000 - 0x00007ffa50e64000 	C:\WINDOWS\SYSTEM32\profapi.dll
0x00007ffa1cbf0000 - 0x00007ffa1ccc7000 	C:\Program Files\Zulu\zulu-23\bin\jsvml.dll
0x00007ffa4d4b0000 - 0x00007ffa4d4c0000 	C:\Program Files\Zulu\zulu-23\bin\net.dll
0x00007ffa506a0000 - 0x00007ffa5070a000 	C:\WINDOWS\system32\mswsock.dll
0x00007ffa47970000 - 0x00007ffa47986000 	C:\Program Files\Zulu\zulu-23\bin\nio.dll
0x00007ffa35f90000 - 0x00007ffa35fa7000 	C:\Program Files\Zulu\zulu-23\bin\zip.dll
0x000002a198f30000 - 0x000002a198f34000 	C:\Program Files\Zulu\zulu-23\bin\javafx\api-ms-win-core-console-l1-1-0.dll
0x000002a198f40000 - 0x000002a198f44000 	C:\Program Files\Zulu\zulu-23\bin\javafx\api-ms-win-core-console-l1-2-0.dll
0x000002a198f50000 - 0x000002a198f54000 	C:\Program Files\Zulu\zulu-23\bin\javafx\api-ms-win-core-datetime-l1-1-0.dll
0x000002a198f60000 - 0x000002a198f64000 	C:\Program Files\Zulu\zulu-23\bin\javafx\api-ms-win-core-debug-l1-1-0.dll
0x000002a198f70000 - 0x000002a198f74000 	C:\Program Files\Zulu\zulu-23\bin\javafx\api-ms-win-core-errorhandling-l1-1-0.dll
0x000002a198f80000 - 0x000002a198f85000 	C:\Program Files\Zulu\zulu-23\bin\javafx\api-ms-win-core-file-l1-1-0.dll
0x000002a198f90000 - 0x000002a198f94000 	C:\Program Files\Zulu\zulu-23\bin\javafx\api-ms-win-core-file-l1-2-0.dll
0x000002a198fa0000 - 0x000002a198fa4000 	C:\Program Files\Zulu\zulu-23\bin\javafx\api-ms-win-core-file-l2-1-0.dll
0x000002a198fb0000 - 0x000002a198fb4000 	C:\Program Files\Zulu\zulu-23\bin\javafx\api-ms-win-core-handle-l1-1-0.dll
0x000002a198fc0000 - 0x000002a198fc4000 	C:\Program Files\Zulu\zulu-23\bin\javafx\api-ms-win-core-heap-l1-1-0.dll
0x000002a198fd0000 - 0x000002a198fd4000 	C:\Program Files\Zulu\zulu-23\bin\javafx\api-ms-win-core-interlocked-l1-1-0.dll
0x000002a198fe0000 - 0x000002a198fe4000 	C:\Program Files\Zulu\zulu-23\bin\javafx\api-ms-win-core-libraryloader-l1-1-0.dll
0x000002a198ff0000 - 0x000002a198ff4000 	C:\Program Files\Zulu\zulu-23\bin\javafx\api-ms-win-core-localization-l1-2-0.dll
0x000002a1df7d0000 - 0x000002a1df7d4000 	C:\Program Files\Zulu\zulu-23\bin\javafx\api-ms-win-core-memory-l1-1-0.dll
0x000002a1df7e0000 - 0x000002a1df7e4000 	C:\Program Files\Zulu\zulu-23\bin\javafx\api-ms-win-core-namedpipe-l1-1-0.dll
0x000002a1df910000 - 0x000002a1df914000 	C:\Program Files\Zulu\zulu-23\bin\javafx\api-ms-win-core-processenvironment-l1-1-0.dll
0x000002a1df7f0000 - 0x000002a1df7f4000 	C:\Program Files\Zulu\zulu-23\bin\javafx\api-ms-win-core-processthreads-l1-1-0.dll
0x000002a1df800000 - 0x000002a1df804000 	C:\Program Files\Zulu\zulu-23\bin\javafx\api-ms-win-core-processthreads-l1-1-1.dll
0x000002a1df810000 - 0x000002a1df814000 	C:\Program Files\Zulu\zulu-23\bin\javafx\api-ms-win-core-profile-l1-1-0.dll
0x000002a1df820000 - 0x000002a1df824000 	C:\Program Files\Zulu\zulu-23\bin\javafx\api-ms-win-core-rtlsupport-l1-1-0.dll
0x000002a1df830000 - 0x000002a1df834000 	C:\Program Files\Zulu\zulu-23\bin\javafx\api-ms-win-core-string-l1-1-0.dll
0x000002a1df840000 - 0x000002a1df844000 	C:\Program Files\Zulu\zulu-23\bin\javafx\api-ms-win-core-synch-l1-1-0.dll
0x000002a1df850000 - 0x000002a1df854000 	C:\Program Files\Zulu\zulu-23\bin\javafx\api-ms-win-core-synch-l1-2-0.dll
0x000002a1df860000 - 0x000002a1df864000 	C:\Program Files\Zulu\zulu-23\bin\javafx\api-ms-win-core-sysinfo-l1-1-0.dll
0x000002a1df870000 - 0x000002a1df874000 	C:\Program Files\Zulu\zulu-23\bin\javafx\api-ms-win-core-timezone-l1-1-0.dll
0x000002a1df880000 - 0x000002a1df884000 	C:\Program Files\Zulu\zulu-23\bin\javafx\api-ms-win-core-util-l1-1-0.dll
0x000002a1df890000 - 0x000002a1df894000 	C:\Program Files\Zulu\zulu-23\bin\javafx\api-ms-win-crt-conio-l1-1-0.dll
0x000002a1df8a0000 - 0x000002a1df8a5000 	C:\Program Files\Zulu\zulu-23\bin\javafx\api-ms-win-crt-convert-l1-1-0.dll
0x000002a1df8b0000 - 0x000002a1df8b4000 	C:\Program Files\Zulu\zulu-23\bin\javafx\api-ms-win-crt-environment-l1-1-0.dll
0x000002a1df8c0000 - 0x000002a1df8c4000 	C:\Program Files\Zulu\zulu-23\bin\javafx\api-ms-win-crt-filesystem-l1-1-0.dll
0x000002a1df8d0000 - 0x000002a1df8d4000 	C:\Program Files\Zulu\zulu-23\bin\javafx\api-ms-win-crt-heap-l1-1-0.dll
0x000002a1df8e0000 - 0x000002a1df8e4000 	C:\Program Files\Zulu\zulu-23\bin\javafx\api-ms-win-crt-locale-l1-1-0.dll
0x000002a1df8f0000 - 0x000002a1df8f6000 	C:\Program Files\Zulu\zulu-23\bin\javafx\api-ms-win-crt-math-l1-1-0.dll
0x000002a1df900000 - 0x000002a1df906000 	C:\Program Files\Zulu\zulu-23\bin\javafx\api-ms-win-crt-multibyte-l1-1-0.dll
0x000002a1df920000 - 0x000002a1df931000 	C:\Program Files\Zulu\zulu-23\bin\javafx\api-ms-win-crt-private-l1-1-0.dll
0x000002a1df940000 - 0x000002a1df944000 	C:\Program Files\Zulu\zulu-23\bin\javafx\api-ms-win-crt-process-l1-1-0.dll
0x000002a1df950000 - 0x000002a1df955000 	C:\Program Files\Zulu\zulu-23\bin\javafx\api-ms-win-crt-runtime-l1-1-0.dll
0x000002a1df960000 - 0x000002a1df965000 	C:\Program Files\Zulu\zulu-23\bin\javafx\api-ms-win-crt-stdio-l1-1-0.dll
0x000002a1df970000 - 0x000002a1df975000 	C:\Program Files\Zulu\zulu-23\bin\javafx\api-ms-win-crt-string-l1-1-0.dll
0x000002a1df980000 - 0x000002a1df984000 	C:\Program Files\Zulu\zulu-23\bin\javafx\api-ms-win-crt-time-l1-1-0.dll
0x000002a1df990000 - 0x000002a1df994000 	C:\Program Files\Zulu\zulu-23\bin\javafx\api-ms-win-crt-utility-l1-1-0.dll
0x00007ffa1c3e0000 - 0x00007ffa1c4f0000 	C:\Program Files\Zulu\zulu-23\bin\javafx\ucrtbase.dll
0x00007ffa30e10000 - 0x00007ffa30e2b000 	C:\Program Files\Zulu\zulu-23\bin\javafx\vcruntime140.dll
0x00007ffa4d530000 - 0x00007ffa4d53c000 	C:\Program Files\Zulu\zulu-23\bin\javafx\vcruntime140_1.dll
0x00007ffa2c920000 - 0x00007ffa2c9ae000 	C:\Program Files\Zulu\zulu-23\bin\javafx\msvcp140.dll
0x00007ffa4d3e0000 - 0x00007ffa4d3e9000 	C:\Program Files\Zulu\zulu-23\bin\javafx\msvcp140_1.dll
0x00007ffa2ccb0000 - 0x00007ffa2ccf1000 	C:\Program Files\Zulu\zulu-23\bin\javafx\msvcp140_2.dll
0x00007ffa2c820000 - 0x00007ffa2c850000 	C:\Program Files\Zulu\zulu-23\bin\javafx\prism_d3d.dll
0x00007ff9db4c0000 - 0x00007ff9db691000 	C:\WINDOWS\system32\d3d9.dll
0x00007ffa4e930000 - 0x00007ffa4e95f000 	C:\WINDOWS\SYSTEM32\dwmapi.dll
0x00007ffa4e7f0000 - 0x00007ffa4e88e000 	C:\WINDOWS\system32\uxtheme.dll
0x00007ffa19d50000 - 0x00007ffa19eb5000 	C:\WINDOWS\System32\DriverStore\FileRepository\iigd_dch.inf_amd64_4b31d9b38e2bb506\igdumdim64.dll
0x00007ff9f4320000 - 0x00007ff9f7fab000 	C:\WINDOWS\System32\DriverStore\FileRepository\iigd_dch.inf_amd64_4b31d9b38e2bb506\igd9dxva64.dll
0x00007ffa52400000 - 0x00007ffa5286e000 	C:\WINDOWS\System32\SETUPAPI.dll
0x00007ffa514f0000 - 0x00007ffa5153e000 	C:\WINDOWS\System32\cfgmgr32.dll
0x00007ffa455e0000 - 0x00007ffa45916000 	C:\WINDOWS\System32\DriverStore\FileRepository\iigd_dch.inf_amd64_4b31d9b38e2bb506\igdgmm64.dll
0x00007ffa1c620000 - 0x00007ffa1c665000 	C:\Program Files\Zulu\zulu-23\bin\javafx\glass.dll
0x00007ffa52bd0000 - 0x00007ffa52caa000 	C:\WINDOWS\System32\COMDLG32.dll
0x00007ffa53300000 - 0x00007ffa53415000 	C:\WINDOWS\System32\MSCTF.dll
0x00007ffa371d0000 - 0x00007ffa371f7000 	C:\WINDOWS\System32\DriverStore\FileRepository\iigd_dch.inf_amd64_4b31d9b38e2bb506\igdinfo64.dll
0x00007ffa50890000 - 0x00007ffa508a8000 	C:\WINDOWS\SYSTEM32\CRYPTSP.dll
0x00007ffa4fef0000 - 0x00007ffa4ff24000 	C:\WINDOWS\system32\rsaenh.dll
0x00007ffa508b0000 - 0x00007ffa508bc000 	C:\WINDOWS\SYSTEM32\CRYPTBASE.dll
0x00007ffa3ffb0000 - 0x00007ffa42d3f000 	C:\WINDOWS\System32\DriverStore\FileRepository\iigd_dch.inf_amd64_4b31d9b38e2bb506\igc64.dll
0x00007ffa45950000 - 0x00007ffa4598b000 	C:\WINDOWS\SYSTEM32\dxcore.dll
0x00007ffa521b0000 - 0x00007ffa52259000 	C:\WINDOWS\System32\clbcatq.dll
0x00007ffa3d5d0000 - 0x00007ffa3d70f000 	C:\Windows\System32\Windows.UI.dll
0x00007ffa47250000 - 0x00007ffa472f1000 	C:\Windows\System32\WindowManagementAPI.dll
0x00007ffa3c5e0000 - 0x00007ffa3c6d9000 	C:\Windows\System32\TextInputFramework.dll
0x00007ffa4d720000 - 0x00007ffa4d877000 	C:\WINDOWS\SYSTEM32\wintypes.dll
0x00007ffa3cc90000 - 0x00007ffa3cde2000 	C:\Windows\System32\InputHost.dll
0x00007ffa4a6c0000 - 0x00007ffa4a8c3000 	C:\WINDOWS\SYSTEM32\twinapi.appcore.dll
0x00007ffa49790000 - 0x00007ffa49aeb000 	C:\Windows\System32\CoreUIComponents.dll
0x00007ffa4baa0000 - 0x00007ffa4bb92000 	C:\Windows\System32\CoreMessaging.dll
0x00007ffa4dd40000 - 0x00007ffa4de36000 	C:\Windows\System32\PROPSYS.dll
0x00007ffa501a0000 - 0x00007ffa501d3000 	C:\WINDOWS\SYSTEM32\ntmarta.dll
0x00007ffa44de0000 - 0x00007ffa44f18000 	C:\Windows\System32\Windows.UI.Immersive.dll
0x00007ffa30350000 - 0x00007ffa3037d000 	C:\Program Files\Zulu\zulu-23\bin\javafx\javafx_iio.dll
0x00007ffa30bf0000 - 0x00007ffa30c05000 	C:\Program Files\Zulu\zulu-23\bin\javafx\javafx_font.dll
0x00007ffa33660000 - 0x00007ffa338df000 	C:\WINDOWS\SYSTEM32\dwrite.dll
0x00007ffa4e530000 - 0x00007ffa4e6e4000 	C:\WINDOWS\SYSTEM32\WindowsCodecs.dll

dbghelp: loaded successfully - version: 4.0.5 - missing functions: none
symbol engine: initialized successfully - sym options: 0x614 - pdb path: .;C:\Program Files\Zulu\zulu-23\bin;C:\WINDOWS\SYSTEM32;C:\WINDOWS\WinSxS\amd64_microsoft.windows.common-controls_6595b64144ccf1df_6.0.19041.4355_none_60b8b9eb71f62e16;C:\Program Files\Zulu\zulu-23\bin\server;C:\Program Files\Zulu\zulu-23\bin\javafx;C:\WINDOWS\System32\DriverStore\FileRepository\iigd_dch.inf_amd64_4b31d9b38e2bb506;C:\Program Files\Common Files\Microsoft Shared\Ink

VM Arguments:
jvm_args: -Dfile.encoding=UTF-8 --module-path=C:\Users\lenovo\Downloads\openjfx-23.0.1_windows-x64_bin-sdk\javafx-sdk-23.0.1\lib --add-modules=javafx.controls,javafx.fxml --module-path=C:\Users\lenovo\Documents\NetBeansProjects\RentCar\build\classes;C:\Users\lenovo\Downloads\openjfx-23.0.1_windows-x64_bin-sdk\javafx-sdk-23.0.1\lib\javafx-swt.jar;C:\Users\lenovo\Downloads\openjfx-23.0.1_windows-x64_bin-sdk\javafx-sdk-23.0.1\lib\javafx.base.jar;C:\Users\lenovo\Downloads\openjfx-23.0.1_windows-x64_bin-sdk\javafx-sdk-23.0.1\lib\javafx.controls.jar;C:\Users\lenovo\Downloads\openjfx-23.0.1_windows-x64_bin-sdk\javafx-sdk-23.0.1\lib\javafx.fxml.jar;C:\Users\lenovo\Downloads\openjfx-23.0.1_windows-x64_bin-sdk\javafx-sdk-23.0.1\lib\javafx.graphics.jar;C:\Users\lenovo\Downloads\openjfx-23.0.1_windows-x64_bin-sdk\javafx-sdk-23.0.1\lib\javafx.media.jar;C:\Users\lenovo\Downloads\openjfx-23.0.1_windows-x64_bin-sdk\javafx-sdk-23.0.1\lib\javafx.swing.jar;C:\Users\lenovo\Downloads\openjfx-23.0.1_windows-x64_bin-sdk\javafx-sdk-23.0.1\lib\javafx.web.jar 
java_command: NewFXMain
java_class_path (initial): C:\Users\lenovo\Downloads\openjfx-23.0.1_windows-x64_bin-sdk\javafx-sdk-23.0.1\lib\javafx-swt.jar;C:\Users\lenovo\Downloads\openjfx-23.0.1_windows-x64_bin-sdk\javafx-sdk-23.0.1\lib\javafx.base.jar;C:\Users\lenovo\Downloads\openjfx-23.0.1_windows-x64_bin-sdk\javafx-sdk-23.0.1\lib\javafx.controls.jar;C:\Users\lenovo\Downloads\openjfx-23.0.1_windows-x64_bin-sdk\javafx-sdk-23.0.1\lib\javafx.fxml.jar;C:\Users\lenovo\Downloads\openjfx-23.0.1_windows-x64_bin-sdk\javafx-sdk-23.0.1\lib\javafx.graphics.jar;C:\Users\lenovo\Downloads\openjfx-23.0.1_windows-x64_bin-sdk\javafx-sdk-23.0.1\lib\javafx.media.jar;C:\Users\lenovo\Downloads\openjfx-23.0.1_windows-x64_bin-sdk\javafx-sdk-23.0.1\lib\javafx.swing.jar;C:\Users\lenovo\Downloads\openjfx-23.0.1_windows-x64_bin-sdk\javafx-sdk-23.0.1\lib\javafx.web.jar;C:\Users\lenovo\Documents\NetBeansProjects\RentCar\build\classes
Launcher Type: SUN_STANDARD

[Global flags]
     intx CICompilerCount                          = 3                                         {product} {ergonomic}
     uint ConcGCThreads                            = 1                                         {product} {ergonomic}
     uint G1ConcRefinementThreads                  = 4                                         {product} {ergonomic}
   size_t G1HeapRegionSize                         = 1048576                                   {product} {ergonomic}
   size_t InitialHeapSize                          = 132120576                                 {product} {ergonomic}
   size_t MarkStackSize                            = 4194304                                   {product} {ergonomic}
   size_t MarkStackSizeMax                         = 536870912                                 {product} {ergonomic}
   size_t MaxHeapSize                              = 2105540608                                {product} {ergonomic}
   size_t MaxNewSize                               = 1262485504                                {product} {ergonomic}
   size_t MinHeapDeltaBytes                        = 1048576                                   {product} {ergonomic}
   size_t MinHeapSize                              = 8388608                                   {product} {ergonomic}
    uintx NonNMethodCodeHeapSize                   = 5832704                                {pd product} {ergonomic}
    uintx NonProfiledCodeHeapSize                  = 122945536                              {pd product} {ergonomic}
    uintx ProfiledCodeHeapSize                     = 122880000                              {pd product} {ergonomic}
    uintx ReservedCodeCacheSize                    = 251658240                              {pd product} {ergonomic}
     bool SegmentedCodeCache                       = true                                      {product} {ergonomic}
   size_t SoftMaxHeapSize                          = 2105540608                             {manageable} {ergonomic}
     bool UseCompressedOops                        = true                           {product lp64_product} {ergonomic}
     bool UseG1GC                                  = true                                      {product} {ergonomic}
     bool UseLargePagesIndividualAllocation        = false                                  {pd product} {ergonomic}

Logging:
Log output configuration:
 #0: stdout all=warning uptime,level,tags foldmultilines=false
 #1: stderr all=off uptime,level,tags foldmultilines=false

Environment Variables:
JAVA_HOME=C:\Program Files\Java\jdk-23
PATH=C:\Program Files\Zulu\zulu-23\bin\;C:\oraclexe\app\oracle\product\11.2.0\server\bin;C:\Program Files\Common Files\Oracle\Java\javapath;C:\Program Files (x86)\Common Files\Oracle\Java\javapath;C:\Windows\system32;C:\Windows;C:\Windows\System32\Wbem;C:\Windows\System32\WindowsPowerShell\v1.0\;C:\WINDOWS\system32;C:\WINDOWS;C:\WINDOWS\System32\Wbem;C:\WINDOWS\System32\WindowsPowerShell\v1.0\;C:\WINDOWS\System32\OpenSSH\;C:\Users\lenovo\AppData\Roaming\Python\Python37\Scripts;C:\Users\lenovo\AppData\Local\Programs\Python\Python310;C:\Users\lenovo\AppData\Local\Programs\Python\Python310\Scripts;C:\Program Files\NVIDIA Corporation\NVIDIA NvDLISR;C:\cmder;C:\Program Files\nodejs\;C:\Program Files (x86)\NVIDIA Corporation\PhysX\Common;C:\Program Files\Git\cmd;C:\Program Files\Java\jdk-23\bin;C:\Users\lenovo\AppData\Local\Microsoft\WindowsApps;C:\Users\lenovo\AppData\Local\Programs\Python\Python310;C:\Users\lenovo\AppData\Local\Programs\Python\Python310\Scripts;C:\Users\lenovo\AppData\Local\Programs\Microsoft VS Code\bin;C:\kotlinc\bin;C:\Program Files\JetBrains\IntelliJ IDEA Community Edition 2022.2.3\bin;;C:\Program Files\Java\jdk-19\bin;C:\Program Files\Java\jre1.8.0_321\bin;C:\cmder;C:\MinGW\bin;C:\Users\lenovo\AppData\Roaming\npm
USERNAME=lenovo
OS=Windows_NT
PROCESSOR_IDENTIFIER=Intel64 Family 6 Model 142 Stepping 12, GenuineIntel
TMP=C:\Users\lenovo\AppData\Local\Temp
TEMP=C:\Users\lenovo\AppData\Local\Temp




Periodic native trim disabled

---------------  S Y S T E M  ---------------

OS:
 Windows 10 , 64 bit Build 19041 (10.0.19041.5072)
OS uptime: 4 days 7:56 hours

CPU: total 4 (initial active 4) (2 cores per cpu, 2 threads per core) family 6 model 142 stepping 12 microcode 0xea, cx8, cmov, fxsr, ht, mmx, 3dnowpref, sse, sse2, sse3, ssse3, sse4.1, sse4.2, popcnt, lzcnt, tsc, tscinvbit, avx, avx2, aes, erms, clmul, bmi1, bmi2, adx, fma, vzeroupper, clflush, clflushopt, rdtscp, f16c
Processor Information for the first 4 processors :
  Max Mhz: 2592, Current Mhz: 2093, Mhz Limit: 2073

Memory: 4k page, system-wide physical 8027M (541M free)
TotalPageFile size 12123M (AvailPageFile size 7M)
current process WorkingSet (physical memory assigned to process): 401M, peak: 401M
current process commit charge ("private bytes"): 457M, peak: 484M

vm_info: OpenJDK 64-Bit Server VM (23.0.1+11) for windows-amd64 JRE (23.0.1+11) (Zulu23.30+13-CA), built on 2024-10-04T17:23:40Z with MS VC++ 17.1 (VS2022)

END.
