#
# There is insufficient memory for the Java Runtime Environment to continue.
# Native memory allocation (mmap) failed to map 132120576 bytes. Error detail: G1 virtual space
# Possible reasons:
#   The system is out of physical RAM or swap space
#   This process is running with CompressedOops enabled, and the Java Heap may be blocking the growth of the native heap
# Possible solutions:
#   Reduce memory load on the system
#   Increase physical memory or swap space
#   Check if swap backing store is full
#   Decrease Java heap size (-Xmx/-Xms)
#   Decrease number of Java threads
#   Decrease Java thread stack sizes (-Xss)
#   Set larger code cache with -XX:ReservedCodeCacheSize=
#   JVM is running with Unscaled Compressed Oops mode in which the Java heap is
#     placed in the first 4GB address space. The Java Heap base address is the
#     maximum limit for the native heap growth. Please use -XX:HeapBaseMinAddress
#     to set the Java Heap base and to place the Java Heap above 4GB virtual address.
# This output file may be truncated or incomplete.
#
#  Out of Memory Error (os_windows.cpp:3703), pid=4036, tid=1580
#
# JRE version:  (23.0.1+11) (build )
# Java VM: OpenJDK 64-Bit Server VM (23.0.1+11, mixed mode, sharing, tiered, compressed oops, compressed class ptrs, g1 gc, windows-amd64)
# No core dump will be written. Minidumps are not enabled by default on client versions of Windows
#

---------------  S U M M A R Y ------------

Command Line: -Dfile.encoding=UTF-8 --module-path=C:\Users\lenovo\Downloads\openjfx-23.0.1_windows-x64_bin-sdk\javafx-sdk-23.0.1\lib --add-modules=javafx.controls,javafx.fxml --module-path=C:\Users\lenovo\Documents\NetBeansProjects\RentCar\build\classes;C:\Users\lenovo\Downloads\openjfx-23.0.1_windows-x64_bin-sdk\javafx-sdk-23.0.1\lib\javafx-swt.jar;C:\Users\lenovo\Downloads\openjfx-23.0.1_windows-x64_bin-sdk\javafx-sdk-23.0.1\lib\javafx.base.jar;C:\Users\lenovo\Downloads\openjfx-23.0.1_windows-x64_bin-sdk\javafx-sdk-23.0.1\lib\javafx.controls.jar;C:\Users\lenovo\Downloads\openjfx-23.0.1_windows-x64_bin-sdk\javafx-sdk-23.0.1\lib\javafx.fxml.jar;C:\Users\lenovo\Downloads\openjfx-23.0.1_windows-x64_bin-sdk\javafx-sdk-23.0.1\lib\javafx.graphics.jar;C:\Users\lenovo\Downloads\openjfx-23.0.1_windows-x64_bin-sdk\javafx-sdk-23.0.1\lib\javafx.media.jar;C:\Users\lenovo\Downloads\openjfx-23.0.1_windows-x64_bin-sdk\javafx-sdk-23.0.1\lib\javafx.swing.jar;C:\Users\lenovo\Downloads\openjfx-23.0.1_windows-x64_bin-sdk\javafx-sdk-23.0.1\lib\javafx.web.jar NewFXMain

Host: Intel(R) Core(TM) i3-10110U CPU @ 2.10GHz, 4 cores, 7G,  Windows 10 , 64 bit Build 19041 (10.0.19041.5198)
Time: Wed Jan 22 05:33:14 2025 Afr. centrale Ouest elapsed time: 0.010708 seconds (0d 0h 0m 0s)

---------------  T H R E A D  ---------------

Current thread (0x000001f920203860):  JavaThread "Unknown thread" [_thread_in_vm, id=1580, stack(0x000000edc0300000,0x000000edc0400000) (1024K)]

Stack: [0x000000edc0300000,0x000000edc0400000]
Native frames: (J=compiled Java code, j=interpreted, Vv=VM code, C=native code)
V  [jvm.dll+0x6ef889]  (no source info available)
V  [jvm.dll+0x8e04e3]  (no source info available)
V  [jvm.dll+0x8e27ae]  (no source info available)
V  [jvm.dll+0x8e2e93]  (no source info available)
V  [jvm.dll+0x285b86]  (no source info available)
V  [jvm.dll+0x6ec0e5]  (no source info available)
V  [jvm.dll+0x6dfdea]  (no source info available)
V  [jvm.dll+0x367d9a]  (no source info available)
V  [jvm.dll+0x3701d6]  (no source info available)
V  [jvm.dll+0x35c73e]  (no source info available)
V  [jvm.dll+0x35c9d8]  (no source info available)
V  [jvm.dll+0x334a7c]  (no source info available)
V  [jvm.dll+0x33571e]  (no source info available)
V  [jvm.dll+0x8a5d45]  (no source info available)
V  [jvm.dll+0x3c5bd8]  (no source info available)
V  [jvm.dll+0x88e93c]  (no source info available)
V  [jvm.dll+0x45fbae]  (no source info available)
V  [jvm.dll+0x4619f1]  (no source info available)
C  [jli.dll+0x52a3]  (no source info available)
C  [ucrtbase.dll+0x21bb2]  (no source info available)
C  [KERNEL32.DLL+0x17374]  (no source info available)
C  [ntdll.dll+0x4cc91]  (no source info available)

Lock stack of current Java thread (top to bottom):


---------------  P R O C E S S  ---------------

Threads class SMR info:
_java_thread_list=0x00007ffb96d41ad8, length=0, elements={
}

Java Threads: ( => current thread )
Total: 0

Other Threads:
  0x000001f92025b0d0 WorkerThread "GC Thread#0"                     [id=10828, stack(0x000000edc0400000,0x000000edc0500000) (1024K)]
  0x000001f92026fae0 ConcurrentGCThread "G1 Main Marker"            [id=6892, stack(0x000000edc0500000,0x000000edc0600000) (1024K)]
  0x000001f920270f40 WorkerThread "G1 Conc#0"                       [id=5960, stack(0x000000edc0600000,0x000000edc0700000) (1024K)]

[error occurred during error reporting (printing all threads), id 0xc0000005, EXCEPTION_ACCESS_VIOLATION (0xc0000005) at pc=0x00007ffb96418c0a]
VM state: not at safepoint (not fully initialized)

VM Mutex/Monitor currently owned by a thread:  ([mutex/lock_event])
[0x00007ffb96dc4e70] Heap_lock - owner thread: 0x000001f920203860

Heap address: 0x0000000082800000, size: 2008 MB, Compressed Oops mode: 32-bit

CDS archive(s) mapped at: [0x0000000000000000-0x0000000000000000-0x0000000000000000), size 0, SharedBaseAddress: 0x0000000800000000, ArchiveRelocationMode: 1.
Narrow klass base: 0x0000000000000000, Narrow klass shift: 0, Narrow klass range: 0x0

GC Precious Log:
 CardTable entry size: 512
 Card Set container configuration: InlinePtr #cards 5 size 8 Array Of Cards #cards 10 size 36 Howl #buckets 4 coarsen threshold 1843 Howl Bitmap #cards 512 size 80 coarsen threshold 460 Card regions per heap region 1 cards per card region 2048

Heap:
 garbage-first heap   total reserved 2056192K, committed 0K, used 0K [0x0000000082800000, 0x0000000100000000)
  region size 1024K, 0 young (0K), 0 survivors (0K)

[error occurred during error reporting (printing heap information), id 0xc0000005, EXCEPTION_ACCESS_VIOLATION (0xc0000005) at pc=0x00007ffb9681bc69]
GC Heap History (0 events):
No events

Dll operation events (1 events):
Event: 0.006 Loaded shared library C:\Program Files\Zulu\zulu-23\bin\java.dll

Deoptimization events (0 events):
No events

Classes loaded (0 events):
No events

Classes unloaded (0 events):
No events

Classes redefined (0 events):
No events

Internal exceptions (0 events):
No events

VM Operations (0 events):
No events

Memory protections (0 events):
No events

Nmethod flushes (0 events):
No events

Events (0 events):
No events


Dynamic libraries:
0x00007ff778240000 - 0x00007ff77824e000 	C:\Program Files\Zulu\zulu-23\bin\java.exe
0x00007ffbd0310000 - 0x00007ffbd0508000 	C:\WINDOWS\SYSTEM32\ntdll.dll
0x00007ffbcf930000 - 0x00007ffbcf9f2000 	C:\WINDOWS\System32\KERNEL32.DLL
0x00007ffbce020000 - 0x00007ffbce31f000 	C:\WINDOWS\System32\KERNELBASE.dll
0x00007ffbcdac0000 - 0x00007ffbcdbc0000 	C:\WINDOWS\System32\ucrtbase.dll
0x00007ffbc3640000 - 0x00007ffbc365b000 	C:\Program Files\Zulu\zulu-23\bin\VCRUNTIME140.dll
0x00007ffbc8100000 - 0x00007ffbc8117000 	C:\Program Files\Zulu\zulu-23\bin\jli.dll
0x00007ffbce780000 - 0x00007ffbce91d000 	C:\WINDOWS\System32\USER32.dll
0x00007ffbcdcf0000 - 0x00007ffbcdd12000 	C:\WINDOWS\System32\win32u.dll
0x00007ffbb7530000 - 0x00007ffbb77ca000 	C:\WINDOWS\WinSxS\amd64_microsoft.windows.common-controls_6595b64144ccf1df_6.0.19041.4355_none_60b8b9eb71f62e16\COMCTL32.dll
0x00007ffbced50000 - 0x00007ffbced7b000 	C:\WINDOWS\System32\GDI32.dll
0x00007ffbcd9a0000 - 0x00007ffbcdab7000 	C:\WINDOWS\System32\gdi32full.dll
0x00007ffbcf890000 - 0x00007ffbcf92e000 	C:\WINDOWS\System32\msvcrt.dll
0x00007ffbcdc50000 - 0x00007ffbcdced000 	C:\WINDOWS\System32\msvcp_win.dll
0x00007ffbd02a0000 - 0x00007ffbd02cf000 	C:\WINDOWS\System32\IMM32.DLL
0x00007ffbc82f0000 - 0x00007ffbc82fc000 	C:\Program Files\Zulu\zulu-23\bin\vcruntime140_1.dll
0x00007ffbaa440000 - 0x00007ffbaa4ce000 	C:\Program Files\Zulu\zulu-23\bin\msvcp140.dll
0x00007ffb960d0000 - 0x00007ffb96ea6000 	C:\Program Files\Zulu\zulu-23\bin\server\jvm.dll
0x00007ffbcfa10000 - 0x00007ffbcfac1000 	C:\WINDOWS\System32\ADVAPI32.dll
0x00007ffbd0200000 - 0x00007ffbd029f000 	C:\WINDOWS\System32\sechost.dll
0x00007ffbce440000 - 0x00007ffbce563000 	C:\WINDOWS\System32\RPCRT4.dll
0x00007ffbcde20000 - 0x00007ffbcde47000 	C:\WINDOWS\System32\bcrypt.dll
0x00007ffbce6b0000 - 0x00007ffbce71b000 	C:\WINDOWS\System32\WS2_32.dll
0x00007ffbc4790000 - 0x00007ffbc479a000 	C:\WINDOWS\SYSTEM32\VERSION.dll
0x00007ffbcd800000 - 0x00007ffbcd84b000 	C:\WINDOWS\SYSTEM32\POWRPROF.dll
0x00007ffbba0c0000 - 0x00007ffbba0e7000 	C:\WINDOWS\SYSTEM32\WINMM.dll
0x00007ffbcd7e0000 - 0x00007ffbcd7f2000 	C:\WINDOWS\SYSTEM32\UMPDC.dll
0x00007ffbcba00000 - 0x00007ffbcba12000 	C:\WINDOWS\SYSTEM32\kernel.appcore.dll
0x00007ffbc82d0000 - 0x00007ffbc82da000 	C:\Program Files\Zulu\zulu-23\bin\jimage.dll
0x00007ffbcb5d0000 - 0x00007ffbcb7b4000 	C:\WINDOWS\SYSTEM32\DBGHELP.DLL
0x00007ffbb2a00000 - 0x00007ffbb2a34000 	C:\WINDOWS\SYSTEM32\dbgcore.DLL
0x00007ffbcdbc0000 - 0x00007ffbcdc42000 	C:\WINDOWS\System32\bcryptPrimitives.dll
0x00007ffbc3600000 - 0x00007ffbc361e000 	C:\Program Files\Zulu\zulu-23\bin\java.dll
0x00007ffbcfad0000 - 0x00007ffbcfbfb000 	C:\WINDOWS\System32\ole32.dll
0x00007ffbce9f0000 - 0x00007ffbced45000 	C:\WINDOWS\System32\combase.dll
0x00007ffbcf070000 - 0x00007ffbcf7de000 	C:\WINDOWS\System32\SHELL32.dll

dbghelp: loaded successfully - version: 4.0.5 - missing functions: none
symbol engine: initialized successfully - sym options: 0x614 - pdb path: .;C:\Program Files\Zulu\zulu-23\bin;C:\WINDOWS\SYSTEM32;C:\WINDOWS\WinSxS\amd64_microsoft.windows.common-controls_6595b64144ccf1df_6.0.19041.4355_none_60b8b9eb71f62e16;C:\Program Files\Zulu\zulu-23\bin\server

VM Arguments:
jvm_args: -Dfile.encoding=UTF-8 --module-path=C:\Users\lenovo\Downloads\openjfx-23.0.1_windows-x64_bin-sdk\javafx-sdk-23.0.1\lib --add-modules=javafx.controls,javafx.fxml --module-path=C:\Users\lenovo\Documents\NetBeansProjects\RentCar\build\classes;C:\Users\lenovo\Downloads\openjfx-23.0.1_windows-x64_bin-sdk\javafx-sdk-23.0.1\lib\javafx-swt.jar;C:\Users\lenovo\Downloads\openjfx-23.0.1_windows-x64_bin-sdk\javafx-sdk-23.0.1\lib\javafx.base.jar;C:\Users\lenovo\Downloads\openjfx-23.0.1_windows-x64_bin-sdk\javafx-sdk-23.0.1\lib\javafx.controls.jar;C:\Users\lenovo\Downloads\openjfx-23.0.1_windows-x64_bin-sdk\javafx-sdk-23.0.1\lib\javafx.fxml.jar;C:\Users\lenovo\Downloads\openjfx-23.0.1_windows-x64_bin-sdk\javafx-sdk-23.0.1\lib\javafx.graphics.jar;C:\Users\lenovo\Downloads\openjfx-23.0.1_windows-x64_bin-sdk\javafx-sdk-23.0.1\lib\javafx.media.jar;C:\Users\lenovo\Downloads\openjfx-23.0.1_windows-x64_bin-sdk\javafx-sdk-23.0.1\lib\javafx.swing.jar;C:\Users\lenovo\Downloads\openjfx-23.0.1_windows-x64_bin-sdk\javafx-sdk-23.0.1\lib\javafx.web.jar 
java_command: NewFXMain
java_class_path (initial): C:\Users\lenovo\Downloads\openjfx-23.0.1_windows-x64_bin-sdk\javafx-sdk-23.0.1\lib\javafx-swt.jar;C:\Users\lenovo\Downloads\openjfx-23.0.1_windows-x64_bin-sdk\javafx-sdk-23.0.1\lib\javafx.base.jar;C:\Users\lenovo\Downloads\openjfx-23.0.1_windows-x64_bin-sdk\javafx-sdk-23.0.1\lib\javafx.controls.jar;C:\Users\lenovo\Downloads\openjfx-23.0.1_windows-x64_bin-sdk\javafx-sdk-23.0.1\lib\javafx.fxml.jar;C:\Users\lenovo\Downloads\openjfx-23.0.1_windows-x64_bin-sdk\javafx-sdk-23.0.1\lib\javafx.graphics.jar;C:\Users\lenovo\Downloads\openjfx-23.0.1_windows-x64_bin-sdk\javafx-sdk-23.0.1\lib\javafx.media.jar;C:\Users\lenovo\Downloads\openjfx-23.0.1_windows-x64_bin-sdk\javafx-sdk-23.0.1\lib\javafx.swing.jar;C:\Users\lenovo\Downloads\openjfx-23.0.1_windows-x64_bin-sdk\javafx-sdk-23.0.1\lib\javafx.web.jar;C:\Users\lenovo\Desktop\mysql-connector-j-9.1.0\mysql-connector-j-9.1.0\mysql-connector-j-9.1.0.jar;C:\Users\lenovo\Documents\NetBeansProjects\RentCar\build\classes
Launcher Type: SUN_STANDARD

[Global flags]
     intx CICompilerCount                          = 3                                         {product} {ergonomic}
     uint ConcGCThreads                            = 1                                         {product} {ergonomic}
     uint G1ConcRefinementThreads                  = 4                                         {product} {ergonomic}
   size_t G1HeapRegionSize                         = 1048576                                   {product} {ergonomic}
   size_t InitialHeapSize                          = 132120576                                 {product} {ergonomic}
   size_t MarkStackSize                            = 4194304                                   {product} {ergonomic}
   size_t MarkStackSizeMax                         = 536870912                                 {product} {ergonomic}
   size_t MaxHeapSize                              = 2105540608                                {product} {ergonomic}
   size_t MinHeapDeltaBytes                        = 1048576                                   {product} {ergonomic}
   size_t MinHeapSize                              = 8388608                                   {product} {ergonomic}
    uintx NonNMethodCodeHeapSize                   = 5832704                                {pd product} {ergonomic}
    uintx NonProfiledCodeHeapSize                  = 122945536                              {pd product} {ergonomic}
    uintx ProfiledCodeHeapSize                     = 122880000                              {pd product} {ergonomic}
    uintx ReservedCodeCacheSize                    = 251658240                              {pd product} {ergonomic}
     bool SegmentedCodeCache                       = true                                      {product} {ergonomic}
   size_t SoftMaxHeapSize                          = 2105540608                             {manageable} {ergonomic}
     bool UseCompressedOops                        = true                           {product lp64_product} {ergonomic}
     bool UseG1GC                                  = true                                      {product} {ergonomic}
     bool UseLargePagesIndividualAllocation        = false                                  {pd product} {ergonomic}

Logging:
Log output configuration:
 #0: stdout all=warning uptime,level,tags foldmultilines=false
 #1: stderr all=off uptime,level,tags foldmultilines=false

Environment Variables:
JAVA_HOME=C:\Program Files\Java\jdk-23
PATH=C:\Program Files\Zulu\zulu-23\bin\;C:\oraclexe\app\oracle\product\11.2.0\server\bin;C:\Program Files\Common Files\Oracle\Java\javapath;C:\Program Files (x86)\Common Files\Oracle\Java\javapath;C:\Windows\system32;C:\Windows;C:\Windows\System32\Wbem;C:\Windows\System32\WindowsPowerShell\v1.0\;C:\WINDOWS\system32;C:\WINDOWS;C:\WINDOWS\System32\Wbem;C:\WINDOWS\System32\WindowsPowerShell\v1.0\;C:\WINDOWS\System32\OpenSSH\;C:\Users\lenovo\AppData\Roaming\Python\Python37\Scripts;C:\Users\lenovo\AppData\Local\Programs\Python\Python310;C:\Users\lenovo\AppData\Local\Programs\Python\Python310\Scripts;C:\Program Files\NVIDIA Corporation\NVIDIA NvDLISR;C:\cmder;C:\Program Files\nodejs\;C:\Program Files (x86)\NVIDIA Corporation\PhysX\Common;C:\Program Files\Git\cmd;C:\Program Files\Java\jdk-23\bin;C:\Program Files\MongoDB\Server\8.0\bin;C:\Users\lenovo\AppData\Local\Microsoft\WindowsApps;C:\Users\lenovo\AppData\Local\Programs\Python\Python310;C:\Users\lenovo\AppData\Local\Programs\Python\Python310\Scripts;C:\Users\lenovo\AppData\Local\Programs\Microsoft VS Code\bin;C:\kotlinc\bin;C:\Program Files\JetBrains\IntelliJ IDEA Community Edition 2022.2.3\bin;;C:\Program Files\Java\jdk-19\bin;C:\Program Files\Java\jre1.8.0_321\bin;C:\cmder;C:\MinGW\bin;C:\Users\lenovo\AppData\Roaming\npm
USERNAME=lenovo
OS=Windows_NT
PROCESSOR_IDENTIFIER=Intel64 Family 6 Model 142 Stepping 12, GenuineIntel
TMP=C:\Users\lenovo\AppData\Local\Temp
TEMP=C:\Users\lenovo\AppData\Local\Temp




Periodic native trim disabled

---------------  S Y S T E M  ---------------

OS:
 Windows 10 , 64 bit Build 19041 (10.0.19041.5198)
OS uptime: 0 days 11:23 hours

CPU: total 4 (initial active 4) (2 cores per cpu, 2 threads per core) family 6 model 142 stepping 12 microcode 0xea, cx8, cmov, fxsr, ht, mmx, 3dnowpref, sse, sse2, sse3, ssse3, sse4.1, sse4.2, popcnt, lzcnt, tsc, tscinvbit, avx, avx2, aes, erms, clmul, bmi1, bmi2, adx, fma, vzeroupper, clflush, clflushopt, rdtscp, f16c
Processor Information for the first 4 processors :
  Max Mhz: 2592, Current Mhz: 2093, Mhz Limit: 2073

Memory: 4k page, system-wide physical 8027M (686M free)
TotalPageFile size 12123M (AvailPageFile size 30M)
current process WorkingSet (physical memory assigned to process): 11M, peak: 11M
current process commit charge ("private bytes"): 52M, peak: 178M

vm_info: OpenJDK 64-Bit Server VM (23.0.1+11) for windows-amd64 JRE (23.0.1+11) (Zulu23.30+13-CA), built on 2024-10-04T17:23:40Z with MS VC++ 17.1 (VS2022)

END.
