#
# There is insufficient memory for the Java Runtime Environment to continue.
# Native memory allocation (malloc) failed to allocate 840496 bytes. Error detail: Chunk::new
# Possible reasons:
#   The system is out of physical RAM or swap space
#   This process is running with CompressedOops enabled, and the Java Heap may be blocking the growth of the native heap
# Possible solutions:
#   Reduce memory load on the system
#   Increase physical memory or swap space
#   Check if swap backing store is full
#   Decrease Java heap size (-Xmx/-Xms)
#   Decrease number of Java threads
#   Decrease Java thread stack sizes (-Xss)
#   Set larger code cache with -XX:ReservedCodeCacheSize=
#   JVM is running with Unscaled Compressed Oops mode in which the Java heap is
#     placed in the first 4GB address space. The Java Heap base address is the
#     maximum limit for the native heap growth. Please use -XX:HeapBaseMinAddress
#     to set the Java Heap base and to place the Java Heap above 4GB virtual address.
# This output file may be truncated or incomplete.
#
#  Out of Memory Error (arena.cpp:149), pid=7632, tid=11028
#
# JRE version: OpenJDK Runtime Environment Zulu23.30+13-CA (23.0.1+11) (build 23.0.1+11)
# Java VM: OpenJDK 64-Bit Server VM Zulu23.30+13-CA (23.0.1+11, mixed mode, sharing, tiered, compressed oops, compressed class ptrs, g1 gc, windows-amd64)
# No core dump will be written. Minidumps are not enabled by default on client versions of Windows
#

---------------  S U M M A R Y ------------

Command Line: -Dfile.encoding=UTF-8 --module-path=C:\Users\lenovo\Downloads\openjfx-23.0.1_windows-x64_bin-sdk\javafx-sdk-23.0.1\lib --add-modules=javafx.controls,javafx.fxml --module-path=C:\Users\lenovo\Documents\NetBeansProjects\RentCar\build\classes;C:\Users\lenovo\Downloads\openjfx-23.0.1_windows-x64_bin-sdk\javafx-sdk-23.0.1\lib\javafx-swt.jar;C:\Users\lenovo\Downloads\openjfx-23.0.1_windows-x64_bin-sdk\javafx-sdk-23.0.1\lib\javafx.base.jar;C:\Users\lenovo\Downloads\openjfx-23.0.1_windows-x64_bin-sdk\javafx-sdk-23.0.1\lib\javafx.controls.jar;C:\Users\lenovo\Downloads\openjfx-23.0.1_windows-x64_bin-sdk\javafx-sdk-23.0.1\lib\javafx.fxml.jar;C:\Users\lenovo\Downloads\openjfx-23.0.1_windows-x64_bin-sdk\javafx-sdk-23.0.1\lib\javafx.graphics.jar;C:\Users\lenovo\Downloads\openjfx-23.0.1_windows-x64_bin-sdk\javafx-sdk-23.0.1\lib\javafx.media.jar;C:\Users\lenovo\Downloads\openjfx-23.0.1_windows-x64_bin-sdk\javafx-sdk-23.0.1\lib\javafx.swing.jar;C:\Users\lenovo\Downloads\openjfx-23.0.1_windows-x64_bin-sdk\javafx-sdk-23.0.1\lib\javafx.web.jar NewFXMain

Host: Intel(R) Core(TM) i3-10110U CPU @ 2.10GHz, 4 cores, 7G,  Windows 10 , 64 bit Build 19041 (10.0.19041.5198)
Time: Wed Jan 22 06:48:18 2025 Afr. centrale Ouest elapsed time: 13.508702 seconds (0d 0h 0m 13s)

---------------  T H R E A D  ---------------

Current thread (0x000001df36c5ed60):  JavaThread "C2 CompilerThread0" daemon [_thread_in_native, id=11028, stack(0x0000006708800000,0x0000006708900000) (1024K)]


Current CompileTask:
C2:13535 5091       4       com.sun.javafx.css.StyleManager$Cache::getStyleMap (400 bytes)

Stack: [0x0000006708800000,0x0000006708900000]
Native frames: (J=compiled Java code, j=interpreted, Vv=VM code, C=native code)
V  [jvm.dll+0x6ef889]  (no source info available)
V  [jvm.dll+0x8e04e3]  (no source info available)
V  [jvm.dll+0x8e27ae]  (no source info available)
V  [jvm.dll+0x8e2e93]  (no source info available)
V  [jvm.dll+0x285b86]  (no source info available)
V  [jvm.dll+0xbcb0f]  (no source info available)
V  [jvm.dll+0xbcd6b]  (no source info available)
V  [jvm.dll+0x3bf972]  (no source info available)
V  [jvm.dll+0x395e5b]  (no source info available)
V  [jvm.dll+0x3952ca]  (no source info available)
V  [jvm.dll+0x24edc8]  (no source info available)
V  [jvm.dll+0x24e171]  (no source info available)
V  [jvm.dll+0x1cbb4a]  (no source info available)
V  [jvm.dll+0x25e2ab]  (no source info available)
V  [jvm.dll+0x25c56a]  (no source info available)
V  [jvm.dll+0x3faaa6]  (no source info available)
V  [jvm.dll+0x886708]  (no source info available)
V  [jvm.dll+0x6ee0a5]  (no source info available)
C  [ucrtbase.dll+0x21bb2]  (no source info available)
C  [KERNEL32.DLL+0x17374]  (no source info available)
C  [ntdll.dll+0x4cc91]  (no source info available)

Lock stack of current Java thread (top to bottom):


---------------  P R O C E S S  ---------------

Threads class SMR info:
_java_thread_list=0x000001df067d2ae0, length=19, elements={
0x000001df17250860, 0x000001df36c50c10, 0x000001df36c52b40, 0x000001df36c54910,
0x000001df36c57600, 0x000001df36c58060, 0x000001df36c58ac0, 0x000001df36c5ed60,
0x000001df36c5f810, 0x000001df7c0d1060, 0x000001df7c1e86b0, 0x000001df7cf94f00,
0x000001df7d2be960, 0x000001df7d2cd0b0, 0x000001df7d71dda0, 0x000001df7c4ad080,
0x000001df7cd7b9d0, 0x000001df7d08d810, 0x000001df7d08e530
}

Java Threads: ( => current thread )
  0x000001df17250860 JavaThread "main"                              [_thread_blocked, id=9376, stack(0x0000006707a00000,0x0000006707b00000) (1024K)]
  0x000001df36c50c10 JavaThread "Reference Handler"          daemon [_thread_blocked, id=3808, stack(0x0000006708200000,0x0000006708300000) (1024K)]
  0x000001df36c52b40 JavaThread "Finalizer"                  daemon [_thread_blocked, id=12168, stack(0x0000006708300000,0x0000006708400000) (1024K)]
  0x000001df36c54910 JavaThread "Signal Dispatcher"          daemon [_thread_blocked, id=600, stack(0x0000006708400000,0x0000006708500000) (1024K)]
  0x000001df36c57600 JavaThread "Attach Listener"            daemon [_thread_blocked, id=7420, stack(0x0000006708500000,0x0000006708600000) (1024K)]
  0x000001df36c58060 JavaThread "Service Thread"             daemon [_thread_blocked, id=1828, stack(0x0000006708600000,0x0000006708700000) (1024K)]
  0x000001df36c58ac0 JavaThread "Monitor Deflation Thread"   daemon [_thread_blocked, id=3260, stack(0x0000006708700000,0x0000006708800000) (1024K)]
=>0x000001df36c5ed60 JavaThread "C2 CompilerThread0"         daemon [_thread_in_native, id=11028, stack(0x0000006708800000,0x0000006708900000) (1024K)]
  0x000001df36c5f810 JavaThread "C1 CompilerThread0"         daemon [_thread_blocked, id=4636, stack(0x0000006708900000,0x0000006708a00000) (1024K)]
  0x000001df7c0d1060 JavaThread "Common-Cleaner"             daemon [_thread_blocked, id=9684, stack(0x0000006708a00000,0x0000006708b00000) (1024K)]
  0x000001df7c1e86b0 JavaThread "Notification Thread"        daemon [_thread_blocked, id=7556, stack(0x0000006708c00000,0x0000006708d00000) (1024K)]
  0x000001df7cf94f00 JavaThread "QuantumRenderer-0"          daemon [_thread_in_native, id=8900, stack(0x0000006708d00000,0x0000006708e00000) (1024K)]
  0x000001df7d2be960 JavaThread "InvokeLaterDispatcher"      daemon [_thread_blocked, id=396, stack(0x0000006708e00000,0x0000006708f00000) (1024K)]
  0x000001df7d2cd0b0 JavaThread "JavaFX Application Thread"         [_thread_in_native, id=9808, stack(0x0000006708f00000,0x0000006709000000) (1024K)]
  0x000001df7d71dda0 JavaThread "JavaFX-Launcher"                   [_thread_blocked, id=9696, stack(0x0000006709400000,0x0000006709500000) (1024K)]
  0x000001df7c4ad080 JavaThread "Thread-2"                   daemon [_thread_in_native, id=2500, stack(0x0000006709300000,0x0000006709400000) (1024K)]
  0x000001df7cd7b9d0 JavaThread "Prism Font Disposer"        daemon [_thread_blocked, id=9352, stack(0x0000006709800000,0x0000006709900000) (1024K)]
  0x000001df7d08d810 JavaThread "mysql-cj-abandoned-connection-cleanup" daemon [_thread_blocked, id=10652, stack(0x0000006709c00000,0x0000006709d00000) (1024K)]
  0x000001df7d08e530 JavaThread "Cleaner-0"                  daemon [_thread_blocked, id=7904, stack(0x0000006708b00000,0x0000006708c00000) (1024K)]
Total: 19

Other Threads:
  0x000001df36c37eb0 VMThread "VM Thread"                           [id=11960, stack(0x0000006708100000,0x0000006708200000) (1024K)]
  0x000001df36c21ef0 WatcherThread "VM Periodic Task Thread"        [id=1976, stack(0x0000006708000000,0x0000006708100000) (1024K)]
  0x000001df195f9080 WorkerThread "GC Thread#0"                     [id=8708, stack(0x0000006707b00000,0x0000006707c00000) (1024K)]
  0x000001df7c886910 WorkerThread "GC Thread#1"                     [id=6272, stack(0x0000006709500000,0x0000006709600000) (1024K)]
  0x000001df7c886cc0 WorkerThread "GC Thread#2"                     [id=4560, stack(0x0000006709600000,0x0000006709700000) (1024K)]
  0x000001df7cc1d020 WorkerThread "GC Thread#3"                     [id=2064, stack(0x0000006709700000,0x0000006709800000) (1024K)]
  0x000001df1960db50 ConcurrentGCThread "G1 Main Marker"            [id=10144, stack(0x0000006707c00000,0x0000006707d00000) (1024K)]
  0x000001df1960ed10 WorkerThread "G1 Conc#0"                       [id=3680, stack(0x0000006707d00000,0x0000006707e00000) (1024K)]
  0x000001df36af25e0 ConcurrentGCThread "G1 Refine#0"               [id=5244, stack(0x0000006707e00000,0x0000006707f00000) (1024K)]
  0x000001df36af4080 ConcurrentGCThread "G1 Service"                [id=10332, stack(0x0000006707f00000,0x0000006708000000) (1024K)]
Total: 10

Threads with active compile tasks:
C2 CompilerThread0  13995 5091       4       com.sun.javafx.css.StyleManager$Cache::getStyleMap (400 bytes)
Total: 1

VM state: not at safepoint (normal execution)

VM Mutex/Monitor currently owned by a thread: None

Heap address: 0x0000000082800000, size: 2008 MB, Compressed Oops mode: 32-bit

CDS archive(s) mapped at: [0x000001df37000000-0x000001df37d80000-0x000001df37d80000), size 14155776, SharedBaseAddress: 0x000001df37000000, ArchiveRelocationMode: 1.
Compressed class space mapped at: 0x000001df38000000-0x000001df78000000, reserved size: 1073741824
Narrow klass base: 0x000001df37000000, Narrow klass shift: 0, Narrow klass range: 0x41000000

GC Precious Log:
 CardTable entry size: 512
 Card Set container configuration: InlinePtr #cards 5 size 8 Array Of Cards #cards 10 size 36 Howl #buckets 4 coarsen threshold 1843 Howl Bitmap #cards 512 size 80 coarsen threshold 460 Card regions per heap region 1 cards per card region 2048
 CPUs: 4 total, 4 available
 Memory: 8027M
 Large Page Support: Disabled
 NUMA Support: Disabled
 Compressed Oops: Enabled (32-bit)
 Heap Region Size: 1M
 Heap Min Capacity: 8M
 Heap Initial Capacity: 126M
 Heap Max Capacity: 2008M
 Pre-touch: Disabled
 Parallel Workers: 4
 Concurrent Workers: 1
 Concurrent Refinement Workers: 4
 Periodic GC: Disabled

Heap:
 garbage-first heap   total reserved 2056192K, committed 187392K, used 148155K [0x0000000082800000, 0x0000000100000000)
  region size 1024K, 19 young (19456K), 3 survivors (3072K)
 Metaspace       used 29485K, committed 29888K, reserved 1114112K
  class space    used 4274K, committed 4480K, reserved 1048576K

Heap Regions: E=young(eden), S=young(survivor), O=old, HS=humongous(starts), HC=humongous(continues), CS=collection set, F=free, TAMS=top-at-mark-start, PB=parsable bottom
|   0|0x0000000082800000, 0x0000000082900000, 0x0000000082900000|100%| O|  |TAMS 0x0000000082800000| PB 0x0000000082800000| Untracked |  0
|   1|0x0000000082900000, 0x0000000082a00000, 0x0000000082a00000|100%| O|  |TAMS 0x0000000082900000| PB 0x0000000082900000| Untracked |  0
|   2|0x0000000082a00000, 0x0000000082b00000, 0x0000000082b00000|100%| O|  |TAMS 0x0000000082a00000| PB 0x0000000082a00000| Untracked |  0
|   3|0x0000000082b00000, 0x0000000082c00000, 0x0000000082c00000|100%| O|  |TAMS 0x0000000082b00000| PB 0x0000000082b00000| Untracked |  0
|   4|0x0000000082c00000, 0x0000000082d00000, 0x0000000082d00000|100%|HS|  |TAMS 0x0000000082c00000| PB 0x0000000082c00000| Complete |  0
|   5|0x0000000082d00000, 0x0000000082e00000, 0x0000000082e00000|100%|HC|  |TAMS 0x0000000082d00000| PB 0x0000000082d00000| Complete |  0
|   6|0x0000000082e00000, 0x0000000082f00000, 0x0000000082f00000|100%|HC|  |TAMS 0x0000000082e00000| PB 0x0000000082e00000| Complete |  0
|   7|0x0000000082f00000, 0x0000000083000000, 0x0000000083000000|100%|HC|  |TAMS 0x0000000082f00000| PB 0x0000000082f00000| Complete |  0
|   8|0x0000000083000000, 0x0000000083100000, 0x0000000083100000|100%|HC|  |TAMS 0x0000000083000000| PB 0x0000000083000000| Complete |  0
|   9|0x0000000083100000, 0x0000000083200000, 0x0000000083200000|100%|HC|  |TAMS 0x0000000083100000| PB 0x0000000083100000| Complete |  0
|  10|0x0000000083200000, 0x0000000083300000, 0x0000000083300000|100%|HC|  |TAMS 0x0000000083200000| PB 0x0000000083200000| Complete |  0
|  11|0x0000000083300000, 0x0000000083400000, 0x0000000083400000|100%|HC|  |TAMS 0x0000000083300000| PB 0x0000000083300000| Complete |  0
|  12|0x0000000083400000, 0x0000000083500000, 0x0000000083500000|100%|HC|  |TAMS 0x0000000083400000| PB 0x0000000083400000| Complete |  0
|  13|0x0000000083500000, 0x0000000083600000, 0x0000000083600000|100%|HC|  |TAMS 0x0000000083500000| PB 0x0000000083500000| Complete |  0
|  14|0x0000000083600000, 0x0000000083700000, 0x0000000083700000|100%|HC|  |TAMS 0x0000000083600000| PB 0x0000000083600000| Complete |  0
|  15|0x0000000083700000, 0x0000000083800000, 0x0000000083800000|100%|HC|  |TAMS 0x0000000083700000| PB 0x0000000083700000| Complete |  0
|  16|0x0000000083800000, 0x0000000083900000, 0x0000000083900000|100%|HC|  |TAMS 0x0000000083800000| PB 0x0000000083800000| Complete |  0
|  17|0x0000000083900000, 0x0000000083a00000, 0x0000000083a00000|100%|HC|  |TAMS 0x0000000083900000| PB 0x0000000083900000| Complete |  0
|  18|0x0000000083a00000, 0x0000000083b00000, 0x0000000083b00000|100%|HC|  |TAMS 0x0000000083a00000| PB 0x0000000083a00000| Complete |  0
|  19|0x0000000083b00000, 0x0000000083c00000, 0x0000000083c00000|100%|HC|  |TAMS 0x0000000083b00000| PB 0x0000000083b00000| Complete |  0
|  20|0x0000000083c00000, 0x0000000083d00000, 0x0000000083d00000|100%|HC|  |TAMS 0x0000000083c00000| PB 0x0000000083c00000| Complete |  0
|  21|0x0000000083d00000, 0x0000000083e00000, 0x0000000083e00000|100%|HC|  |TAMS 0x0000000083d00000| PB 0x0000000083d00000| Complete |  0
|  22|0x0000000083e00000, 0x0000000083f00000, 0x0000000083f00000|100%|HC|  |TAMS 0x0000000083e00000| PB 0x0000000083e00000| Complete |  0
|  23|0x0000000083f00000, 0x0000000084000000, 0x0000000084000000|100%|HC|  |TAMS 0x0000000083f00000| PB 0x0000000083f00000| Complete |  0
|  24|0x0000000084000000, 0x0000000084100000, 0x0000000084100000|100%|HC|  |TAMS 0x0000000084000000| PB 0x0000000084000000| Complete |  0
|  25|0x0000000084100000, 0x0000000084200000, 0x0000000084200000|100%|HC|  |TAMS 0x0000000084100000| PB 0x0000000084100000| Complete |  0
|  26|0x0000000084200000, 0x0000000084300000, 0x0000000084300000|100%|HC|  |TAMS 0x0000000084200000| PB 0x0000000084200000| Complete |  0
|  27|0x0000000084300000, 0x0000000084400000, 0x0000000084400000|100%|HC|  |TAMS 0x0000000084300000| PB 0x0000000084300000| Complete |  0
|  28|0x0000000084400000, 0x0000000084500000, 0x0000000084500000|100%|HC|  |TAMS 0x0000000084400000| PB 0x0000000084400000| Complete |  0
|  29|0x0000000084500000, 0x0000000084600000, 0x0000000084600000|100%|HC|  |TAMS 0x0000000084500000| PB 0x0000000084500000| Complete |  0
|  30|0x0000000084600000, 0x0000000084700000, 0x0000000084700000|100%|HC|  |TAMS 0x0000000084600000| PB 0x0000000084600000| Complete |  0
|  31|0x0000000084700000, 0x0000000084800000, 0x0000000084800000|100%|HC|  |TAMS 0x0000000084700000| PB 0x0000000084700000| Complete |  0
|  32|0x0000000084800000, 0x0000000084900000, 0x0000000084900000|100%|HC|  |TAMS 0x0000000084800000| PB 0x0000000084800000| Complete |  0
|  33|0x0000000084900000, 0x0000000084a00000, 0x0000000084a00000|100%|HC|  |TAMS 0x0000000084900000| PB 0x0000000084900000| Complete |  0
|  34|0x0000000084a00000, 0x0000000084b00000, 0x0000000084b00000|100%|HC|  |TAMS 0x0000000084a00000| PB 0x0000000084a00000| Complete |  0
|  35|0x0000000084b00000, 0x0000000084c00000, 0x0000000084c00000|100%|HC|  |TAMS 0x0000000084b00000| PB 0x0000000084b00000| Complete |  0
|  36|0x0000000084c00000, 0x0000000084d00000, 0x0000000084d00000|100%|HC|  |TAMS 0x0000000084c00000| PB 0x0000000084c00000| Complete |  0
|  37|0x0000000084d00000, 0x0000000084e00000, 0x0000000084e00000|100%|HC|  |TAMS 0x0000000084d00000| PB 0x0000000084d00000| Complete |  0
|  38|0x0000000084e00000, 0x0000000084f00000, 0x0000000084f00000|100%|HC|  |TAMS 0x0000000084e00000| PB 0x0000000084e00000| Complete |  0
|  39|0x0000000084f00000, 0x0000000085000000, 0x0000000085000000|100%|HC|  |TAMS 0x0000000084f00000| PB 0x0000000084f00000| Complete |  0
|  40|0x0000000085000000, 0x0000000085100000, 0x0000000085100000|100%|HC|  |TAMS 0x0000000085000000| PB 0x0000000085000000| Complete |  0
|  41|0x0000000085100000, 0x0000000085200000, 0x0000000085200000|100%|HC|  |TAMS 0x0000000085100000| PB 0x0000000085100000| Complete |  0
|  42|0x0000000085200000, 0x0000000085300000, 0x0000000085300000|100%|HC|  |TAMS 0x0000000085200000| PB 0x0000000085200000| Complete |  0
|  43|0x0000000085300000, 0x0000000085400000, 0x0000000085400000|100%|HC|  |TAMS 0x0000000085300000| PB 0x0000000085300000| Complete |  0
|  44|0x0000000085400000, 0x0000000085500000, 0x0000000085500000|100%|HC|  |TAMS 0x0000000085400000| PB 0x0000000085400000| Complete |  0
|  45|0x0000000085500000, 0x0000000085600000, 0x0000000085600000|100%|HC|  |TAMS 0x0000000085500000| PB 0x0000000085500000| Complete |  0
|  46|0x0000000085600000, 0x0000000085700000, 0x0000000085700000|100%|HC|  |TAMS 0x0000000085600000| PB 0x0000000085600000| Complete |  0
|  47|0x0000000085700000, 0x0000000085800000, 0x0000000085800000|100%|HC|  |TAMS 0x0000000085700000| PB 0x0000000085700000| Complete |  0
|  48|0x0000000085800000, 0x0000000085900000, 0x0000000085900000|100%|HC|  |TAMS 0x0000000085800000| PB 0x0000000085800000| Complete |  0
|  49|0x0000000085900000, 0x0000000085a00000, 0x0000000085a00000|100%|HC|  |TAMS 0x0000000085900000| PB 0x0000000085900000| Complete |  0
|  50|0x0000000085a00000, 0x0000000085b00000, 0x0000000085b00000|100%|HC|  |TAMS 0x0000000085a00000| PB 0x0000000085a00000| Complete |  0
|  51|0x0000000085b00000, 0x0000000085c00000, 0x0000000085c00000|100%|HC|  |TAMS 0x0000000085b00000| PB 0x0000000085b00000| Complete |  0
|  52|0x0000000085c00000, 0x0000000085d00000, 0x0000000085d00000|100%|HC|  |TAMS 0x0000000085c00000| PB 0x0000000085c00000| Complete |  0
|  53|0x0000000085d00000, 0x0000000085e00000, 0x0000000085e00000|100%|HC|  |TAMS 0x0000000085d00000| PB 0x0000000085d00000| Complete |  0
|  54|0x0000000085e00000, 0x0000000085f00000, 0x0000000085f00000|100%|HC|  |TAMS 0x0000000085e00000| PB 0x0000000085e00000| Complete |  0
|  55|0x0000000085f00000, 0x0000000086000000, 0x0000000086000000|100%|HC|  |TAMS 0x0000000085f00000| PB 0x0000000085f00000| Complete |  0
|  56|0x0000000086000000, 0x0000000086100000, 0x0000000086100000|100%|HC|  |TAMS 0x0000000086000000| PB 0x0000000086000000| Complete |  0
|  57|0x0000000086100000, 0x0000000086200000, 0x0000000086200000|100%|HC|  |TAMS 0x0000000086100000| PB 0x0000000086100000| Complete |  0
|  58|0x0000000086200000, 0x0000000086300000, 0x0000000086300000|100%|HC|  |TAMS 0x0000000086200000| PB 0x0000000086200000| Complete |  0
|  59|0x0000000086300000, 0x0000000086400000, 0x0000000086400000|100%|HC|  |TAMS 0x0000000086300000| PB 0x0000000086300000| Complete |  0
|  60|0x0000000086400000, 0x0000000086500000, 0x0000000086500000|100%|HC|  |TAMS 0x0000000086400000| PB 0x0000000086400000| Complete |  0
|  61|0x0000000086500000, 0x0000000086600000, 0x0000000086600000|100%|HC|  |TAMS 0x0000000086500000| PB 0x0000000086500000| Complete |  0
|  62|0x0000000086600000, 0x0000000086700000, 0x0000000086700000|100%|HC|  |TAMS 0x0000000086600000| PB 0x0000000086600000| Complete |  0
|  63|0x0000000086700000, 0x0000000086800000, 0x0000000086800000|100%|HC|  |TAMS 0x0000000086700000| PB 0x0000000086700000| Complete |  0
|  64|0x0000000086800000, 0x0000000086900000, 0x0000000086900000|100%|HC|  |TAMS 0x0000000086800000| PB 0x0000000086800000| Complete |  0
|  65|0x0000000086900000, 0x0000000086a00000, 0x0000000086a00000|100%|HC|  |TAMS 0x0000000086900000| PB 0x0000000086900000| Complete |  0
|  66|0x0000000086a00000, 0x0000000086b00000, 0x0000000086b00000|100%|HC|  |TAMS 0x0000000086a00000| PB 0x0000000086a00000| Complete |  0
|  67|0x0000000086b00000, 0x0000000086c00000, 0x0000000086c00000|100%|HC|  |TAMS 0x0000000086b00000| PB 0x0000000086b00000| Complete |  0
|  68|0x0000000086c00000, 0x0000000086d00000, 0x0000000086d00000|100%|HC|  |TAMS 0x0000000086c00000| PB 0x0000000086c00000| Complete |  0
|  69|0x0000000086d00000, 0x0000000086e00000, 0x0000000086e00000|100%|HC|  |TAMS 0x0000000086d00000| PB 0x0000000086d00000| Complete |  0
|  70|0x0000000086e00000, 0x0000000086f00000, 0x0000000086f00000|100%|HC|  |TAMS 0x0000000086e00000| PB 0x0000000086e00000| Complete |  0
|  71|0x0000000086f00000, 0x0000000087000000, 0x0000000087000000|100%|HC|  |TAMS 0x0000000086f00000| PB 0x0000000086f00000| Complete |  0
|  72|0x0000000087000000, 0x0000000087100000, 0x0000000087100000|100%|HC|  |TAMS 0x0000000087000000| PB 0x0000000087000000| Complete |  0
|  73|0x0000000087100000, 0x0000000087200000, 0x0000000087200000|100%| O|  |TAMS 0x0000000087100000| PB 0x0000000087100000| Untracked |  0
|  74|0x0000000087200000, 0x0000000087300000, 0x0000000087300000|100%| O|  |TAMS 0x0000000087200000| PB 0x0000000087200000| Untracked |  0
|  75|0x0000000087300000, 0x0000000087400000, 0x0000000087400000|100%| O|Cm|TAMS 0x0000000087300000| PB 0x0000000087300000| Complete |  0
|  76|0x0000000087400000, 0x0000000087500000, 0x0000000087500000|100%| O|  |TAMS 0x0000000087400000| PB 0x0000000087400000| Untracked |  0
|  77|0x0000000087500000, 0x0000000087600000, 0x0000000087600000|100%| O|  |TAMS 0x0000000087500000| PB 0x0000000087500000| Untracked |  0
|  78|0x0000000087600000, 0x0000000087700000, 0x0000000087700000|100%| O|  |TAMS 0x0000000087600000| PB 0x0000000087600000| Untracked |  0
|  79|0x0000000087700000, 0x00000000877c1b30, 0x0000000087800000| 75%| O|  |TAMS 0x0000000087700000| PB 0x0000000087700000| Untracked |  0
|  80|0x0000000087800000, 0x0000000087900000, 0x0000000087900000|100%|HS|  |TAMS 0x0000000087800000| PB 0x0000000087800000| Complete |  0
|  81|0x0000000087900000, 0x0000000087a00000, 0x0000000087a00000|100%|HC|  |TAMS 0x0000000087900000| PB 0x0000000087900000| Complete |  0
|  82|0x0000000087a00000, 0x0000000087a00000, 0x0000000087b00000|  0%| F|  |TAMS 0x0000000087a00000| PB 0x0000000087a00000| Untracked |  0
|  83|0x0000000087b00000, 0x0000000087b00000, 0x0000000087c00000|  0%| F|  |TAMS 0x0000000087b00000| PB 0x0000000087b00000| Untracked |  0
|  84|0x0000000087c00000, 0x0000000087c00000, 0x0000000087d00000|  0%| F|  |TAMS 0x0000000087c00000| PB 0x0000000087c00000| Untracked |  0
|  85|0x0000000087d00000, 0x0000000087d00000, 0x0000000087e00000|  0%| F|  |TAMS 0x0000000087d00000| PB 0x0000000087d00000| Untracked |  0
|  86|0x0000000087e00000, 0x0000000087e00000, 0x0000000087f00000|  0%| F|  |TAMS 0x0000000087e00000| PB 0x0000000087e00000| Untracked |  0
|  87|0x0000000087f00000, 0x0000000087f00000, 0x0000000088000000|  0%| F|  |TAMS 0x0000000087f00000| PB 0x0000000087f00000| Untracked |  0
|  88|0x0000000088000000, 0x0000000088000000, 0x0000000088100000|  0%| F|  |TAMS 0x0000000088000000| PB 0x0000000088000000| Untracked |  0
|  89|0x0000000088100000, 0x0000000088100000, 0x0000000088200000|  0%| F|  |TAMS 0x0000000088100000| PB 0x0000000088100000| Untracked |  0
|  90|0x0000000088200000, 0x0000000088200000, 0x0000000088300000|  0%| F|  |TAMS 0x0000000088200000| PB 0x0000000088200000| Untracked |  0
|  91|0x0000000088300000, 0x0000000088300000, 0x0000000088400000|  0%| F|  |TAMS 0x0000000088300000| PB 0x0000000088300000| Untracked |  0
|  92|0x0000000088400000, 0x0000000088400000, 0x0000000088500000|  0%| F|  |TAMS 0x0000000088400000| PB 0x0000000088400000| Untracked |  0
|  93|0x0000000088500000, 0x0000000088600000, 0x0000000088600000|100%|HS|  |TAMS 0x0000000088500000| PB 0x0000000088500000| Complete |  0
|  94|0x0000000088600000, 0x0000000088700000, 0x0000000088700000|100%|HC|  |TAMS 0x0000000088600000| PB 0x0000000088600000| Complete |  0
|  95|0x0000000088700000, 0x0000000088700000, 0x0000000088800000|  0%| F|  |TAMS 0x0000000088700000| PB 0x0000000088700000| Untracked |  0
|  96|0x0000000088800000, 0x0000000088800000, 0x0000000088900000|  0%| F|  |TAMS 0x0000000088800000| PB 0x0000000088800000| Untracked |  0
|  97|0x0000000088900000, 0x0000000088900000, 0x0000000088a00000|  0%| F|  |TAMS 0x0000000088900000| PB 0x0000000088900000| Untracked |  0
|  98|0x0000000088a00000, 0x0000000088a00000, 0x0000000088b00000|  0%| F|  |TAMS 0x0000000088a00000| PB 0x0000000088a00000| Untracked |  0
|  99|0x0000000088b00000, 0x0000000088b00000, 0x0000000088c00000|  0%| F|  |TAMS 0x0000000088b00000| PB 0x0000000088b00000| Untracked |  0
| 100|0x0000000088c00000, 0x0000000088c00000, 0x0000000088d00000|  0%| F|  |TAMS 0x0000000088c00000| PB 0x0000000088c00000| Untracked |  0
| 101|0x0000000088d00000, 0x0000000088d00000, 0x0000000088e00000|  0%| F|  |TAMS 0x0000000088d00000| PB 0x0000000088d00000| Untracked |  0
| 102|0x0000000088e00000, 0x0000000088e00000, 0x0000000088f00000|  0%| F|  |TAMS 0x0000000088e00000| PB 0x0000000088e00000| Untracked |  0
| 103|0x0000000088f00000, 0x0000000088f00000, 0x0000000089000000|  0%| F|  |TAMS 0x0000000088f00000| PB 0x0000000088f00000| Untracked |  0
| 104|0x0000000089000000, 0x0000000089000000, 0x0000000089100000|  0%| F|  |TAMS 0x0000000089000000| PB 0x0000000089000000| Untracked |  0
| 105|0x0000000089100000, 0x0000000089100000, 0x0000000089200000|  0%| F|  |TAMS 0x0000000089100000| PB 0x0000000089100000| Untracked |  0
| 106|0x0000000089200000, 0x0000000089200000, 0x0000000089300000|  0%| F|  |TAMS 0x0000000089200000| PB 0x0000000089200000| Untracked |  0
| 107|0x0000000089300000, 0x00000000893ed2e8, 0x0000000089400000| 92%| S|CS|TAMS 0x0000000089300000| PB 0x0000000089300000| Complete |  0
| 108|0x0000000089400000, 0x0000000089500000, 0x0000000089500000|100%| S|CS|TAMS 0x0000000089400000| PB 0x0000000089400000| Complete |  0
| 109|0x0000000089500000, 0x0000000089600000, 0x0000000089600000|100%| S|CS|TAMS 0x0000000089500000| PB 0x0000000089500000| Complete |  0
| 110|0x0000000089600000, 0x0000000089600000, 0x0000000089700000|  0%| F|  |TAMS 0x0000000089600000| PB 0x0000000089600000| Untracked |  0
| 111|0x0000000089700000, 0x0000000089700000, 0x0000000089800000|  0%| F|  |TAMS 0x0000000089700000| PB 0x0000000089700000| Untracked |  0
| 112|0x0000000089800000, 0x0000000089800000, 0x0000000089900000|  0%| F|  |TAMS 0x0000000089800000| PB 0x0000000089800000| Untracked |  0
| 113|0x0000000089900000, 0x0000000089900000, 0x0000000089a00000|  0%| F|  |TAMS 0x0000000089900000| PB 0x0000000089900000| Untracked |  0
| 114|0x0000000089a00000, 0x0000000089a00000, 0x0000000089b00000|  0%| F|  |TAMS 0x0000000089a00000| PB 0x0000000089a00000| Untracked |  0
| 115|0x0000000089b00000, 0x0000000089b00000, 0x0000000089c00000|  0%| F|  |TAMS 0x0000000089b00000| PB 0x0000000089b00000| Untracked |  0
| 116|0x0000000089c00000, 0x0000000089c00000, 0x0000000089d00000|  0%| F|  |TAMS 0x0000000089c00000| PB 0x0000000089c00000| Untracked |  0
| 117|0x0000000089d00000, 0x0000000089d00000, 0x0000000089e00000|  0%| F|  |TAMS 0x0000000089d00000| PB 0x0000000089d00000| Untracked |  0
| 118|0x0000000089e00000, 0x0000000089e00000, 0x0000000089f00000|  0%| F|  |TAMS 0x0000000089e00000| PB 0x0000000089e00000| Untracked |  0
| 119|0x0000000089f00000, 0x0000000089f00000, 0x000000008a000000|  0%| F|  |TAMS 0x0000000089f00000| PB 0x0000000089f00000| Untracked |  0
| 120|0x000000008a000000, 0x000000008a000000, 0x000000008a100000|  0%| F|  |TAMS 0x000000008a000000| PB 0x000000008a000000| Untracked |  0
| 121|0x000000008a100000, 0x000000008a100000, 0x000000008a200000|  0%| F|  |TAMS 0x000000008a100000| PB 0x000000008a100000| Untracked |  0
| 122|0x000000008a200000, 0x000000008a200000, 0x000000008a300000|  0%| F|  |TAMS 0x000000008a200000| PB 0x000000008a200000| Untracked |  0
| 123|0x000000008a300000, 0x000000008a300000, 0x000000008a400000|  0%| F|  |TAMS 0x000000008a300000| PB 0x000000008a300000| Untracked |  0
| 124|0x000000008a400000, 0x000000008a4c35a8, 0x000000008a500000| 76%| E|  |TAMS 0x000000008a400000| PB 0x000000008a400000| Complete |  0
| 125|0x000000008a500000, 0x000000008a600000, 0x000000008a600000|100%| E|CS|TAMS 0x000000008a500000| PB 0x000000008a500000| Complete |  0
| 126|0x000000008a600000, 0x000000008a700000, 0x000000008a700000|100%| E|CS|TAMS 0x000000008a600000| PB 0x000000008a600000| Complete |  0
| 127|0x000000008a700000, 0x000000008a800000, 0x000000008a800000|100%| E|CS|TAMS 0x000000008a700000| PB 0x000000008a700000| Complete |  0
| 128|0x000000008a800000, 0x000000008a900000, 0x000000008a900000|100%| E|CS|TAMS 0x000000008a800000| PB 0x000000008a800000| Complete |  0
| 129|0x000000008a900000, 0x000000008aa00000, 0x000000008aa00000|100%| E|CS|TAMS 0x000000008a900000| PB 0x000000008a900000| Complete |  0
| 130|0x000000008aa00000, 0x000000008ab00000, 0x000000008ab00000|100%| E|CS|TAMS 0x000000008aa00000| PB 0x000000008aa00000| Complete |  0
| 131|0x000000008ab00000, 0x000000008ac00000, 0x000000008ac00000|100%| E|CS|TAMS 0x000000008ab00000| PB 0x000000008ab00000| Complete |  0
| 132|0x000000008ac00000, 0x000000008ad00000, 0x000000008ad00000|100%| E|CS|TAMS 0x000000008ac00000| PB 0x000000008ac00000| Complete |  0
| 133|0x000000008ad00000, 0x000000008ae00000, 0x000000008ae00000|100%| E|CS|TAMS 0x000000008ad00000| PB 0x000000008ad00000| Complete |  0
| 134|0x000000008ae00000, 0x000000008af00000, 0x000000008af00000|100%| E|CS|TAMS 0x000000008ae00000| PB 0x000000008ae00000| Complete |  0
| 135|0x000000008af00000, 0x000000008b000000, 0x000000008b000000|100%| E|CS|TAMS 0x000000008af00000| PB 0x000000008af00000| Complete |  0
| 136|0x000000008b000000, 0x000000008b100000, 0x000000008b100000|100%| E|CS|TAMS 0x000000008b000000| PB 0x000000008b000000| Complete |  0
| 137|0x000000008b100000, 0x000000008b200000, 0x000000008b200000|100%| E|CS|TAMS 0x000000008b100000| PB 0x000000008b100000| Complete |  0
| 138|0x000000008b200000, 0x000000008b300000, 0x000000008b300000|100%| E|CS|TAMS 0x000000008b200000| PB 0x000000008b200000| Complete |  0
| 139|0x000000008b300000, 0x000000008b400000, 0x000000008b400000|100%| E|CS|TAMS 0x000000008b300000| PB 0x000000008b300000| Complete |  0
| 140|0x000000008b400000, 0x000000008b500000, 0x000000008b500000|100%|HS|  |TAMS 0x000000008b400000| PB 0x000000008b400000| Complete |  0
| 141|0x000000008b500000, 0x000000008b600000, 0x000000008b600000|100%|HC|  |TAMS 0x000000008b500000| PB 0x000000008b500000| Complete |  0
| 142|0x000000008b600000, 0x000000008b700000, 0x000000008b700000|100%|HC|  |TAMS 0x000000008b600000| PB 0x000000008b600000| Complete |  0
| 143|0x000000008b700000, 0x000000008b800000, 0x000000008b800000|100%|HC|  |TAMS 0x000000008b700000| PB 0x000000008b700000| Complete |  0
| 144|0x000000008b800000, 0x000000008b900000, 0x000000008b900000|100%|HC|  |TAMS 0x000000008b800000| PB 0x000000008b800000| Complete |  0
| 145|0x000000008b900000, 0x000000008ba00000, 0x000000008ba00000|100%|HC|  |TAMS 0x000000008b900000| PB 0x000000008b900000| Complete |  0
| 146|0x000000008ba00000, 0x000000008bb00000, 0x000000008bb00000|100%|HC|  |TAMS 0x000000008ba00000| PB 0x000000008ba00000| Complete |  0
| 147|0x000000008bb00000, 0x000000008bc00000, 0x000000008bc00000|100%|HC|  |TAMS 0x000000008bb00000| PB 0x000000008bb00000| Complete |  0
| 148|0x000000008bc00000, 0x000000008bd00000, 0x000000008bd00000|100%|HC|  |TAMS 0x000000008bc00000| PB 0x000000008bc00000| Complete |  0
| 149|0x000000008bd00000, 0x000000008be00000, 0x000000008be00000|100%|HC|  |TAMS 0x000000008bd00000| PB 0x000000008bd00000| Complete |  0
| 150|0x000000008be00000, 0x000000008bf00000, 0x000000008bf00000|100%|HC|  |TAMS 0x000000008be00000| PB 0x000000008be00000| Complete |  0
| 151|0x000000008bf00000, 0x000000008c000000, 0x000000008c000000|100%|HC|  |TAMS 0x000000008bf00000| PB 0x000000008bf00000| Complete |  0
| 152|0x000000008c000000, 0x000000008c100000, 0x000000008c100000|100%|HC|  |TAMS 0x000000008c000000| PB 0x000000008c000000| Complete |  0
| 153|0x000000008c100000, 0x000000008c200000, 0x000000008c200000|100%|HC|  |TAMS 0x000000008c100000| PB 0x000000008c100000| Complete |  0
| 154|0x000000008c200000, 0x000000008c300000, 0x000000008c300000|100%|HC|  |TAMS 0x000000008c200000| PB 0x000000008c200000| Complete |  0
| 155|0x000000008c300000, 0x000000008c400000, 0x000000008c400000|100%|HC|  |TAMS 0x000000008c300000| PB 0x000000008c300000| Complete |  0
| 156|0x000000008c400000, 0x000000008c500000, 0x000000008c500000|100%|HC|  |TAMS 0x000000008c400000| PB 0x000000008c400000| Complete |  0
| 157|0x000000008c500000, 0x000000008c600000, 0x000000008c600000|100%|HC|  |TAMS 0x000000008c500000| PB 0x000000008c500000| Complete |  0
| 158|0x000000008c600000, 0x000000008c700000, 0x000000008c700000|100%|HC|  |TAMS 0x000000008c600000| PB 0x000000008c600000| Complete |  0
| 159|0x000000008c700000, 0x000000008c800000, 0x000000008c800000|100%|HC|  |TAMS 0x000000008c700000| PB 0x000000008c700000| Complete |  0
| 160|0x000000008c800000, 0x000000008c900000, 0x000000008c900000|100%|HC|  |TAMS 0x000000008c800000| PB 0x000000008c800000| Complete |  0
| 161|0x000000008c900000, 0x000000008ca00000, 0x000000008ca00000|100%|HC|  |TAMS 0x000000008c900000| PB 0x000000008c900000| Complete |  0
| 162|0x000000008ca00000, 0x000000008cb00000, 0x000000008cb00000|100%|HC|  |TAMS 0x000000008ca00000| PB 0x000000008ca00000| Complete |  0
| 163|0x000000008cb00000, 0x000000008cc00000, 0x000000008cc00000|100%|HC|  |TAMS 0x000000008cb00000| PB 0x000000008cb00000| Complete |  0
| 164|0x000000008cc00000, 0x000000008cd00000, 0x000000008cd00000|100%|HC|  |TAMS 0x000000008cc00000| PB 0x000000008cc00000| Complete |  0
| 165|0x000000008cd00000, 0x000000008ce00000, 0x000000008ce00000|100%|HC|  |TAMS 0x000000008cd00000| PB 0x000000008cd00000| Complete |  0
| 166|0x000000008ce00000, 0x000000008cf00000, 0x000000008cf00000|100%|HC|  |TAMS 0x000000008ce00000| PB 0x000000008ce00000| Complete |  0
| 167|0x000000008cf00000, 0x000000008d000000, 0x000000008d000000|100%|HC|  |TAMS 0x000000008cf00000| PB 0x000000008cf00000| Complete |  0
| 168|0x000000008d000000, 0x000000008d100000, 0x000000008d100000|100%|HC|  |TAMS 0x000000008d000000| PB 0x000000008d000000| Complete |  0
| 169|0x000000008d100000, 0x000000008d200000, 0x000000008d200000|100%|HC|  |TAMS 0x000000008d100000| PB 0x000000008d100000| Complete |  0
| 170|0x000000008d200000, 0x000000008d300000, 0x000000008d300000|100%|HC|  |TAMS 0x000000008d200000| PB 0x000000008d200000| Complete |  0
| 171|0x000000008d300000, 0x000000008d400000, 0x000000008d400000|100%|HC|  |TAMS 0x000000008d300000| PB 0x000000008d300000| Complete |  0
| 172|0x000000008d400000, 0x000000008d500000, 0x000000008d500000|100%|HC|  |TAMS 0x000000008d400000| PB 0x000000008d400000| Complete |  0
| 173|0x000000008d500000, 0x000000008d600000, 0x000000008d600000|100%|HC|  |TAMS 0x000000008d500000| PB 0x000000008d500000| Complete |  0
| 174|0x000000008d600000, 0x000000008d700000, 0x000000008d700000|100%|HC|  |TAMS 0x000000008d600000| PB 0x000000008d600000| Complete |  0
| 175|0x000000008d700000, 0x000000008d800000, 0x000000008d800000|100%|HC|  |TAMS 0x000000008d700000| PB 0x000000008d700000| Complete |  0
| 176|0x000000008d800000, 0x000000008d900000, 0x000000008d900000|100%|HC|  |TAMS 0x000000008d800000| PB 0x000000008d800000| Complete |  0
| 177|0x000000008d900000, 0x000000008da00000, 0x000000008da00000|100%|HC|  |TAMS 0x000000008d900000| PB 0x000000008d900000| Complete |  0
| 178|0x000000008da00000, 0x000000008db00000, 0x000000008db00000|100%|HC|  |TAMS 0x000000008da00000| PB 0x000000008da00000| Complete |  0
| 179|0x000000008db00000, 0x000000008dc00000, 0x000000008dc00000|100%|HC|  |TAMS 0x000000008db00000| PB 0x000000008db00000| Complete |  0
| 180|0x000000008dc00000, 0x000000008dd00000, 0x000000008dd00000|100%|HC|  |TAMS 0x000000008dc00000| PB 0x000000008dc00000| Complete |  0
| 181|0x000000008dd00000, 0x000000008de00000, 0x000000008de00000|100%|HC|  |TAMS 0x000000008dd00000| PB 0x000000008dd00000| Complete |  0
| 182|0x000000008de00000, 0x000000008df00000, 0x000000008df00000|100%|HC|  |TAMS 0x000000008de00000| PB 0x000000008de00000| Complete |  0

Card table byte_map: [0x000001df32410000,0x000001df32800000] _byte_map_base: 0x000001df31ffc000

Marking Bits: (CMBitMap*) 0x000001df195f96a0
 Bits: [0x000001df32800000, 0x000001df34760000)

Polling page: 0x000001df17420000

Metaspace:

Usage:
  Non-class:     24.62 MB used.
      Class:      4.17 MB used.
       Both:     28.79 MB used.

Virtual space:
  Non-class space:       64.00 MB reserved,      24.81 MB ( 39%) committed,  1 nodes.
      Class space:        1.00 GB reserved,       4.38 MB ( <1%) committed,  1 nodes.
             Both:        1.06 GB reserved,      29.19 MB (  3%) committed. 

Chunk freelists:
   Non-Class:  6.52 MB
       Class:  11.66 MB
        Both:  18.17 MB

MaxMetaspaceSize: unlimited
CompressedClassSpaceSize: 1.00 GB
Initial GC threshold: 21.00 MB
Current GC threshold: 39.94 MB
CDS: on
 - commit_granule_bytes: 65536.
 - commit_granule_words: 8192.
 - virtual_space_node_default_size: 8388608.
 - enlarge_chunks_in_place: 1.
 - use_allocation_guard: 0.


Internal statistics:

num_allocs_failed_limit: 3.
num_arena_births: 384.
num_arena_deaths: 0.
num_vsnodes_births: 2.
num_vsnodes_deaths: 0.
num_space_committed: 467.
num_space_uncommitted: 0.
num_chunks_returned_to_freelist: 3.
num_chunks_taken_from_freelist: 1197.
num_chunk_merges: 0.
num_chunk_splits: 848.
num_chunks_enlarged: 654.
num_inconsistent_stats: 0.

CodeHeap 'non-profiled nmethods': size=120064Kb used=2015Kb max_used=2015Kb free=118048Kb
 bounds [0x000001df2aae0000, 0x000001df2ad50000, 0x000001df32020000]
CodeHeap 'profiled nmethods': size=120000Kb used=7827Kb max_used=7827Kb free=112172Kb
 bounds [0x000001df23020000, 0x000001df237d0000, 0x000001df2a550000]
CodeHeap 'non-nmethods': size=5696Kb used=1930Kb max_used=1974Kb free=3765Kb
 bounds [0x000001df2a550000, 0x000001df2a7c0000, 0x000001df2aae0000]
CodeCache: size=245760Kb, used=11772Kb, max_used=11816Kb, free=233985Kb
 total_blobs=6033, nmethods=5089, adapters=847, full_count=0
Compilation: enabled, stopped_count=0, restarted_count=0

Compilation events (20 events):
Event: 13.457 Thread 0x000001df073a3480 nmethod 5152 0x000001df2acd1a08 code [0x000001df2acd1b00, 0x000001df2acd1c10]
Event: 13.457 Thread 0x000001df073a3480 5149       4       com.sun.javafx.collections.VetoableListDecorator::size (10 bytes)
Event: 13.457 Thread 0x000001df36c5f810 nmethod 5158 0x000001df237a2e08 code [0x000001df237a3020, 0x000001df237a3a58]
Event: 13.457 Thread 0x000001df36c5f810 5154       3       javafx.scene.text.Text::getLogicalBounds (12 bytes)
Event: 13.458 Thread 0x000001df36c5f810 nmethod 5154 0x000001df237a3b08 code [0x000001df237a3c60, 0x000001df237a3f18]
Event: 13.458 Thread 0x000001df36c5f810 5156       3       com.sun.javafx.sg.prism.NGNode::<init> (102 bytes)
Event: 13.458 Thread 0x000001df073a3480 nmethod 5149 0x000001df2acd1d08 code [0x000001df2acd1e20, 0x000001df2acd1f18]
Event: 13.458 Thread 0x000001df36c5f810 nmethod 5156 0x000001df237a3f88 code [0x000001df237a4120, 0x000001df237a4970]
Event: 13.459 Thread 0x000001df36c5f810 5159       1       com.sun.prism.impl.ManagedResource::getAge (5 bytes)
Event: 13.459 Thread 0x000001df36c5f810 nmethod 5159 0x000001df2acd2008 code [0x000001df2acd2120, 0x000001df2acd21e8]
Event: 13.482 Thread 0x000001df36c5f810 5160       3       com.sun.javafx.geom.transform.Affine3D::<init> (117 bytes)
Event: 13.482 Thread 0x000001df36c5f810 nmethod 5160 0x000001df237a4a08 code [0x000001df237a4b40, 0x000001df237a4e00]
Event: 13.482 Thread 0x000001df36c5f810 5161       3       java.nio.ByteBuffer::wrap (8 bytes)
Event: 13.482 Thread 0x000001df36c5f810 nmethod 5161 0x000001df237a4e88 code [0x000001df237a4fa0, 0x000001df237a50c8]
Event: 13.482 Thread 0x000001df073a3480 5162       4       java.nio.Buffer::<init> (105 bytes)
Event: 13.483 Thread 0x000001df36c5f810 5163       3       com.sun.javafx.font.directwrite.DWGlyph::checkBounds (161 bytes)
Event: 13.484 Thread 0x000001df36c5f810 nmethod 5163 0x000001df237a5188 code [0x000001df237a5340, 0x000001df237a5aa8]
Event: 13.484 Thread 0x000001df36c5f810 5164       3       com.sun.javafx.font.CompositeStrike::getStrikeSlot (163 bytes)
Event: 13.486 Thread 0x000001df073a3480 nmethod 5162 0x000001df2acd2308 code [0x000001df2acd2420, 0x000001df2acd2640]
Event: 13.488 Thread 0x000001df36c5f810 nmethod 5164 0x000001df237a5b08 code [0x000001df237a5d20, 0x000001df237a6c80]

GC Heap History (10 events):
Event: 0.545 GC heap before
{Heap before GC invocations=0 (full 0):
 garbage-first heap   total reserved 2056192K, committed 129024K, used 13312K [0x0000000082800000, 0x0000000100000000)
  region size 1024K, 14 young (14336K), 0 survivors (0K)
 Metaspace       used 4160K, committed 4288K, reserved 1114112K
  class space    used 500K, committed 576K, reserved 1048576K
}
Event: 0.550 GC heap after
{Heap after GC invocations=1 (full 0):
 garbage-first heap   total reserved 2056192K, committed 129024K, used 3389K [0x0000000082800000, 0x0000000100000000)
  region size 1024K, 2 young (2048K), 2 survivors (2048K)
 Metaspace       used 4160K, committed 4288K, reserved 1114112K
  class space    used 500K, committed 576K, reserved 1048576K
}
Event: 0.965 GC heap before
{Heap before GC invocations=1 (full 0):
 garbage-first heap   total reserved 2056192K, committed 129024K, used 13629K [0x0000000082800000, 0x0000000100000000)
  region size 1024K, 13 young (13312K), 2 survivors (2048K)
 Metaspace       used 7571K, committed 7744K, reserved 1114112K
  class space    used 951K, committed 1024K, reserved 1048576K
}
Event: 0.969 GC heap after
{Heap after GC invocations=2 (full 0):
 garbage-first heap   total reserved 2056192K, committed 129024K, used 5415K [0x0000000082800000, 0x0000000100000000)
  region size 1024K, 2 young (2048K), 2 survivors (2048K)
 Metaspace       used 7571K, committed 7744K, reserved 1114112K
  class space    used 951K, committed 1024K, reserved 1048576K
}
Event: 2.043 GC heap before
{Heap before GC invocations=2 (full 0):
 garbage-first heap   total reserved 2056192K, committed 129024K, used 95527K [0x0000000082800000, 0x0000000100000000)
  region size 1024K, 23 young (23552K), 2 survivors (2048K)
 Metaspace       used 21174K, committed 21504K, reserved 1114112K
  class space    used 3100K, committed 3264K, reserved 1048576K
}
Event: 2.050 GC heap after
{Heap after GC invocations=3 (full 0):
 garbage-first heap   total reserved 2056192K, committed 129024K, used 81424K [0x0000000082800000, 0x0000000100000000)
  region size 1024K, 4 young (4096K), 4 survivors (4096K)
 Metaspace       used 21174K, committed 21504K, reserved 1114112K
  class space    used 3100K, committed 3264K, reserved 1048576K
}
Event: 2.457 GC heap before
{Heap before GC invocations=4 (full 0):
 garbage-first heap   total reserved 2056192K, committed 137216K, used 85520K [0x0000000082800000, 0x0000000100000000)
  region size 1024K, 9 young (9216K), 4 survivors (4096K)
 Metaspace       used 24056K, committed 24448K, reserved 1114112K
  class space    used 3471K, committed 3648K, reserved 1048576K
}
Event: 2.462 GC heap after
{Heap after GC invocations=5 (full 0):
 garbage-first heap   total reserved 2056192K, committed 137216K, used 82869K [0x0000000082800000, 0x0000000100000000)
  region size 1024K, 2 young (2048K), 2 survivors (2048K)
 Metaspace       used 24056K, committed 24448K, reserved 1114112K
  class space    used 3471K, committed 3648K, reserved 1048576K
}
Event: 13.075 GC heap before
{Heap before GC invocations=6 (full 0):
 garbage-first heap   total reserved 2056192K, committed 187392K, used 169909K [0x0000000082800000, 0x0000000100000000)
  region size 1024K, 30 young (30720K), 2 survivors (2048K)
 Metaspace       used 27248K, committed 27584K, reserved 1114112K
  class space    used 3859K, committed 4032K, reserved 1048576K
}
Event: 13.079 GC heap after
{Heap after GC invocations=7 (full 0):
 garbage-first heap   total reserved 2056192K, committed 187392K, used 132795K [0x0000000082800000, 0x0000000100000000)
  region size 1024K, 3 young (3072K), 3 survivors (3072K)
 Metaspace       used 27248K, committed 27584K, reserved 1114112K
  class space    used 3859K, committed 4032K, reserved 1048576K
}

Dll operation events (20 events):
Event: 0.338 Loaded shared library C:\Program Files\Zulu\zulu-23\bin\javafx\api-ms-win-crt-multibyte-l1-1-0.dll
Event: 0.340 Loaded shared library C:\Program Files\Zulu\zulu-23\bin\javafx\api-ms-win-crt-private-l1-1-0.dll
Event: 0.342 Loaded shared library C:\Program Files\Zulu\zulu-23\bin\javafx\api-ms-win-crt-process-l1-1-0.dll
Event: 0.344 Loaded shared library C:\Program Files\Zulu\zulu-23\bin\javafx\api-ms-win-crt-runtime-l1-1-0.dll
Event: 0.345 Loaded shared library C:\Program Files\Zulu\zulu-23\bin\javafx\api-ms-win-crt-stdio-l1-1-0.dll
Event: 0.347 Loaded shared library C:\Program Files\Zulu\zulu-23\bin\javafx\api-ms-win-crt-string-l1-1-0.dll
Event: 0.349 Loaded shared library C:\Program Files\Zulu\zulu-23\bin\javafx\api-ms-win-crt-time-l1-1-0.dll
Event: 0.351 Loaded shared library C:\Program Files\Zulu\zulu-23\bin\javafx\api-ms-win-crt-utility-l1-1-0.dll
Event: 0.353 Loaded shared library C:\Program Files\Zulu\zulu-23\bin\javafx\ucrtbase.dll
Event: 0.354 Loaded shared library C:\Program Files\Zulu\zulu-23\bin\javafx\vcruntime140.dll
Event: 0.356 Loaded shared library C:\Program Files\Zulu\zulu-23\bin\javafx\vcruntime140_1.dll
Event: 0.357 Loaded shared library C:\Program Files\Zulu\zulu-23\bin\javafx\msvcp140.dll
Event: 0.359 Loaded shared library C:\Program Files\Zulu\zulu-23\bin\javafx\msvcp140_1.dll
Event: 0.360 Loaded shared library C:\Program Files\Zulu\zulu-23\bin\javafx\msvcp140_2.dll
Event: 0.389 Loaded shared library C:\Program Files\Zulu\zulu-23\bin\javafx\prism_d3d.dll
Event: 0.414 Loaded shared library C:\Program Files\Zulu\zulu-23\bin\javafx\glass.dll
Event: 0.808 Loaded shared library C:\Program Files\Zulu\zulu-23\bin\javafx\javafx_iio.dll
Event: 1.228 Loaded shared library C:\Program Files\Zulu\zulu-23\bin\javafx\javafx_font.dll
Event: 1.778 Loaded shared library C:\Program Files\Zulu\zulu-23\bin\extnet.dll
Event: 2.009 Loaded shared library C:\Program Files\Zulu\zulu-23\bin\sunmscapi.dll

Deoptimization events (20 events):
Event: 13.339 Thread 0x000001df7d2cd0b0 Uncommon trap: trap_request=0xffffffbe fr.pc=0x000001df2acba6f0 relative=0x0000000000000cb0
Event: 13.339 Thread 0x000001df7d2cd0b0 Uncommon trap: reason=profile_predicate action=maybe_recompile pc=0x000001df2acba6f0 method=com.sun.javafx.css.BitSet.addAll(Ljava/util/Collection;)Z @ 122 c2
Event: 13.339 Thread 0x000001df7d2cd0b0 DEOPT PACKING pc=0x000001df2acba6f0 sp=0x0000006708ffa3d0
Event: 13.339 Thread 0x000001df7d2cd0b0 DEOPT UNPACKING pc=0x000001df2a5a4402 sp=0x0000006708ffa330 mode 2
Event: 13.350 Thread 0x000001df7d2cd0b0 Uncommon trap: trap_request=0xffffff45 fr.pc=0x000001df2ab83f10 relative=0x00000000000001d0
Event: 13.350 Thread 0x000001df7d2cd0b0 Uncommon trap: reason=unstable_if action=reinterpret pc=0x000001df2ab83f10 method=java.util.HashMap.getNode(Ljava/lang/Object;)Ljava/util/HashMap$Node; @ 66 c2
Event: 13.350 Thread 0x000001df7d2cd0b0 DEOPT PACKING pc=0x000001df2ab83f10 sp=0x0000006708ffaac0
Event: 13.350 Thread 0x000001df7d2cd0b0 DEOPT UNPACKING pc=0x000001df2a5a4402 sp=0x0000006708ffa9d0 mode 2
Event: 13.350 Thread 0x000001df7d2cd0b0 Uncommon trap: trap_request=0xffffffde fr.pc=0x000001df2ac2f194 relative=0x0000000000001074
Event: 13.350 Thread 0x000001df7d2cd0b0 Uncommon trap: reason=class_check action=maybe_recompile pc=0x000001df2ac2f194 method=java.util.HashMap.putVal(ILjava/lang/Object;Ljava/lang/Object;ZZ)Ljava/lang/Object; @ 91 c2
Event: 13.350 Thread 0x000001df7d2cd0b0 DEOPT PACKING pc=0x000001df2ac2f194 sp=0x0000006708ffaa20
Event: 13.350 Thread 0x000001df7d2cd0b0 DEOPT UNPACKING pc=0x000001df2a5a4402 sp=0x0000006708ffa9c0 mode 2
Event: 13.381 Thread 0x000001df7d2cd0b0 Uncommon trap: trap_request=0xffffff76 fr.pc=0x000001df2acc239c relative=0x0000000000000c5c
Event: 13.381 Thread 0x000001df7d2cd0b0 Uncommon trap: reason=predicate action=maybe_recompile pc=0x000001df2acc239c method=com.sun.javafx.css.BitSet.addAll(Ljava/util/Collection;)Z @ 28 c2
Event: 13.381 Thread 0x000001df7d2cd0b0 DEOPT PACKING pc=0x000001df2acc239c sp=0x0000006708ff9ac0
Event: 13.381 Thread 0x000001df7d2cd0b0 DEOPT UNPACKING pc=0x000001df2a5a4402 sp=0x0000006708ff9a28 mode 2
Event: 13.481 Thread 0x000001df7cf94f00 Uncommon trap: trap_request=0xffffff45 fr.pc=0x000001df2ac47378 relative=0x0000000000000078
Event: 13.481 Thread 0x000001df7cf94f00 Uncommon trap: reason=unstable_if action=reinterpret pc=0x000001df2ac47378 method=com.sun.javafx.font.CompositeStrike.getStrikeSlot(I)Lcom/sun/javafx/font/FontStrike; @ 8 c2
Event: 13.481 Thread 0x000001df7cf94f00 DEOPT PACKING pc=0x000001df2ac47378 sp=0x0000006708dfdd20
Event: 13.481 Thread 0x000001df7cf94f00 DEOPT UNPACKING pc=0x000001df2a5a4402 sp=0x0000006708dfdca8 mode 2

Classes loaded (20 events):
Event: 13.002 Loading class java/time/format/FormatStyle
Event: 13.002 Loading class java/time/format/FormatStyle done
Event: 13.208 Loading class java/util/BitSet$1BitSetSpliterator
Event: 13.208 Loading class java/util/BitSet$1BitSetSpliterator done
Event: 13.208 Loading class java/util/stream/IntPipeline$Head
Event: 13.209 Loading class java/util/stream/IntPipeline
Event: 13.209 Loading class java/util/stream/IntStream
Event: 13.209 Loading class java/util/stream/IntStream done
Event: 13.209 Loading class java/util/stream/IntPipeline done
Event: 13.209 Loading class java/util/stream/IntPipeline$Head done
Event: 13.209 Loading class java/util/stream/IntPipeline$1
Event: 13.210 Loading class java/util/stream/IntPipeline$1 done
Event: 13.210 Loading class java/util/stream/IntPipeline$1$1
Event: 13.210 Loading class java/util/stream/Sink$ChainedInt
Event: 13.210 Loading class java/util/stream/Sink$OfInt
Event: 13.210 Loading class java/util/stream/Sink$OfInt done
Event: 13.210 Loading class java/util/stream/Sink$ChainedInt done
Event: 13.210 Loading class java/util/stream/IntPipeline$1$1 done
Event: 13.482 Loading class java/lang/foreign/MemorySegment
Event: 13.482 Loading class java/lang/foreign/MemorySegment done

Classes unloaded (0 events):
No events

Classes redefined (0 events):
No events

Internal exceptions (20 events):
Event: 1.937 Thread 0x000001df7d2cd0b0 Exception <a 'sun/nio/fs/WindowsException'{0x00000000891f2e08}> (0x00000000891f2e08) 
thrown [s\src\hotspot\share\prims\jni.cpp, line 520]
Event: 1.977 Thread 0x000001df7d2cd0b0 Exception <a 'java/lang/NoSuchMethodError'{0x0000000089097b98}: 'java.lang.Object java.lang.invoke.DirectMethodHandle$Holder.invokeStaticInit(java.lang.Object, int, int, int, int)'> (0x0000000089097b98) 
thrown [s\src\hotspot\share\interpreter\linkResolver.cpp, line 796]
Event: 1.992 Thread 0x000001df7d2cd0b0 Exception <a 'java/lang/NoSuchMethodError'{0x00000000890f29e0}: 'java.lang.Object java.lang.invoke.DirectMethodHandle$Holder.invokeStaticInit(java.lang.Object, java.lang.Object, int, int, int, int)'> (0x00000000890f29e0) 
thrown [s\src\hotspot\share\interpreter\linkResolver.cpp, line 796]
Event: 2.169 Thread 0x000001df7d2cd0b0 Exception <a 'java/lang/NoSuchMethodError'{0x000000008a54d240}: 'void java.lang.invoke.DirectMethodHandle$Holder.invokeVirtual(java.lang.Object, java.lang.Object)'> (0x000000008a54d240) 
thrown [s\src\hotspot\share\interpreter\linkResolver.cpp, line 796]
Event: 2.242 Thread 0x000001df7d2cd0b0 Exception <a 'java/lang/NoSuchMethodError'{0x000000008ac07ff8}: 'void java.lang.invoke.DirectMethodHandle$Holder.invokeInterface(java.lang.Object, java.lang.Object, java.lang.Object, java.lang.Object)'> (0x000000008ac07ff8) 
thrown [s\src\hotspot\share\interpreter\linkResolver.cpp, line 796]
Event: 2.269 Thread 0x000001df7cf94f00 Exception <a 'java/lang/NoSuchMethodError'{0x000000008acf52f8}: 'int java.lang.invoke.DirectMethodHandle$Holder.invokeStaticInit(java.lang.Object, java.lang.Object)'> (0x000000008acf52f8) 
thrown [s\src\hotspot\share\interpreter\linkResolver.cpp, line 796]
Event: 2.272 Thread 0x000001df7d2cd0b0 Exception <a 'java/lang/NoSuchMethodError'{0x000000008ac4a480}: 'long java.lang.invoke.DirectMethodHandle$Holder.invokeStatic(java.lang.Object, java.lang.Object, java.lang.Object)'> (0x000000008ac4a480) 
thrown [s\src\hotspot\share\interpreter\linkResolver.cpp, line 796]
Event: 2.272 Thread 0x000001df7d2cd0b0 Exception <a 'java/lang/NoSuchMethodError'{0x000000008ac4d868}: 'long java.lang.invoke.DirectMethodHandle$Holder.invokeStaticInit(java.lang.Object, java.lang.Object, java.lang.Object)'> (0x000000008ac4d868) 
thrown [s\src\hotspot\share\interpreter\linkResolver.cpp, line 796]
Event: 2.274 Thread 0x000001df7d2cd0b0 Exception <a 'java/lang/NoSuchMethodError'{0x000000008ac62008}: 'java.lang.Object java.lang.invoke.DirectMethodHandle$Holder.newInvokeSpecial(java.lang.Object, java.lang.Object, long)'> (0x000000008ac62008) 
thrown [s\src\hotspot\share\interpreter\linkResolver.cpp, line 796]
Event: 2.274 Thread 0x000001df7d2cd0b0 Exception <a 'java/lang/NoSuchMethodError'{0x000000008ac65928}: 'java.lang.Object java.lang.invoke.Invokers$Holder.linkToTargetMethod(java.lang.Object, long, java.lang.Object)'> (0x000000008ac65928) 
thrown [s\src\hotspot\share\interpreter\linkResolver.cpp, line 796]
Event: 2.421 Thread 0x000001df7cf94f00 Exception <a 'java/lang/NoSuchMethodError'{0x000000008ab65630}: 'java.lang.Object java.lang.invoke.DirectMethodHandle$Holder.invokeStaticInit(java.lang.Object, int)'> (0x000000008ab65630) 
thrown [s\src\hotspot\share\interpreter\linkResolver.cpp, line 796]
Event: 11.343 Thread 0x000001df7d2cd0b0 Exception <a 'java/io/IOException'{0x000000008a06add0}> (0x000000008a06add0) 
thrown [s\src\hotspot\share\prims\jni.cpp, line 520]
Event: 11.344 Thread 0x000001df7d2cd0b0 Exception <a 'java/lang/NoSuchMethodError'{0x000000008a06e748}: 'void java.lang.invoke.DirectMethodHandle$Holder.invokeInterface(java.lang.Object, java.lang.Object)'> (0x000000008a06e748) 
thrown [s\src\hotspot\share\interpreter\linkResolver.cpp, line 796]
Event: 12.573 Thread 0x000001df7d2cd0b0 Exception <a 'java/io/IOException'{0x0000000089b28210}> (0x0000000089b28210) 
thrown [s\src\hotspot\share\prims\jni.cpp, line 520]
Event: 13.062 Thread 0x000001df7d2cd0b0 Exception <a 'java/io/IOException'{0x0000000089682d30}> (0x0000000089682d30) 
thrown [s\src\hotspot\share\prims\jni.cpp, line 520]
Event: 13.064 Thread 0x000001df7d2cd0b0 Exception <a 'java/io/FileNotFoundException'{0x0000000089696098}> (0x0000000089696098) 
thrown [s\src\hotspot\share\prims\jni.cpp, line 520]
Event: 13.089 Thread 0x000001df7d2cd0b0 Exception <a 'java/lang/ClassNotFoundException'{0x000000008b373778}: com/sun/javafx/scene/control/skin/resources/controls-nt> (0x000000008b373778) 
thrown [s\src\hotspot\share\prims\jni.cpp, line 539]
Event: 13.089 Thread 0x000001df7d2cd0b0 Exception <a 'java/lang/ClassNotFoundException'{0x000000008b37bd60}: com/sun/javafx/scene/control/skin/resources/controls-nt_fr> (0x000000008b37bd60) 
thrown [s\src\hotspot\share\prims\jni.cpp, line 539]
Event: 13.089 Thread 0x000001df7d2cd0b0 Exception <a 'java/lang/ClassNotFoundException'{0x000000008b37cfc0}: com/sun/javafx/scene/control/skin/resources/controls-nt_fr_FR> (0x000000008b37cfc0) 
thrown [s\src\hotspot\share\prims\jni.cpp, line 539]
Event: 13.216 Thread 0x000001df7d2cd0b0 Implicit null exception at 0x000001df2ac835d5 to 0x000001df2ac83804

VM Operations (20 events):
Event: 2.184 Executing VM operation: HandshakeAllThreads (Deoptimize)
Event: 2.184 Executing VM operation: HandshakeAllThreads (Deoptimize) done
Event: 2.457 Executing VM operation: G1TryInitiateConcMark (G1 Humongous Allocation)
Event: 2.462 Executing VM operation: G1TryInitiateConcMark (G1 Humongous Allocation) done
Event: 2.481 Executing VM operation: G1PauseRemark
Event: 2.484 Executing VM operation: G1PauseRemark done
Event: 2.494 Executing VM operation: G1PauseCleanup
Event: 2.494 Executing VM operation: G1PauseCleanup done
Event: 6.589 Executing VM operation: HandshakeAllThreads (Deoptimize)
Event: 6.589 Executing VM operation: HandshakeAllThreads (Deoptimize) done
Event: 11.333 Executing VM operation: HandshakeAllThreads (Deoptimize)
Event: 11.334 Executing VM operation: HandshakeAllThreads (Deoptimize) done
Event: 11.368 Executing VM operation: HandshakeAllThreads (Deoptimize)
Event: 11.368 Executing VM operation: HandshakeAllThreads (Deoptimize) done
Event: 11.371 Executing VM operation: HandshakeAllThreads (Deoptimize)
Event: 11.371 Executing VM operation: HandshakeAllThreads (Deoptimize) done
Event: 13.075 Executing VM operation: G1CollectForAllocation (G1 Evacuation Pause)
Event: 13.079 Executing VM operation: G1CollectForAllocation (G1 Evacuation Pause) done
Event: 13.218 Executing VM operation: HandshakeAllThreads (Deoptimize)
Event: 13.218 Executing VM operation: HandshakeAllThreads (Deoptimize) done

Memory protections (0 events):
No events

Nmethod flushes (20 events):
Event: 2.483 Thread 0x000001df36c37eb0 flushing  nmethod 0x000001df23031408
Event: 2.483 Thread 0x000001df36c37eb0 flushing  nmethod 0x000001df23032308
Event: 2.483 Thread 0x000001df36c37eb0 flushing  nmethod 0x000001df23034288
Event: 2.483 Thread 0x000001df36c37eb0 flushing  nmethod 0x000001df23035508
Event: 2.483 Thread 0x000001df36c37eb0 flushing  nmethod 0x000001df23036688
Event: 2.483 Thread 0x000001df36c37eb0 flushing  nmethod 0x000001df2304fc88
Event: 2.483 Thread 0x000001df36c37eb0 flushing  nmethod 0x000001df2304ff88
Event: 2.483 Thread 0x000001df36c37eb0 flushing  nmethod 0x000001df23050408
Event: 2.483 Thread 0x000001df36c37eb0 flushing  nmethod 0x000001df23051788
Event: 2.483 Thread 0x000001df36c37eb0 flushing  nmethod 0x000001df23067b08
Event: 2.483 Thread 0x000001df36c37eb0 flushing  nmethod 0x000001df2306b908
Event: 2.483 Thread 0x000001df36c37eb0 flushing  nmethod 0x000001df23088108
Event: 2.483 Thread 0x000001df36c37eb0 flushing  nmethod 0x000001df23089208
Event: 2.483 Thread 0x000001df36c37eb0 flushing  nmethod 0x000001df23089788
Event: 2.483 Thread 0x000001df36c37eb0 flushing  nmethod 0x000001df2309be08
Event: 2.483 Thread 0x000001df36c37eb0 flushing  nmethod 0x000001df2309e388
Event: 2.483 Thread 0x000001df36c37eb0 flushing  nmethod 0x000001df230e0a08
Event: 2.483 Thread 0x000001df36c37eb0 flushing  nmethod 0x000001df23122f08
Event: 2.483 Thread 0x000001df36c37eb0 flushing  nmethod 0x000001df23127b08
Event: 2.483 Thread 0x000001df36c37eb0 flushing osr nmethod 0x000001df2313c688

Events (20 events):
Event: 0.038 Thread 0x000001df17250860 Thread added: 0x000001df36c5f810
Event: 0.065 Thread 0x000001df17250860 Thread added: 0x000001df7c0d1060
Event: 0.115 Thread 0x000001df36c5f810 Thread added: 0x000001df7c1d50f0
Event: 0.169 Thread 0x000001df17250860 Thread added: 0x000001df7c1e86b0
Event: 0.384 Thread 0x000001df17250860 Thread added: 0x000001df7cf94f00
Event: 0.416 Thread 0x000001df17250860 Thread added: 0x000001df7d2be960
Event: 0.420 Thread 0x000001df17250860 Thread added: 0x000001df7d2cd0b0
Event: 0.479 Thread 0x000001df17250860 Thread added: 0x000001df7d71dda0
Event: 0.491 Thread 0x000001df7c4ad080 Thread added: 0x000001df7c4ad080
Event: 0.909 Thread 0x000001df7c1d50f0 Thread exited: 0x000001df7c1d50f0
Event: 1.211 Thread 0x000001df36c5f810 Thread added: 0x000001df7d496860
Event: 1.246 Thread 0x000001df7d2cd0b0 Thread added: 0x000001df7cd7b9d0
Event: 1.607 Thread 0x000001df7d2cd0b0 Thread added: 0x000001df7d08d810
Event: 2.418 Thread 0x000001df7d496860 Thread exited: 0x000001df7d496860
Event: 2.437 Thread 0x000001df7cf94f00 Thread added: 0x000001df7d08e530
Event: 2.463 Thread 0x000001df36c5f810 Thread added: 0x000001df7d496860
Event: 3.611 Thread 0x000001df7d496860 Thread exited: 0x000001df7d496860
Event: 11.336 Thread 0x000001df36c5f810 Thread added: 0x000001df069c9630
Event: 11.675 Thread 0x000001df069c9630 Thread exited: 0x000001df069c9630
Event: 12.825 Thread 0x000001df36c5f810 Thread added: 0x000001df073a3480


Dynamic libraries:
0x00007ff778240000 - 0x00007ff77824e000 	C:\Program Files\Zulu\zulu-23\bin\java.exe
0x00007ffbd0310000 - 0x00007ffbd0508000 	C:\WINDOWS\SYSTEM32\ntdll.dll
0x00007ffbcf930000 - 0x00007ffbcf9f2000 	C:\WINDOWS\System32\KERNEL32.DLL
0x00007ffbce020000 - 0x00007ffbce31f000 	C:\WINDOWS\System32\KERNELBASE.dll
0x00007ffbcdac0000 - 0x00007ffbcdbc0000 	C:\WINDOWS\System32\ucrtbase.dll
0x00007ffbc3640000 - 0x00007ffbc365b000 	C:\Program Files\Zulu\zulu-23\bin\VCRUNTIME140.dll
0x00007ffbc8100000 - 0x00007ffbc8117000 	C:\Program Files\Zulu\zulu-23\bin\jli.dll
0x00007ffbce780000 - 0x00007ffbce91d000 	C:\WINDOWS\System32\USER32.dll
0x00007ffbcdcf0000 - 0x00007ffbcdd12000 	C:\WINDOWS\System32\win32u.dll
0x00007ffbced50000 - 0x00007ffbced7b000 	C:\WINDOWS\System32\GDI32.dll
0x00007ffbcd9a0000 - 0x00007ffbcdab7000 	C:\WINDOWS\System32\gdi32full.dll
0x00007ffbcdc50000 - 0x00007ffbcdced000 	C:\WINDOWS\System32\msvcp_win.dll
0x00007ffbb7530000 - 0x00007ffbb77ca000 	C:\WINDOWS\WinSxS\amd64_microsoft.windows.common-controls_6595b64144ccf1df_6.0.19041.4355_none_60b8b9eb71f62e16\COMCTL32.dll
0x00007ffbcf890000 - 0x00007ffbcf92e000 	C:\WINDOWS\System32\msvcrt.dll
0x00007ffbd02a0000 - 0x00007ffbd02cf000 	C:\WINDOWS\System32\IMM32.DLL
0x00007ffbc82f0000 - 0x00007ffbc82fc000 	C:\Program Files\Zulu\zulu-23\bin\vcruntime140_1.dll
0x00007ffbaa440000 - 0x00007ffbaa4ce000 	C:\Program Files\Zulu\zulu-23\bin\msvcp140.dll
0x00007ffb960d0000 - 0x00007ffb96ea6000 	C:\Program Files\Zulu\zulu-23\bin\server\jvm.dll
0x00007ffbcfa10000 - 0x00007ffbcfac1000 	C:\WINDOWS\System32\ADVAPI32.dll
0x00007ffbd0200000 - 0x00007ffbd029f000 	C:\WINDOWS\System32\sechost.dll
0x00007ffbce440000 - 0x00007ffbce563000 	C:\WINDOWS\System32\RPCRT4.dll
0x00007ffbcde20000 - 0x00007ffbcde47000 	C:\WINDOWS\System32\bcrypt.dll
0x00007ffbce6b0000 - 0x00007ffbce71b000 	C:\WINDOWS\System32\WS2_32.dll
0x00007ffbcd800000 - 0x00007ffbcd84b000 	C:\WINDOWS\SYSTEM32\POWRPROF.dll
0x00007ffbba0c0000 - 0x00007ffbba0e7000 	C:\WINDOWS\SYSTEM32\WINMM.dll
0x00007ffbc4790000 - 0x00007ffbc479a000 	C:\WINDOWS\SYSTEM32\VERSION.dll
0x00007ffbcd7e0000 - 0x00007ffbcd7f2000 	C:\WINDOWS\SYSTEM32\UMPDC.dll
0x00007ffbcba00000 - 0x00007ffbcba12000 	C:\WINDOWS\SYSTEM32\kernel.appcore.dll
0x00007ffbc82d0000 - 0x00007ffbc82da000 	C:\Program Files\Zulu\zulu-23\bin\jimage.dll
0x00007ffbcb5d0000 - 0x00007ffbcb7b4000 	C:\WINDOWS\SYSTEM32\DBGHELP.DLL
0x00007ffbb2a00000 - 0x00007ffbb2a34000 	C:\WINDOWS\SYSTEM32\dbgcore.DLL
0x00007ffbcdbc0000 - 0x00007ffbcdc42000 	C:\WINDOWS\System32\bcryptPrimitives.dll
0x00007ffbc3600000 - 0x00007ffbc361e000 	C:\Program Files\Zulu\zulu-23\bin\java.dll
0x00007ffbcfad0000 - 0x00007ffbcfbfb000 	C:\WINDOWS\System32\ole32.dll
0x00007ffbce9f0000 - 0x00007ffbced45000 	C:\WINDOWS\System32\combase.dll
0x00007ffbcf070000 - 0x00007ffbcf7de000 	C:\WINDOWS\System32\SHELL32.dll
0x00007ffbcba20000 - 0x00007ffbcc1c4000 	C:\WINDOWS\SYSTEM32\windows.storage.dll
0x00007ffbcd300000 - 0x00007ffbcd32f000 	C:\WINDOWS\SYSTEM32\Wldp.dll
0x00007ffbce920000 - 0x00007ffbce9ed000 	C:\WINDOWS\System32\OLEAUT32.dll
0x00007ffbcef30000 - 0x00007ffbcefdd000 	C:\WINDOWS\System32\SHCORE.dll
0x00007ffbcfc10000 - 0x00007ffbcfc65000 	C:\WINDOWS\System32\shlwapi.dll
0x00007ffbcd8d0000 - 0x00007ffbcd8f4000 	C:\WINDOWS\SYSTEM32\profapi.dll
0x00007ffbab6f0000 - 0x00007ffbab7c7000 	C:\Program Files\Zulu\zulu-23\bin\jsvml.dll
0x00007ffbc7670000 - 0x00007ffbc7680000 	C:\Program Files\Zulu\zulu-23\bin\net.dll
0x00007ffbcd060000 - 0x00007ffbcd0ca000 	C:\WINDOWS\system32\mswsock.dll
0x00007ffbc2bd0000 - 0x00007ffbc2be6000 	C:\Program Files\Zulu\zulu-23\bin\nio.dll
0x00007ffbb7b00000 - 0x00007ffbb7b17000 	C:\Program Files\Zulu\zulu-23\bin\zip.dll
0x000001df17460000 - 0x000001df17464000 	C:\Program Files\Zulu\zulu-23\bin\javafx\api-ms-win-core-console-l1-1-0.dll
0x000001df17470000 - 0x000001df17474000 	C:\Program Files\Zulu\zulu-23\bin\javafx\api-ms-win-core-console-l1-2-0.dll
0x000001df17480000 - 0x000001df17484000 	C:\Program Files\Zulu\zulu-23\bin\javafx\api-ms-win-core-datetime-l1-1-0.dll
0x000001df194f0000 - 0x000001df194f4000 	C:\Program Files\Zulu\zulu-23\bin\javafx\api-ms-win-core-debug-l1-1-0.dll
0x000001df19500000 - 0x000001df19504000 	C:\Program Files\Zulu\zulu-23\bin\javafx\api-ms-win-core-errorhandling-l1-1-0.dll
0x000001df19510000 - 0x000001df19515000 	C:\Program Files\Zulu\zulu-23\bin\javafx\api-ms-win-core-file-l1-1-0.dll
0x000001df19520000 - 0x000001df19524000 	C:\Program Files\Zulu\zulu-23\bin\javafx\api-ms-win-core-file-l1-2-0.dll
0x000001df19530000 - 0x000001df19534000 	C:\Program Files\Zulu\zulu-23\bin\javafx\api-ms-win-core-file-l2-1-0.dll
0x000001df19540000 - 0x000001df19544000 	C:\Program Files\Zulu\zulu-23\bin\javafx\api-ms-win-core-handle-l1-1-0.dll
0x000001df19550000 - 0x000001df19554000 	C:\Program Files\Zulu\zulu-23\bin\javafx\api-ms-win-core-heap-l1-1-0.dll
0x000001df19560000 - 0x000001df19564000 	C:\Program Files\Zulu\zulu-23\bin\javafx\api-ms-win-core-interlocked-l1-1-0.dll
0x000001df36e00000 - 0x000001df36e04000 	C:\Program Files\Zulu\zulu-23\bin\javafx\api-ms-win-core-libraryloader-l1-1-0.dll
0x000001df36e10000 - 0x000001df36e14000 	C:\Program Files\Zulu\zulu-23\bin\javafx\api-ms-win-core-localization-l1-2-0.dll
0x000001df36e20000 - 0x000001df36e24000 	C:\Program Files\Zulu\zulu-23\bin\javafx\api-ms-win-core-memory-l1-1-0.dll
0x000001df36e30000 - 0x000001df36e34000 	C:\Program Files\Zulu\zulu-23\bin\javafx\api-ms-win-core-namedpipe-l1-1-0.dll
0x000001df36e40000 - 0x000001df36e44000 	C:\Program Files\Zulu\zulu-23\bin\javafx\api-ms-win-core-processenvironment-l1-1-0.dll
0x000001df36e50000 - 0x000001df36e54000 	C:\Program Files\Zulu\zulu-23\bin\javafx\api-ms-win-core-processthreads-l1-1-0.dll
0x000001df36e60000 - 0x000001df36e64000 	C:\Program Files\Zulu\zulu-23\bin\javafx\api-ms-win-core-processthreads-l1-1-1.dll
0x000001df36e70000 - 0x000001df36e74000 	C:\Program Files\Zulu\zulu-23\bin\javafx\api-ms-win-core-profile-l1-1-0.dll
0x000001df36e80000 - 0x000001df36e84000 	C:\Program Files\Zulu\zulu-23\bin\javafx\api-ms-win-core-rtlsupport-l1-1-0.dll
0x000001df36e90000 - 0x000001df36e94000 	C:\Program Files\Zulu\zulu-23\bin\javafx\api-ms-win-core-string-l1-1-0.dll
0x000001df36ea0000 - 0x000001df36ea4000 	C:\Program Files\Zulu\zulu-23\bin\javafx\api-ms-win-core-synch-l1-1-0.dll
0x000001df36eb0000 - 0x000001df36eb4000 	C:\Program Files\Zulu\zulu-23\bin\javafx\api-ms-win-core-synch-l1-2-0.dll
0x000001df36ec0000 - 0x000001df36ec4000 	C:\Program Files\Zulu\zulu-23\bin\javafx\api-ms-win-core-sysinfo-l1-1-0.dll
0x000001df36ed0000 - 0x000001df36ed4000 	C:\Program Files\Zulu\zulu-23\bin\javafx\api-ms-win-core-timezone-l1-1-0.dll
0x000001df36ee0000 - 0x000001df36ee4000 	C:\Program Files\Zulu\zulu-23\bin\javafx\api-ms-win-core-util-l1-1-0.dll
0x000001df36ef0000 - 0x000001df36ef4000 	C:\Program Files\Zulu\zulu-23\bin\javafx\api-ms-win-crt-conio-l1-1-0.dll
0x000001df36f00000 - 0x000001df36f05000 	C:\Program Files\Zulu\zulu-23\bin\javafx\api-ms-win-crt-convert-l1-1-0.dll
0x000001df36f10000 - 0x000001df36f14000 	C:\Program Files\Zulu\zulu-23\bin\javafx\api-ms-win-crt-environment-l1-1-0.dll
0x000001df36f20000 - 0x000001df36f24000 	C:\Program Files\Zulu\zulu-23\bin\javafx\api-ms-win-crt-filesystem-l1-1-0.dll
0x000001df36f30000 - 0x000001df36f34000 	C:\Program Files\Zulu\zulu-23\bin\javafx\api-ms-win-crt-heap-l1-1-0.dll
0x000001df36f40000 - 0x000001df36f44000 	C:\Program Files\Zulu\zulu-23\bin\javafx\api-ms-win-crt-locale-l1-1-0.dll
0x000001df36f50000 - 0x000001df36f56000 	C:\Program Files\Zulu\zulu-23\bin\javafx\api-ms-win-crt-math-l1-1-0.dll
0x000001df36f60000 - 0x000001df36f66000 	C:\Program Files\Zulu\zulu-23\bin\javafx\api-ms-win-crt-multibyte-l1-1-0.dll
0x000001df36f70000 - 0x000001df36f81000 	C:\Program Files\Zulu\zulu-23\bin\javafx\api-ms-win-crt-private-l1-1-0.dll
0x000001df36f90000 - 0x000001df36f94000 	C:\Program Files\Zulu\zulu-23\bin\javafx\api-ms-win-crt-process-l1-1-0.dll
0x000001df36fa0000 - 0x000001df36fa5000 	C:\Program Files\Zulu\zulu-23\bin\javafx\api-ms-win-crt-runtime-l1-1-0.dll
0x000001df36fb0000 - 0x000001df36fb5000 	C:\Program Files\Zulu\zulu-23\bin\javafx\api-ms-win-crt-stdio-l1-1-0.dll
0x000001df36fc0000 - 0x000001df36fc5000 	C:\Program Files\Zulu\zulu-23\bin\javafx\api-ms-win-crt-string-l1-1-0.dll
0x000001df36fd0000 - 0x000001df36fd4000 	C:\Program Files\Zulu\zulu-23\bin\javafx\api-ms-win-crt-time-l1-1-0.dll
0x000001df36fe0000 - 0x000001df36fe4000 	C:\Program Files\Zulu\zulu-23\bin\javafx\api-ms-win-crt-utility-l1-1-0.dll
0x00007ffba95e0000 - 0x00007ffba96f0000 	C:\Program Files\Zulu\zulu-23\bin\javafx\ucrtbase.dll
0x00007ffbc6220000 - 0x00007ffbc623b000 	C:\Program Files\Zulu\zulu-23\bin\javafx\vcruntime140.dll
0x00007ffbc82e0000 - 0x00007ffbc82ec000 	C:\Program Files\Zulu\zulu-23\bin\javafx\vcruntime140_1.dll
0x00007ffbaba10000 - 0x00007ffbaba9e000 	C:\Program Files\Zulu\zulu-23\bin\javafx\msvcp140.dll
0x00007ffbc8290000 - 0x00007ffbc8299000 	C:\Program Files\Zulu\zulu-23\bin\javafx\msvcp140_1.dll
0x00007ffbbbe80000 - 0x00007ffbbbec1000 	C:\Program Files\Zulu\zulu-23\bin\javafx\msvcp140_2.dll
0x00007ffbc5b90000 - 0x00007ffbc5bc0000 	C:\Program Files\Zulu\zulu-23\bin\javafx\prism_d3d.dll
0x00007ffbaa060000 - 0x00007ffbaa231000 	C:\WINDOWS\system32\d3d9.dll
0x00007ffbcb3c0000 - 0x00007ffbcb3ef000 	C:\WINDOWS\SYSTEM32\dwmapi.dll
0x00007ffbcaf90000 - 0x00007ffbcb02e000 	C:\WINDOWS\system32\uxtheme.dll
0x00007ffb97d40000 - 0x00007ffb97ea5000 	C:\WINDOWS\System32\DriverStore\FileRepository\iigd_dch.inf_amd64_4b31d9b38e2bb506\igdumdim64.dll
0x00007ffb70cd0000 - 0x00007ffb7495b000 	C:\WINDOWS\System32\DriverStore\FileRepository\iigd_dch.inf_amd64_4b31d9b38e2bb506\igd9dxva64.dll
0x00007ffbcfc70000 - 0x00007ffbd00e1000 	C:\WINDOWS\System32\SETUPAPI.dll
0x00007ffbcddd0000 - 0x00007ffbcde1e000 	C:\WINDOWS\System32\cfgmgr32.dll
0x00007ffbc02d0000 - 0x00007ffbc0606000 	C:\WINDOWS\System32\DriverStore\FileRepository\iigd_dch.inf_amd64_4b31d9b38e2bb506\igdgmm64.dll
0x00007ffbab6a0000 - 0x00007ffbab6e5000 	C:\Program Files\Zulu\zulu-23\bin\javafx\glass.dll
0x00007ffbce570000 - 0x00007ffbce64a000 	C:\WINDOWS\System32\COMDLG32.dll
0x00007ffbce320000 - 0x00007ffbce435000 	C:\WINDOWS\System32\MSCTF.dll
0x00007ffba9a20000 - 0x00007ffba9a47000 	C:\WINDOWS\System32\DriverStore\FileRepository\iigd_dch.inf_amd64_4b31d9b38e2bb506\igdinfo64.dll
0x00007ffbcd250000 - 0x00007ffbcd268000 	C:\WINDOWS\SYSTEM32\CRYPTSP.dll
0x00007ffbcc980000 - 0x00007ffbcc9b4000 	C:\WINDOWS\system32\rsaenh.dll
0x00007ffbcd270000 - 0x00007ffbcd27c000 	C:\WINDOWS\SYSTEM32\CRYPTBASE.dll
0x00007ffbbd540000 - 0x00007ffbc02cf000 	C:\WINDOWS\System32\DriverStore\FileRepository\iigd_dch.inf_amd64_4b31d9b38e2bb506\igc64.dll
0x00007ffbc1aa0000 - 0x00007ffbc1adb000 	C:\WINDOWS\SYSTEM32\dxcore.dll
0x00007ffbcf7e0000 - 0x00007ffbcf889000 	C:\WINDOWS\System32\clbcatq.dll
0x00007ffbc3f20000 - 0x00007ffbc405f000 	C:\Windows\System32\Windows.UI.dll
0x00007ffbc3cc0000 - 0x00007ffbc3e12000 	C:\Windows\System32\InputHost.dll
0x00007ffbc3e20000 - 0x00007ffbc3f19000 	C:\Windows\System32\TextInputFramework.dll
0x00007ffbca740000 - 0x00007ffbca836000 	C:\Windows\System32\PROPSYS.dll
0x00007ffbc9cb0000 - 0x00007ffbc9da2000 	C:\Windows\System32\CoreMessaging.dll
0x00007ffbc9720000 - 0x00007ffbc9a7b000 	C:\Windows\System32\CoreUIComponents.dll
0x00007ffbc9fc0000 - 0x00007ffbca117000 	C:\WINDOWS\SYSTEM32\wintypes.dll
0x00007ffbc6a10000 - 0x00007ffbc6ab1000 	C:\Windows\System32\WindowManagementAPI.dll
0x00007ffbccbd0000 - 0x00007ffbccc03000 	C:\WINDOWS\SYSTEM32\ntmarta.dll
0x00007ffbc6800000 - 0x00007ffbc6a03000 	C:\WINDOWS\SYSTEM32\twinapi.appcore.dll
0x00007ffbc2280000 - 0x00007ffbc23b8000 	C:\Windows\System32\Windows.UI.Immersive.dll
0x00007ffbc3b40000 - 0x00007ffbc3b6d000 	C:\Program Files\Zulu\zulu-23\bin\javafx\javafx_iio.dll
0x00007ffbbbd00000 - 0x00007ffbbbd15000 	C:\Program Files\Zulu\zulu-23\bin\javafx\javafx_font.dll
0x00007ffbbd2c0000 - 0x00007ffbbd53f000 	C:\WINDOWS\SYSTEM32\dwrite.dll
0x00007ffbcadd0000 - 0x00007ffbcaf84000 	C:\WINDOWS\SYSTEM32\WindowsCodecs.dll

dbghelp: loaded successfully - version: 4.0.5 - missing functions: none
symbol engine: initialized successfully - sym options: 0x614 - pdb path: .;C:\Program Files\Zulu\zulu-23\bin;C:\WINDOWS\SYSTEM32;C:\WINDOWS\WinSxS\amd64_microsoft.windows.common-controls_6595b64144ccf1df_6.0.19041.4355_none_60b8b9eb71f62e16;C:\Program Files\Zulu\zulu-23\bin\server;C:\Program Files\Zulu\zulu-23\bin\javafx;C:\WINDOWS\System32\DriverStore\FileRepository\iigd_dch.inf_amd64_4b31d9b38e2bb506;C:\Program Files\Common Files\Microsoft Shared\Ink

VM Arguments:
jvm_args: -Dfile.encoding=UTF-8 --module-path=C:\Users\lenovo\Downloads\openjfx-23.0.1_windows-x64_bin-sdk\javafx-sdk-23.0.1\lib --add-modules=javafx.controls,javafx.fxml --module-path=C:\Users\lenovo\Documents\NetBeansProjects\RentCar\build\classes;C:\Users\lenovo\Downloads\openjfx-23.0.1_windows-x64_bin-sdk\javafx-sdk-23.0.1\lib\javafx-swt.jar;C:\Users\lenovo\Downloads\openjfx-23.0.1_windows-x64_bin-sdk\javafx-sdk-23.0.1\lib\javafx.base.jar;C:\Users\lenovo\Downloads\openjfx-23.0.1_windows-x64_bin-sdk\javafx-sdk-23.0.1\lib\javafx.controls.jar;C:\Users\lenovo\Downloads\openjfx-23.0.1_windows-x64_bin-sdk\javafx-sdk-23.0.1\lib\javafx.fxml.jar;C:\Users\lenovo\Downloads\openjfx-23.0.1_windows-x64_bin-sdk\javafx-sdk-23.0.1\lib\javafx.graphics.jar;C:\Users\lenovo\Downloads\openjfx-23.0.1_windows-x64_bin-sdk\javafx-sdk-23.0.1\lib\javafx.media.jar;C:\Users\lenovo\Downloads\openjfx-23.0.1_windows-x64_bin-sdk\javafx-sdk-23.0.1\lib\javafx.swing.jar;C:\Users\lenovo\Downloads\openjfx-23.0.1_windows-x64_bin-sdk\javafx-sdk-23.0.1\lib\javafx.web.jar 
java_command: NewFXMain
java_class_path (initial): C:\Users\lenovo\Downloads\openjfx-23.0.1_windows-x64_bin-sdk\javafx-sdk-23.0.1\lib\javafx-swt.jar;C:\Users\lenovo\Downloads\openjfx-23.0.1_windows-x64_bin-sdk\javafx-sdk-23.0.1\lib\javafx.base.jar;C:\Users\lenovo\Downloads\openjfx-23.0.1_windows-x64_bin-sdk\javafx-sdk-23.0.1\lib\javafx.controls.jar;C:\Users\lenovo\Downloads\openjfx-23.0.1_windows-x64_bin-sdk\javafx-sdk-23.0.1\lib\javafx.fxml.jar;C:\Users\lenovo\Downloads\openjfx-23.0.1_windows-x64_bin-sdk\javafx-sdk-23.0.1\lib\javafx.graphics.jar;C:\Users\lenovo\Downloads\openjfx-23.0.1_windows-x64_bin-sdk\javafx-sdk-23.0.1\lib\javafx.media.jar;C:\Users\lenovo\Downloads\openjfx-23.0.1_windows-x64_bin-sdk\javafx-sdk-23.0.1\lib\javafx.swing.jar;C:\Users\lenovo\Downloads\openjfx-23.0.1_windows-x64_bin-sdk\javafx-sdk-23.0.1\lib\javafx.web.jar;C:\Users\lenovo\Desktop\mysql-connector-j-9.1.0\mysql-connector-j-9.1.0\mysql-connector-j-9.1.0.jar;C:\Users\lenovo\Documents\NetBeansProjects\RentCar\build\classes
Launcher Type: SUN_STANDARD

[Global flags]
     intx CICompilerCount                          = 3                                         {product} {ergonomic}
     uint ConcGCThreads                            = 1                                         {product} {ergonomic}
     uint G1ConcRefinementThreads                  = 4                                         {product} {ergonomic}
   size_t G1HeapRegionSize                         = 1048576                                   {product} {ergonomic}
   size_t InitialHeapSize                          = 132120576                                 {product} {ergonomic}
   size_t MarkStackSize                            = 4194304                                   {product} {ergonomic}
   size_t MarkStackSizeMax                         = 536870912                                 {product} {ergonomic}
   size_t MaxHeapSize                              = 2105540608                                {product} {ergonomic}
   size_t MaxNewSize                               = 1262485504                                {product} {ergonomic}
   size_t MinHeapDeltaBytes                        = 1048576                                   {product} {ergonomic}
   size_t MinHeapSize                              = 8388608                                   {product} {ergonomic}
    uintx NonNMethodCodeHeapSize                   = 5832704                                {pd product} {ergonomic}
    uintx NonProfiledCodeHeapSize                  = 122945536                              {pd product} {ergonomic}
    uintx ProfiledCodeHeapSize                     = 122880000                              {pd product} {ergonomic}
    uintx ReservedCodeCacheSize                    = 251658240                              {pd product} {ergonomic}
     bool SegmentedCodeCache                       = true                                      {product} {ergonomic}
   size_t SoftMaxHeapSize                          = 2105540608                             {manageable} {ergonomic}
     bool UseCompressedOops                        = true                           {product lp64_product} {ergonomic}
     bool UseG1GC                                  = true                                      {product} {ergonomic}
     bool UseLargePagesIndividualAllocation        = false                                  {pd product} {ergonomic}

Logging:
Log output configuration:
 #0: stdout all=warning uptime,level,tags foldmultilines=false
 #1: stderr all=off uptime,level,tags foldmultilines=false

Environment Variables:
JAVA_HOME=C:\Program Files\Java\jdk-23
PATH=C:\Program Files\Zulu\zulu-23\bin\;C:\oraclexe\app\oracle\product\11.2.0\server\bin;C:\Program Files\Common Files\Oracle\Java\javapath;C:\Program Files (x86)\Common Files\Oracle\Java\javapath;C:\Windows\system32;C:\Windows;C:\Windows\System32\Wbem;C:\Windows\System32\WindowsPowerShell\v1.0\;C:\WINDOWS\system32;C:\WINDOWS;C:\WINDOWS\System32\Wbem;C:\WINDOWS\System32\WindowsPowerShell\v1.0\;C:\WINDOWS\System32\OpenSSH\;C:\Users\lenovo\AppData\Roaming\Python\Python37\Scripts;C:\Users\lenovo\AppData\Local\Programs\Python\Python310;C:\Users\lenovo\AppData\Local\Programs\Python\Python310\Scripts;C:\Program Files\NVIDIA Corporation\NVIDIA NvDLISR;C:\cmder;C:\Program Files\nodejs\;C:\Program Files (x86)\NVIDIA Corporation\PhysX\Common;C:\Program Files\Git\cmd;C:\Program Files\Java\jdk-23\bin;C:\Program Files\MongoDB\Server\8.0\bin;C:\Users\lenovo\AppData\Local\Microsoft\WindowsApps;C:\Users\lenovo\AppData\Local\Programs\Python\Python310;C:\Users\lenovo\AppData\Local\Programs\Python\Python310\Scripts;C:\Users\lenovo\AppData\Local\Programs\Microsoft VS Code\bin;C:\kotlinc\bin;C:\Program Files\JetBrains\IntelliJ IDEA Community Edition 2022.2.3\bin;;C:\Program Files\Java\jdk-19\bin;C:\Program Files\Java\jre1.8.0_321\bin;C:\cmder;C:\MinGW\bin;C:\Users\lenovo\AppData\Roaming\npm
USERNAME=lenovo
OS=Windows_NT
PROCESSOR_IDENTIFIER=Intel64 Family 6 Model 142 Stepping 12, GenuineIntel
TMP=C:\Users\lenovo\AppData\Local\Temp
TEMP=C:\Users\lenovo\AppData\Local\Temp




Periodic native trim disabled

---------------  S Y S T E M  ---------------

OS:
 Windows 10 , 64 bit Build 19041 (10.0.19041.5198)
OS uptime: 0 days 12:38 hours

CPU: total 4 (initial active 4) (2 cores per cpu, 2 threads per core) family 6 model 142 stepping 12 microcode 0xea, cx8, cmov, fxsr, ht, mmx, 3dnowpref, sse, sse2, sse3, ssse3, sse4.1, sse4.2, popcnt, lzcnt, tsc, tscinvbit, avx, avx2, aes, erms, clmul, bmi1, bmi2, adx, fma, vzeroupper, clflush, clflushopt, rdtscp, f16c
Processor Information for the first 4 processors :
  Max Mhz: 2592, Current Mhz: 2093, Mhz Limit: 2073

Memory: 4k page, system-wide physical 8027M (450M free)
TotalPageFile size 12123M (AvailPageFile size 4M)
current process WorkingSet (physical memory assigned to process): 689M, peak: 689M
current process commit charge ("private bytes"): 712M, peak: 713M

vm_info: OpenJDK 64-Bit Server VM (23.0.1+11) for windows-amd64 JRE (23.0.1+11) (Zulu23.30+13-CA), built on 2024-10-04T17:23:40Z with MS VC++ 17.1 (VS2022)

END.
